Component: ARM Compiler 5.06 update 3 (build 300) Tool: armlink [4d35c9]

==============================================================================

Section Cross References

    main.o(i.AppTask) refers to led.o(i.Led_init) for Led_init
    main.o(i.AppTask) refers to led.o(i.Led_Set) for Led_Set
    main.o(i.AppTask) refers to tasks.o(i.vTaskDelay) for vTaskDelay
    main.o(i.main) refers to misc.o(i.NVIC_PriorityGroupConfig) for NVIC_PriorityGroupConfig
    main.o(i.main) refers to usart.o(i.USART1_init) for USART1_init
    main.o(i.main) refers to usart.o(i.USART2_init) for USART2_init
    main.o(i.main) refers to usart.o(i.USART6_init) for USART6_init
    main.o(i.main) refers to tasks.o(i.xTaskCreate) for xTaskCreate
    main.o(i.main) refers to usarttask.o(i.Start_Usart_Task) for Start_Usart_Task
    main.o(i.main) refers to seniortask.o(i.initSeniorTask) for initSeniorTask
    main.o(i.main) refers to mainflytask.o(i.start_Main_Fly_Task) for start_Main_Fly_Task
    main.o(i.main) refers to tasks.o(i.vTaskStartScheduler) for vTaskStartScheduler
    main.o(i.main) refers to main.o(.data) for .data
    main.o(i.main) refers to main.o(i.AppTask) for AppTask
    system_stm32f4xx.o(i.SystemCoreClockUpdate) refers to system_stm32f4xx.o(.data) for .data
    system_stm32f4xx.o(i.SystemInit) refers to system_stm32f4xx.o(i.SetSysClock) for SetSysClock
    gfly.o(i.Gfly_Event_Thread) refers to _printf_percent.o(.ARM.Collect$$_printf_percent$$00000000) for _printf_percent
    gfly.o(i.Gfly_Event_Thread) refers to _printf_d.o(.ARM.Collect$$_printf_percent$$00000009) for _printf_d
    gfly.o(i.Gfly_Event_Thread) refers to _printf_f.o(.ARM.Collect$$_printf_percent$$00000003) for _printf_f
    gfly.o(i.Gfly_Event_Thread) refers to _printf_dec.o(.text) for _printf_int_dec
    gfly.o(i.Gfly_Event_Thread) refers to printf1.o(x$fpl$printf1) for _printf_fp_dec
    gfly.o(i.Gfly_Event_Thread) refers to f2d.o(x$fpl$f2d) for __aeabi_f2d
    gfly.o(i.Gfly_Event_Thread) refers to noretval__2printf.o(.text) for __2printf
    gfly.o(i.Gfly_Event_Thread) refers to gfly.o(i.basicDataSend) for basicDataSend
    gfly.o(i.Gfly_Event_Thread) refers to gfly.o(i.throttleDataSend) for throttleDataSend
    gfly.o(i.Gfly_Event_Thread) refers to gfly.o(i.sendPid) for sendPid
    gfly.o(i.Gfly_Event_Thread) refers to gfly.o(.data) for .data
    gfly.o(i.Gfly_Event_Thread) refers to gfly.o(.conststring) for .conststring
    gfly.o(i.Gfly_HardWare_Init) refers to usart.o(i.USART1_init) for USART1_init
    gfly.o(i.Gfly_HardWare_Init) refers to usart.o(i.USART6_init) for USART6_init
    gfly.o(i.Gfly_HardWare_Init) refers to noretval__2printf.o(.text) for __2printf
    gfly.o(i.Gfly_HardWare_Init) refers to iic.o(i.IIC_Init) for IIC_Init
    gfly.o(i.Gfly_HardWare_Init) refers to motor.o(i.motorInit) for motorInit
    gfly.o(i.Gfly_HardWare_Init) refers to mpu6050.o(i.MPU6050_initialize) for MPU6050_initialize
    gfly.o(i.Gfly_HardWare_Init) refers to mpu6050.o(i.DMP_Init) for DMP_Init
    gfly.o(i.Gfly_HardWare_Init) refers to delay.o(i.delay_ms) for delay_ms
    gfly.o(i.Gfly_Main_Thread) refers to gfly.o(i.double_PID) for double_PID
    gfly.o(i.Gfly_Safety_Check) refers to noretval__2printf.o(.text) for __2printf
    gfly.o(i.Gfly_Safety_Check) refers to gfly.o(.data) for .data
    gfly.o(i.Gfly_Safety_Check) refers to gfly.o(.conststring) for .conststring
    gfly.o(i.Gfly_SoftWare_Init) refers to gfly.o(i.Gfly_show) for Gfly_show
    gfly.o(i.Gfly_SoftWare_Init) refers to gfly.o(i.show_PID) for show_PID
    gfly.o(i.Gfly_Tick) refers to gfly.o(i.double_PID) for double_PID
    gfly.o(i.Gfly_Tick) refers to gfly.o(i.Gfly_Event_Thread) for Gfly_Event_Thread
    gfly.o(i.Gfly_Tick) refers to stm32f4xx_gpio.o(i.GPIO_SetBits) for GPIO_SetBits
    gfly.o(i.Gfly_Tick) refers to stm32f4xx_gpio.o(i.GPIO_ResetBits) for GPIO_ResetBits
    gfly.o(i.Gfly_Tick) refers to gfly.o(.data) for .data
    gfly.o(i.Gfly_show) refers to noretval__2printf.o(.text) for __2printf
    gfly.o(i.RecData) refers to gfly.o(.data) for .data
    gfly.o(i.Signal_PID) refers to gfly.o(i.Gfly_Safety_Check) for Gfly_Safety_Check
    gfly.o(i.Signal_PID) refers to mpu6050.o(i.Read_DMP) for Read_DMP
    gfly.o(i.Signal_PID) refers to mpu6050.o(i.MPU_Get_Gyroscope) for MPU_Get_Gyroscope
    gfly.o(i.Signal_PID) refers to gfly.o(i.pid_signal_pitch) for pid_signal_pitch
    gfly.o(i.Signal_PID) refers to gfly.o(i.pid_signal_roll) for pid_signal_roll
    gfly.o(i.Signal_PID) refers to gfly.o(i.pid_signal_yaw) for pid_signal_yaw
    gfly.o(i.Signal_PID) refers to gfly.o(i.apply_motor_output) for apply_motor_output
    gfly.o(i.Signal_PID) refers to gfly.o(.data) for .data
    gfly.o(i.apply_motor_output) refers to motor.o(i.setMotor_H_def) for setMotor_H_def
    gfly.o(i.apply_motor_output) refers to gfly.o(.data) for .data
    gfly.o(i.basicDataPrash) refers to _printf_percent.o(.ARM.Collect$$_printf_percent$$00000000) for _printf_percent
[...]
    DMA2_Stream7_IRQHandler                  0x0800037f   Thumb Code     0  startup_stm32f411xe.o(.text)
    EXTI0_IRQHandler                         0x0800037f   Thumb Code     0  startup_stm32f411xe.o(.text)
    EXTI15_10_IRQHandler                     0x0800037f   Thumb Code     0  startup_stm32f411xe.o(.text)
    EXTI1_IRQHandler                         0x0800037f   Thumb Code     0  startup_stm32f411xe.o(.text)
    EXTI2_IRQHandler                         0x0800037f   Thumb Code     0  startup_stm32f411xe.o(.text)
    EXTI3_IRQHandler                         0x0800037f   Thumb Code     0  startup_stm32f411xe.o(.text)
    EXTI4_IRQHandler                         0x0800037f   Thumb Code     0  startup_stm32f411xe.o(.text)
    EXTI9_5_IRQHandler                       0x0800037f   Thumb Code     0  startup_stm32f411xe.o(.text)
    FLASH_IRQHandler                         0x0800037f   Thumb Code     0  startup_stm32f411xe.o(.text)
    FPU_IRQHandler                           0x0800037f   Thumb Code     0  startup_stm32f411xe.o(.text)
    I2C1_ER_IRQHandler                       0x0800037f   Thumb Code     0  startup_stm32f411xe.o(.text)
    I2C1_EV_IRQHandler                       0x0800037f   Thumb Code     0  startup_stm32f411xe.o(.text)
    I2C2_ER_IRQHandler                       0x0800037f   Thumb Code     0  startup_stm32f411xe.o(.text)
    I2C2_EV_IRQHandler                       0x0800037f   Thumb Code     0  startup_stm32f411xe.o(.text)
    I2C3_ER_IRQHandler                       0x0800037f   Thumb Code     0  startup_stm32f411xe.o(.text)
    I2C3_EV_IRQHandler                       0x0800037f   Thumb Code     0  startup_stm32f411xe.o(.text)
    OTG_FS_IRQHandler                        0x0800037f   Thumb Code     0  startup_stm32f411xe.o(.text)
    OTG_FS_WKUP_IRQHandler                   0x0800037f   Thumb Code     0  startup_stm32f411xe.o(.text)
    PVD_IRQHandler                           0x0800037f   Thumb Code     0  startup_stm32f411xe.o(.text)
    RCC_IRQHandler                           0x0800037f   Thumb Code     0  startup_stm32f411xe.o(.text)
    RTC_Alarm_IRQHandler                     0x0800037f   Thumb Code     0  startup_stm32f411xe.o(.text)
    RTC_WKUP_IRQHandler                      0x0800037f   Thumb Code     0  startup_stm32f411xe.o(.text)
    SDIO_IRQHandler                          0x0800037f   Thumb Code     0  startup_stm32f411xe.o(.text)
    SPI1_IRQHandler                          0x0800037f   Thumb Code     0  startup_stm32f411xe.o(.text)
    SPI2_IRQHandler                          0x0800037f   Thumb Code     0  startup_stm32f411xe.o(.text)
    SPI3_IRQHandler                          0x0800037f   Thumb Code     0  startup_stm32f411xe.o(.text)
    SPI4_IRQHandler                          0x0800037f   Thumb Code     0  startup_stm32f411xe.o(.text)
    SPI5_IRQHandler                          0x0800037f   Thumb Code     0  startup_stm32f411xe.o(.text)
    TAMP_STAMP_IRQHandler                    0x0800037f   Thumb Code     0  startup_stm32f411xe.o(.text)
    TIM1_BRK_TIM9_IRQHandler                 0x0800037f   Thumb Code     0  startup_stm32f411xe.o(.text)
    TIM1_CC_IRQHandler                       0x0800037f   Thumb Code     0  startup_stm32f411xe.o(.text)
    TIM1_TRG_COM_TIM11_IRQHandler            0x0800037f   Thumb Code     0  startup_stm32f411xe.o(.text)
    TIM1_UP_TIM10_IRQHandler                 0x0800037f   Thumb Code     0  startup_stm32f411xe.o(.text)
    TIM2_IRQHandler                          0x0800037f   Thumb Code     0  startup_stm32f411xe.o(.text)
    TIM4_IRQHandler                          0x0800037f   Thumb Code     0  startup_stm32f411xe.o(.text)
    TIM5_IRQHandler                          0x0800037f   Thumb Code     0  startup_stm32f411xe.o(.text)
    WWDG_IRQHandler                          0x0800037f   Thumb Code     0  startup_stm32f411xe.o(.text)
    __user_initial_stackheap                 0x08000381   Thumb Code     0  startup_stm32f411xe.o(.text)
    __use_no_semihosting                     0x080003a5   Thumb Code     2  use_no_semi_2.o(.text)
    __aeabi_ldivmod                          0x080003a7   Thumb Code     0  llsdiv.o(.text)
    _ll_sdiv                                 0x080003a7   Thumb Code    72  llsdiv.o(.text)
    __2printf                                0x080003f1   Thumb Code    20  noretval__2printf.o(.text)
    _printf_str                              0x08000409   Thumb Code    82  _printf_str.o(.text)
    _printf_int_dec                          0x0800045d   Thumb Code   104  _printf_dec.o(.text)
    _printf_int_hex                          0x080004d5   Thumb Code    84  _printf_hex_int.o(.text)
    _printf_longlong_hex                     0x080004d5   Thumb Code     0  _printf_hex_int.o(.text)
    __printf                                 0x0800052d   Thumb Code   352  __printf_ss_wp.o(.text)
    memcmp                                   0x0800068d   Thumb Code    88  memcmp.o(.text)
    __aeabi_memcpy                           0x080006e5   Thumb Code     0  rt_memcpy_v6.o(.text)
    __rt_memcpy                              0x080006e5   Thumb Code   138  rt_memcpy_v6.o(.text)
    _memcpy_lastbytes                        0x0800074b   Thumb Code     0  rt_memcpy_v6.o(.text)
    __aeabi_memset                           0x0800076f   Thumb Code    16  aeabi_memset.o(.text)
    __aeabi_memclr                           0x0800077f   Thumb Code     0  rt_memclr.o(.text)
    __rt_memclr                              0x0800077f   Thumb Code    68  rt_memclr.o(.text)
    _memset                                  0x08000783   Thumb Code     0  rt_memclr.o(.text)
    __aeabi_memclr4                          0x080007c3   Thumb Code     0  rt_memclr_w.o(.text)
    __aeabi_memclr8                          0x080007c3   Thumb Code     0  rt_memclr_w.o(.text)
    __rt_memclr_w                            0x080007c3   Thumb Code    78  rt_memclr_w.o(.text)
    _memset_w                                0x080007c7   Thumb Code     0  rt_memclr_w.o(.text)
    __use_two_region_memory                  0x08000811   Thumb Code     2  heapauxi.o(.text)
    __rt_heap_escrow$2region                 0x08000813   Thumb Code     2  heapauxi.o(.text)
    __rt_heap_expand$2region                 0x08000815   Thumb Code     2  heapauxi.o(.text)
    __I$use$semihosting                      0x08000817   Thumb Code     0  use_no_semi.o(.text)
    __use_no_semihosting_swi                 0x08000817   Thumb Code     2  use_no_semi.o(.text)
    __aeabi_uldivmod                         0x08000819   Thumb Code     0  lludivv7m.o(.text)
    _ll_udiv                                 0x08000819   Thumb Code   238  lludivv7m.o(.text)
    __read_errno                             0x08000907   Thumb Code    10  _rserrno.o(.text)
    __set_errno                              0x08000911   Thumb Code    12  _rserrno.o(.text)
    _printf_int_common                       0x0800091d   Thumb Code   178  _printf_intcommon.o(.text)
    __lib_sel_fp_printf                      0x080009cf   Thumb Code     2  _printf_fp_dec.o(.text)
    _printf_fp_dec_real                      0x08000b7d   Thumb Code   620  _printf_fp_dec.o(.text)
    _printf_cs_common                        0x08000de9   Thumb Code    20  _printf_char.o(.text)
    _printf_char                             0x08000dfd   Thumb Code    16  _printf_char.o(.text)
    _printf_string                           0x08000e0d   Thumb Code     8  _printf_char.o(.text)
    _printf_char_file                        0x08000e15   Thumb Code    32  _printf_char_file.o(.text)
    __aeabi_memcpy4                          0x08000e39   Thumb Code     0  rt_memcpy_w.o(.text)
    __aeabi_memcpy8                          0x08000e39   Thumb Code     0  rt_memcpy_w.o(.text)
    __rt_memcpy_w                            0x08000e39   Thumb Code   100  rt_memcpy_w.o(.text)
    _memcpy_lastbytes_aligned                0x08000e81   Thumb Code     0  rt_memcpy_w.o(.text)
    __rt_locale                              0x08000e9d   Thumb Code     8  rt_locale_intlibspace.o(.text)
    __aeabi_errno_addr                       0x08000ea5   Thumb Code     8  rt_errno_addr_intlibspace.o(.text)
    __errno$intlibspace                      0x08000ea5   Thumb Code     0  rt_errno_addr_intlibspace.o(.text)
    __rt_errno_addr$intlibspace              0x08000ea5   Thumb Code     0  rt_errno_addr_intlibspace.o(.text)
    _ll_udiv10                               0x08000ead   Thumb Code   138  lludiv10.o(.text)
    _printf_char_common                      0x08000f43   Thumb Code    32  _printf_char_common.o(.text)
    _printf_fp_infnan                        0x08000f69   Thumb Code   112  _printf_fp_infnan.o(.text)
    _btod_etento                             0x08000fe9   Thumb Code   216  bigflt0.o(.text)
    ferror                                   0x080010c5   Thumb Code     8  ferror.o(.text)
    __user_libspace                          0x080010cd   Thumb Code     8  libspace.o(.text)
    __user_perproc_libspace                  0x080010cd   Thumb Code     0  libspace.o(.text)
    __user_perthread_libspace                0x080010cd   Thumb Code     0  libspace.o(.text)
    __user_setup_stackheap                   0x080010d5   Thumb Code    74  sys_stackheap_outer.o(.text)
    exit                                     0x0800111f   Thumb Code    18  exit.o(.text)
    strcmp                                   0x08001131   Thumb Code   128  strcmpv7m.o(.text)
    _btod_d2e                                0x080011b1   Thumb Code    62  btod.o(CL$$btod_d2e)
    _d2e_denorm_low                          0x080011ef   Thumb Code    70  btod.o(CL$$btod_d2e_denorm_low)
    _d2e_norm_op1                            0x08001235   Thumb Code    96  btod.o(CL$$btod_d2e_norm_op1)
    __btod_div_common                        0x08001295   Thumb Code   696  btod.o(CL$$btod_div_common)
    _e2e                                     0x080015cd   Thumb Code   198  btod.o(CL$$btod_e2e)
    _btod_ediv                               0x08001693   Thumb Code    40  btod.o(CL$$btod_ediv)
    _btod_emul                               0x080016bb   Thumb Code    40  btod.o(CL$$btod_emul)
    __btod_mult_common                       0x080016e3   Thumb Code   580  btod.o(CL$$btod_mult_common)
    BusFault_Handler                         0x0800194d   Thumb Code     2  stm32f4xx_it.o(i.BusFault_Handler)
    DMP_Init                                 0x08001951   Thumb Code   220  mpu6050.o(i.DMP_Init)
    DebugMon_Handler                         0x08001ba5   Thumb Code     2  stm32f4xx_it.o(i.DebugMon_Handler)
    GPIO_Init                                0x08001baf   Thumb Code   120  stm32f4xx_gpio.o(i.GPIO_Init)
    GPIO_PinAFConfig                         0x08001c27   Thumb Code    32  stm32f4xx_gpio.o(i.GPIO_PinAFConfig)
    GPIO_ResetBits                           0x08001c47   Thumb Code     4  stm32f4xx_gpio.o(i.GPIO_ResetBits)
    GPIO_SetBits                             0x08001c4b   Thumb Code     4  stm32f4xx_gpio.o(i.GPIO_SetBits)
    HardFault_Handler                        0x08001c75   Thumb Code     2  stm32f4xx_it.o(i.HardFault_Handler)
    I2C_ReadOneByte                          0x08001c77   Thumb Code    62  iic.o(i.I2C_ReadOneByte)
    IIC_Ack                                  0x08001cb5   Thumb Code    52  iic.o(i.IIC_Ack)
    IIC_Delay                                0x08001cf1   Thumb Code     8  iic.o(i.IIC_Delay)
    IIC_Init                                 0x08001cf9   Thumb Code    46  iic.o(i.IIC_Init)
    IIC_NAck                                 0x08001d2d   Thumb Code    52  iic.o(i.IIC_NAck)
    IIC_Read_Byte                            0x08001d69   Thumb Code    82  iic.o(i.IIC_Read_Byte)
    IIC_Send_Byte                            0x08001dc5   Thumb Code    82  iic.o(i.IIC_Send_Byte)
    IIC_Start                                0x08001e21   Thumb Code    70  iic.o(i.IIC_Start)
    IIC_Stop                                 0x08001e71   Thumb Code    54  iic.o(i.IIC_Stop)
    IIC_Wait_Ack                             0x08001eb1   Thumb Code    72  iic.o(i.IIC_Wait_Ack)
    IICreadByte                              0x08001f01   Thumb Code    14  iic.o(i.IICreadByte)
    IICreadBytes                             0x08001f0f   Thumb Code    92  iic.o(i.IICreadBytes)
    IICwriteBit                              0x08001f6b   Thumb Code    48  iic.o(i.IICwriteBit)
    IICwriteBits                             0x08001f9b   Thumb Code    84  iic.o(i.IICwriteBits)
    IICwriteByte                             0x08001fef   Thumb Code    12  iic.o(i.IICwriteByte)
    IICwriteBytes                            0x08001ffb   Thumb Code    68  iic.o(i.IICwriteBytes)
    Led_Set                                  0x08002041   Thumb Code    36  led.o(i.Led_Set)
    Led_init                                 0x08002069   Thumb Code    66  led.o(i.Led_init)
    MPU6050_initialize                       0x080020b1   Thumb Code    42  mpu6050.o(i.MPU6050_initialize)
    MPU6050_setClockSource                   0x080020db   Thumb Code    18  mpu6050.o(i.MPU6050_setClockSource)
    MPU6050_setFullScaleAccelRange           0x080020ed   Thumb Code    18  mpu6050.o(i.MPU6050_setFullScaleAccelRange)
    MPU6050_setFullScaleGyroRange            0x080020ff   Thumb Code    18  mpu6050.o(i.MPU6050_setFullScaleGyroRange)
    MPU6050_setI2CBypassEnabled              0x08002111   Thumb Code    12  mpu6050.o(i.MPU6050_setI2CBypassEnabled)
    MPU6050_setI2CMasterModeEnabled          0x0800211d   Thumb Code    12  mpu6050.o(i.MPU6050_setI2CMasterModeEnabled)
    MPU6050_setSleepEnabled                  0x08002129   Thumb Code    12  mpu6050.o(i.MPU6050_setSleepEnabled)
    MPU_Get_Gyroscope                        0x08002135   Thumb Code    52  mpu6050.o(i.MPU_Get_Gyroscope)
    MS561101BA_DO_CONVERSION                 0x08002169   Thumb Code    88  ms5611.o(i.MS561101BA_DO_CONVERSION)
    MS561101BA_GetPressure                   0x080021e1   Thumb Code   420  ms5611.o(i.MS561101BA_GetPressure)
    MS561101BA_GetTemperature                0x080023cd   Thumb Code    62  ms5611.o(i.MS561101BA_GetTemperature)
    MS561101BA_Init                          0x0800241d   Thumb Code    26  ms5611.o(i.MS561101BA_Init)
    MS561101BA_Reset                         0x08002437   Thumb Code     8  ms5611.o(i.MS561101BA_Reset)
    MS561101BA_readPROM                      0x08002441   Thumb Code    86  ms5611.o(i.MS561101BA_readPROM)
    MemManage_Handler                        0x08002571   Thumb Code     2  stm32f4xx_it.o(i.MemManage_Handler)
    NMI_Handler                              0x08002645   Thumb Code     2  stm32f4xx_it.o(i.NMI_Handler)
    NVIC_Init                                0x08002649   Thumb Code    96  misc.o(i.NVIC_Init)
    NVIC_PriorityGroupConfig                 0x080026ad   Thumb Code    10  misc.o(i.NVIC_PriorityGroupConfig)
    RCC_AHB1PeriphClockCmd                   0x080026c1   Thumb Code    18  stm32f4xx_rcc.o(i.RCC_AHB1PeriphClockCmd)
    RCC_APB1PeriphClockCmd                   0x080026d9   Thumb Code    18  stm32f4xx_rcc.o(i.RCC_APB1PeriphClockCmd)
    RCC_APB2PeriphClockCmd                   0x080026f1   Thumb Code    18  stm32f4xx_rcc.o(i.RCC_APB2PeriphClockCmd)
    RCC_GetClocksFreq                        0x08002709   Thumb Code   132  stm32f4xx_rcc.o(i.RCC_GetClocksFreq)
    Read_DMP                                 0x08002799   Thumb Code   388  mpu6050.o(i.Read_DMP)
    Start_Usart_Task                         0x08002a61   Thumb Code   104  usarttask.o(i.Start_Usart_Task)
    SysTick_Handler                          0x08002b09   Thumb Code    38  port.o(i.SysTick_Handler)
    SystemInit                               0x08002b35   Thumb Code    74  system_stm32f4xx.o(i.SystemInit)
    TIM3_IRQHandler                          0x08002b91   Thumb Code     2  stm32f4xx_it.o(i.TIM3_IRQHandler)
    USART1_IRQHandler                        0x08002b95   Thumb Code    68  usarttask.o(i.USART1_IRQHandler)
    USART1_init                              0x08002be5   Thumb Code   172  usart.o(i.USART1_init)
    USART2_IRQHandler                        0x08002c99   Thumb Code    68  usarttask.o(i.USART2_IRQHandler)
    USART2_init                              0x08002ce9   Thumb Code   176  usart.o(i.USART2_init)
    USART6_IRQHandler                        0x08002da1   Thumb Code    70  usarttask.o(i.USART6_IRQHandler)
    USART6_init                              0x08002df5   Thumb Code   174  usart.o(i.USART6_init)
    USART_ClearFlag                          0x08002ead   Thumb Code     6  stm32f4xx_usart.o(i.USART_ClearFlag)
    USART_Cmd                                0x08002eb3   Thumb Code    20  stm32f4xx_usart.o(i.USART_Cmd)
    USART_GetFlagStatus                      0x08002ec7   Thumb Code    14  stm32f4xx_usart.o(i.USART_GetFlagStatus)
    USART_GetITStatus                        0x08002ed5   Thumb Code    62  stm32f4xx_usart.o(i.USART_GetITStatus)
    USART_ITConfig                           0x08002f13   Thumb Code    48  stm32f4xx_usart.o(i.USART_ITConfig)
    USART_Init                               0x08002f45   Thumb Code   164  stm32f4xx_usart.o(i.USART_Init)
    USART_ReceiveData                        0x08002ff1   Thumb Code     8  stm32f4xx_usart.o(i.USART_ReceiveData)
    USART_SendData                           0x08002ff9   Thumb Code     8  stm32f4xx_usart.o(i.USART_SendData)
    UsageFault_Handler                       0x08003001   Thumb Code     2  stm32f4xx_it.o(i.UsageFault_Handler)
    __ARM_fpclassify                         0x08003181   Thumb Code    48  fpclassify.o(i.__ARM_fpclassify)
    __hardfp_asin                            0x080031b1   Thumb Code   770  asin.o(i.__hardfp_asin)
    __hardfp_atan                            0x08003511   Thumb Code   622  atan.o(i.__hardfp_atan)
    __hardfp_atan2                           0x080037e9   Thumb Code   432  atan2.o(i.__hardfp_atan2)
    __hardfp_pow                             0x080039d9   Thumb Code  3072  pow.o(i.__hardfp_pow)
    __kernel_poly                            0x08004629   Thumb Code   248  poly.o(i.__kernel_poly)
    __mathlib_dbl_divzero                    0x08004721   Thumb Code    28  dunder.o(i.__mathlib_dbl_divzero)
    __mathlib_dbl_infnan                     0x08004751   Thumb Code    20  dunder.o(i.__mathlib_dbl_infnan)
    __mathlib_dbl_infnan2                    0x08004765   Thumb Code    20  dunder.o(i.__mathlib_dbl_infnan2)
    __mathlib_dbl_invalid                    0x08004779   Thumb Code    24  dunder.o(i.__mathlib_dbl_invalid)
    __mathlib_dbl_overflow                   0x08004799   Thumb Code    24  dunder.o(i.__mathlib_dbl_overflow)
    __mathlib_dbl_underflow                  0x080047b9   Thumb Code    24  dunder.o(i.__mathlib_dbl_underflow)
    _is_digit                                0x080047d9   Thumb Code    14  __printf_wp.o(i._is_digit)
    _sys_exit                                0x080047e7   Thumb Code     2  usart.o(i._sys_exit)
    atan                                     0x08004879   Thumb Code    16  atan.o(i.atan)
    basicDataPrash                           0x08004889   Thumb Code   158  gfly.o(i.basicDataPrash)
    caculate_High                            0x0800494d   Thumb Code   154  ms5611.o(i.caculate_High)
    calculateAltitude                        0x08004a1d   Thumb Code    64  ms5611.o(i.calculateAltitude)
    cmdPrash                                 0x08004a7d   Thumb Code   138  gfly.o(i.cmdPrash)
    dataEvenParity                           0x08004b3d   Thumb Code    32  gfly.o(i.dataEvenParity)
    dataEvenParityRec                        0x08004b5d   Thumb Code    32  gfly.o(i.dataEvenParityRec)
    dmp_enable_6x_lp_quat                    0x08004b7d   Thumb Code    58  inv_mpu_dmp_motion_driver.o(i.dmp_enable_6x_lp_quat)
    dmp_enable_feature                       0x08004bb9   Thumb Code   468  inv_mpu_dmp_motion_driver.o(i.dmp_enable_feature)
    dmp_enable_gyro_cal                      0x08004d95   Thumb Code    32  inv_mpu_dmp_motion_driver.o(i.dmp_enable_gyro_cal)
    dmp_enable_lp_quat                       0x08004dcd   Thumb Code    58  inv_mpu_dmp_motion_driver.o(i.dmp_enable_lp_quat)
    dmp_load_motion_driver_firmware          0x08004e09   Thumb Code    16  inv_mpu_dmp_motion_driver.o(i.dmp_load_motion_driver_firmware)
    dmp_read_fifo                            0x08004e1d   Thumb Code   328  inv_mpu_dmp_motion_driver.o(i.dmp_read_fifo)
    dmp_set_accel_bias                       0x08004f69   Thumb Code   210  inv_mpu_dmp_motion_driver.o(i.dmp_set_accel_bias)
    dmp_set_fifo_rate                        0x08005041   Thumb Code    82  inv_mpu_dmp_motion_driver.o(i.dmp_set_fifo_rate)
    dmp_set_gyro_bias                        0x080050a5   Thumb Code   196  inv_mpu_dmp_motion_driver.o(i.dmp_set_gyro_bias)
    dmp_set_orientation                      0x08005171   Thumb Code   246  inv_mpu_dmp_motion_driver.o(i.dmp_set_orientation)
    dmp_set_shake_reject_thresh              0x0800527d   Thumb Code    48  inv_mpu_dmp_motion_driver.o(i.dmp_set_shake_reject_thresh)
    dmp_set_shake_reject_time                0x080052ad   Thumb Code    32  inv_mpu_dmp_motion_driver.o(i.dmp_set_shake_reject_time)
    dmp_set_shake_reject_timeout             0x080052cd   Thumb Code    32  inv_mpu_dmp_motion_driver.o(i.dmp_set_shake_reject_timeout)
    dmp_set_tap_axes                         0x080052ed   Thumb Code    64  inv_mpu_dmp_motion_driver.o(i.dmp_set_tap_axes)
    dmp_set_tap_count                        0x0800532d   Thumb Code    34  inv_mpu_dmp_motion_driver.o(i.dmp_set_tap_count)
    dmp_set_tap_thresh                       0x08005351   Thumb Code   314  inv_mpu_dmp_motion_driver.o(i.dmp_set_tap_thresh)
    dmp_set_tap_time                         0x080054b1   Thumb Code    32  inv_mpu_dmp_motion_driver.o(i.dmp_set_tap_time)
    dmp_set_tap_time_multi                   0x080054d1   Thumb Code    32  inv_mpu_dmp_motion_driver.o(i.dmp_set_tap_time_multi)
    evenParity                               0x080054f1   Thumb Code    26  gfly.o(i.evenParity)
    fabs                                     0x0800550b   Thumb Code    24  fabs.o(i.fabs)
    fputc                                    0x08005525   Thumb Code    18  usart.o(i.fputc)
    get_High                                 0x0800553d   Thumb Code    88  ms5611.o(i.get_High)
    i2cRead                                  0x08005a39   Thumb Code   116  iic.o(i.i2cRead)
    i2cWrite                                 0x08005ac1   Thumb Code    80  iic.o(i.i2cWrite)
    iic_send_cmd                             0x08005b11   Thumb Code    48  ms5611.o(i.iic_send_cmd)
    initSeniorTask                           0x08005b41   Thumb Code    40  seniortask.o(i.initSeniorTask)
    main                                     0x08005be9   Thumb Code    72  main.o(i.main)
    mpu_configure_fifo                       0x08005c41   Thumb Code    84  inv_mpu.o(i.mpu_configure_fifo)
    mpu_get_accel_fsr                        0x08005c99   Thumb Code    54  inv_mpu.o(i.mpu_get_accel_fsr)
    mpu_get_accel_sens                       0x08005cd5   Thumb Code    62  inv_mpu.o(i.mpu_get_accel_sens)
    mpu_get_gyro_fsr                         0x08005d19   Thumb Code    48  inv_mpu.o(i.mpu_get_gyro_fsr)
    mpu_get_gyro_sens                        0x08005d4d   Thumb Code    54  inv_mpu.o(i.mpu_get_gyro_sens)
    mpu_get_lpf                              0x08005d99   Thumb Code    52  inv_mpu.o(i.mpu_get_lpf)
    mpu_get_sample_rate                      0x08005dd1   Thumb Code    22  inv_mpu.o(i.mpu_get_sample_rate)
    mpu_init                                 0x08005ded   Thumb Code   310  inv_mpu.o(i.mpu_init)
    mpu_load_firmware                        0x08005f75   Thumb Code   158  inv_mpu.o(i.mpu_load_firmware)
    mpu_lp_accel_mode                        0x08006019   Thumb Code   178  inv_mpu.o(i.mpu_lp_accel_mode)
    mpu_read_fifo_stream                     0x080060d1   Thumb Code   146  inv_mpu.o(i.mpu_read_fifo_stream)
    mpu_read_mem                             0x08006191   Thumb Code    80  inv_mpu.o(i.mpu_read_mem)
    mpu_reset_fifo                           0x080061e5   Thumb Code   330  inv_mpu.o(i.mpu_reset_fifo)
    mpu_run_self_test                        0x08006335   Thumb Code   234  inv_mpu.o(i.mpu_run_self_test)
    mpu_set_accel_fsr                        0x08006425   Thumb Code    98  inv_mpu.o(i.mpu_set_accel_fsr)
    mpu_set_bypass                           0x0800648d   Thumb Code   214  inv_mpu.o(i.mpu_set_bypass)
    mpu_set_dmp_state                        0x08006569   Thumb Code   114  inv_mpu.o(i.mpu_set_dmp_state)
    mpu_set_gyro_fsr                         0x080065e1   Thumb Code   104  inv_mpu.o(i.mpu_set_gyro_fsr)
    mpu_set_int_latched                      0x0800664d   Thumb Code    94  inv_mpu.o(i.mpu_set_int_latched)
    mpu_set_lpf                              0x080066b1   Thumb Code   102  inv_mpu.o(i.mpu_set_lpf)
    mpu_set_sample_rate                      0x0800671d   Thumb Code   116  inv_mpu.o(i.mpu_set_sample_rate)
    mpu_set_sensors                          0x08006795   Thumb Code   178  inv_mpu.o(i.mpu_set_sensors)
    mpu_write_mem                            0x0800684d   Thumb Code    80  inv_mpu.o(i.mpu_write_mem)
    myget_ms                                 0x080068a1   Thumb Code     2  inv_mpu.o(i.myget_ms)
    pidSendPrash                             0x080068a5   Thumb Code   422  gfly.o(i.pidSendPrash)
    pressDataPrash                           0x08006aad   Thumb Code     2  gfly.o(i.pressDataPrash)
    pvPortMalloc                             0x080071e1   Thumb Code   188  heap_4.o(i.pvPortMalloc)
    pvTaskIncrementMutexHeldCount            0x080072a1   Thumb Code    18  tasks.o(i.pvTaskIncrementMutexHeldCount)
    pxPortInitialiseStack                    0x080072b9   Thumb Code    40  port.o(i.pxPortInitialiseStack)
    sendAck                                  0x08007391   Thumb Code    48  gfly.o(i.sendAck)
    sendPacket                               0x080073c1   Thumb Code    48  gfly.o(i.sendPacket)
    settingDataPrash                         0x0800744d   Thumb Code    96  gfly.o(i.settingDataPrash)
    sqrt                                     0x08007585   Thumb Code   110  sqrt.o(i.sqrt)
    start_Main_Fly_Task                      0x080075f5   Thumb Code    60  mainflytask.o(i.start_Main_Fly_Task)
    temperatureDataPrash                     0x08007655   Thumb Code    90  gfly.o(i.temperatureDataPrash)
    uxListRemove                             0x080076b9   Thumb Code    38  list.o(i.uxListRemove)
    uxTaskGetNumberOfTasks                   0x080076e1   Thumb Code     6  tasks.o(i.uxTaskGetNumberOfTasks)
    vListInitialise                          0x080076ed   Thumb Code    22  list.o(i.vListInitialise)
    vListInitialiseItem                      0x08007703   Thumb Code     6  list.o(i.vListInitialiseItem)
    vListInsert                              0x08007709   Thumb Code    48  list.o(i.vListInsert)
    vListInsertEnd                           0x08007739   Thumb Code    24  list.o(i.vListInsertEnd)
    vPortEnterCritical                       0x08007751   Thumb Code    54  port.o(i.vPortEnterCritical)
    vPortExitCritical                        0x08007791   Thumb Code    34  port.o(i.vPortExitCritical)
    vPortFree                                0x080077b9   Thumb Code    94  heap_4.o(i.vPortFree)
    vPortSetupTimerInterrupt                 0x0800781d   Thumb Code    32  port.o(i.vPortSetupTimerInterrupt)
    vPortValidateInterruptPriority           0x08007841   Thumb Code    74  port.o(i.vPortValidateInterruptPriority)
    vQueueAddToRegistry                      0x08007895   Thumb Code    72  queue.o(i.vQueueAddToRegistry)
    vQueueWaitForMessageRestricted           0x080078e1   Thumb Code    68  queue.o(i.vQueueWaitForMessageRestricted)
    vTaskDelay                               0x08007925   Thumb Code    66  tasks.o(i.vTaskDelay)
    vTaskDelete                              0x08007971   Thumb Code   164  tasks.o(i.vTaskDelete)
    vTaskInternalSetTimeOutState             0x08007a21   Thumb Code    12  tasks.o(i.vTaskInternalSetTimeOutState)
    vTaskMissedYield                         0x08007a31   Thumb Code     8  tasks.o(i.vTaskMissedYield)
    vTaskPlaceOnEventList                    0x08007a3d   Thumb Code    44  tasks.o(i.vTaskPlaceOnEventList)
    vTaskPlaceOnEventListRestricted          0x08007a6d   Thumb Code    76  tasks.o(i.vTaskPlaceOnEventListRestricted)
    vTaskPriorityDisinheritAfterTimeout      0x08007abd   Thumb Code   186  tasks.o(i.vTaskPriorityDisinheritAfterTimeout)
    vTaskStartScheduler                      0x08007b81   Thumb Code    94  tasks.o(i.vTaskStartScheduler)
    vTaskSuspendAll                          0x08007bf1   Thumb Code    10  tasks.o(i.vTaskSuspendAll)
    vTaskSwitchContext                       0x08007c01   Thumb Code    82  tasks.o(i.vTaskSwitchContext)
    xPortStartScheduler                      0x08007c5d   Thumb Code   224  port.o(i.xPortStartScheduler)
    xQueueCreateMutex                        0x08007d51   Thumb Code    36  queue.o(i.xQueueCreateMutex)
    xQueueGenericCreate                      0x08007d75   Thumb Code    94  queue.o(i.xQueueGenericCreate)
    xQueueGenericReset                       0x08007dd5   Thumb Code   170  queue.o(i.xQueueGenericReset)
    xQueueGenericSend                        0x08007e85   Thumb Code   350  queue.o(i.xQueueGenericSend)
    xQueueGenericSendFromISR                 0x08007fe9   Thumb Code   218  queue.o(i.xQueueGenericSendFromISR)
    xQueueReceive                            0x080080c5   Thumb Code   308  queue.o(i.xQueueReceive)
    xQueueSemaphoreTake                      0x080081fd   Thumb Code   356  queue.o(i.xQueueSemaphoreTake)
    xTaskCheckForTimeOut                     0x08008365   Thumb Code   118  tasks.o(i.xTaskCheckForTimeOut)
    xTaskCreate                              0x080083e1   Thumb Code    92  tasks.o(i.xTaskCreate)
    xTaskGetSchedulerState                   0x0800843d   Thumb Code    22  tasks.o(i.xTaskGetSchedulerState)
    xTaskGetTickCount                        0x08008459   Thumb Code     6  tasks.o(i.xTaskGetTickCount)
    xTaskIncrementTick                       0x08008465   Thumb Code   286  tasks.o(i.xTaskIncrementTick)
    xTaskPriorityDisinherit                  0x0800858d   Thumb Code   174  tasks.o(i.xTaskPriorityDisinherit)
    xTaskPriorityInherit                     0x08008645   Thumb Code   170  tasks.o(i.xTaskPriorityInherit)
    xTaskRemoveFromEventList                 0x080086f9   Thumb Code   210  tasks.o(i.xTaskRemoveFromEventList)
    xTaskResumeAll                           0x080087d5   Thumb Code   284  tasks.o(i.xTaskResumeAll)
    xTimerCreateTimerTask                    0x080088fd   Thumb Code    58  timers.o(i.xTimerCreateTimerTask)
    _get_lc_numeric                          0x08008949   Thumb Code    44  lc_numeric_c.o(locale$$code)
    __aeabi_dneg                             0x08008975   Thumb Code     0  basic.o(x$fpl$basic)
    _dneg                                    0x08008975   Thumb Code     6  basic.o(x$fpl$basic)
    __aeabi_fneg                             0x0800897b   Thumb Code     0  basic.o(x$fpl$basic)
    _fneg                                    0x0800897b   Thumb Code     6  basic.o(x$fpl$basic)
    _dabs                                    0x08008981   Thumb Code     6  basic.o(x$fpl$basic)
    _fabs                                    0x08008987   Thumb Code     6  basic.o(x$fpl$basic)
    __aeabi_d2f                              0x0800898d   Thumb Code     0  d2f.o(x$fpl$d2f)
    _d2f                                     0x0800898d   Thumb Code    98  d2f.o(x$fpl$d2f)
    __aeabi_dadd                             0x080089f1   Thumb Code     0  daddsub_clz.o(x$fpl$dadd)
    _dadd                                    0x080089f1   Thumb Code   332  daddsub_clz.o(x$fpl$dadd)
    __fpl_dcheck_NaN1                        0x08008b41   Thumb Code    10  dcheck1.o(x$fpl$dcheck1)
    __fpl_dcmp_Inf                           0x08008b51   Thumb Code    24  dcmpi.o(x$fpl$dcmpinf)
    __aeabi_ddiv                             0x08008b69   Thumb Code     0  ddiv.o(x$fpl$ddiv)
    _ddiv                                    0x08008b69   Thumb Code   552  ddiv.o(x$fpl$ddiv)
    __aeabi_i2d                              0x08008e19   Thumb Code     0  dflt_clz.o(x$fpl$dflt)
    _dflt                                    0x08008e19   Thumb Code    46  dflt_clz.o(x$fpl$dflt)
    __aeabi_ui2d                             0x08008e47   Thumb Code     0  dflt_clz.o(x$fpl$dfltu)
    _dfltu                                   0x08008e47   Thumb Code    38  dflt_clz.o(x$fpl$dfltu)
    __aeabi_cdcmple                          0x08008e6d   Thumb Code     0  dleqf.o(x$fpl$dleqf)
    _dcmple                                  0x08008e6d   Thumb Code   120  dleqf.o(x$fpl$dleqf)
    __fpl_dcmple_InfNaN                      0x08008ecf   Thumb Code     0  dleqf.o(x$fpl$dleqf)
    __aeabi_dmul                             0x08008ee5   Thumb Code     0  dmul.o(x$fpl$dmul)
    _dmul                                    0x08008ee5   Thumb Code   332  dmul.o(x$fpl$dmul)
    __fpl_dnaninf                            0x08009039   Thumb Code   156  dnaninf.o(x$fpl$dnaninf)
    __fpl_dretinf                            0x080090d5   Thumb Code    12  dretinf.o(x$fpl$dretinf)
    __aeabi_cdrcmple                         0x080090e1   Thumb Code     0  drleqf.o(x$fpl$drleqf)
    _drcmple                                 0x080090e1   Thumb Code   108  drleqf.o(x$fpl$drleqf)
    __aeabi_drsub                            0x0800914d   Thumb Code     0  daddsub_clz.o(x$fpl$drsb)
    _drsb                                    0x0800914d   Thumb Code    22  daddsub_clz.o(x$fpl$drsb)
    _dsqrt                                   0x08009165   Thumb Code   404  dsqrt_umaal.o(x$fpl$dsqrt)
    __aeabi_dsub                             0x080092fd   Thumb Code     0  daddsub_clz.o(x$fpl$dsub)
    _dsub                                    0x080092fd   Thumb Code   464  daddsub_clz.o(x$fpl$dsub)
    __aeabi_f2d                              0x080094d1   Thumb Code     0  f2d.o(x$fpl$f2d)
    _f2d                                     0x080094d1   Thumb Code    86  f2d.o(x$fpl$f2d)
    __fpl_fnaninf                            0x08009527   Thumb Code   140  fnaninf.o(x$fpl$fnaninf)
    _fp_init                                 0x080095b3   Thumb Code    10  fpinit.o(x$fpl$fpinit)
    __fplib_config_fpu_vfp                   0x080095bb   Thumb Code     0  fpinit.o(x$fpl$fpinit)
    __fplib_config_pureend_doubles           0x080095bb   Thumb Code     0  fpinit.o(x$fpl$fpinit)
    __fpl_fretinf                            0x080095bd   Thumb Code    10  fretinf.o(x$fpl$fretinf)
    _printf_fp_dec                           0x080095c7   Thumb Code     4  printf1.o(x$fpl$printf1)
    __fpl_return_NaN                         0x080095cb   Thumb Code   100  retnan.o(x$fpl$retnan)
    __ARM_scalbn                             0x0800962f   Thumb Code    92  scalbn.o(x$fpl$scalbn)
    __fpl_cmpreturn                          0x0800968b   Thumb Code    48  trapv.o(x$fpl$trapveneer)
    __I$use$fp                               0x080096ba   Number         0  usenofp.o(x$fpl$usenofp)
    hw                                       0x080096ba   Data          12  inv_mpu.o(.constdata)
    reg                                      0x080096c6   Data          27  inv_mpu.o(.constdata)
    test                                     0x080096e4   Data          40  inv_mpu.o(.constdata)
    __mathlib_zero                           0x0800a4a0   Data           8  qnan.o(.constdata)
    Region$$Table$$Base                      0x0800a58c   Number         0  anon$$obj.o(Region$$Table)
    Region$$Table$$Limit                     0x0800a5ac   Number         0  anon$$obj.o(Region$$Table)
    SystemCoreClock                          0x20000004   Data           4  system_stm32f4xx.o(.data)
    AHBPrescTable                            0x20000008   Data          16  system_stm32f4xx.o(.data)
    Sys_Led                                  0x20000018   Data           1  gfly.o(.data)
    SysLed_State                             0x20000019   Data           1  gfly.o(.data)
    FLY_BEGIN                                0x2000001a   Data           1  gfly.o(.data)
    PID_EN                                   0x2000001b   Data           1  gfly.o(.data)
    gyrox                                    0x20000026   Data           2  gfly.o(.data)
    gyroy                                    0x20000028   Data           2  gfly.o(.data)
    gyroz                                    0x2000002a   Data           2  gfly.o(.data)
    Now_High                                 0x2000002c   Data           4  gfly.o(.data)
    v_speed                                  0x20000030   Data           4  gfly.o(.data)
    SysTime_n100ms                           0x20000034   Data           4  gfly.o(.data)
    PID_SEND                                 0x20000038   Data           4  gfly.o(.data)
    current_yaw                              0x2000003c   Data           4  gfly.o(.data)
    current_pitch                            0x20000040   Data           4  gfly.o(.data)
    current_roll                             0x20000044   Data           4  gfly.o(.data)
    temperature1                             0x20000048   Data           4  gfly.o(.data)
    pressure                                 0x2000004c   Data           4  gfly.o(.data)
    yaw_C                                    0x20000050   Data           4  gfly.o(.data)
    pitch_C                                  0x20000054   Data           4  gfly.o(.data)
    roll_C                                   0x20000058   Data           4  gfly.o(.data)
    throttle_C                               0x2000005c   Data           4  gfly.o(.data)
    PID_INNER_YAW_KP                         0x20000060   Data           4  gfly.o(.data)
    PID_INNER_YAW_KI                         0x20000064   Data           4  gfly.o(.data)
    PID_INNER_YAW_KD                         0x20000068   Data           4  gfly.o(.data)
    PID_INNER_PITCH_KP                       0x2000006c   Data           4  gfly.o(.data)
    PID_INNER_PITCH_KI                       0x20000070   Data           4  gfly.o(.data)
    PID_INNER_PITCH_KD                       0x20000074   Data           4  gfly.o(.data)
    PID_INNER_ROLL_KP                        0x20000078   Data           4  gfly.o(.data)
    PID_INNER_ROLL_KI                        0x2000007c   Data           4  gfly.o(.data)
    PID_INNER_ROLL_KD                        0x20000080   Data           4  gfly.o(.data)
    PID_INNER_HIGH_KP                        0x20000084   Data           4  gfly.o(.data)
    PID_INNER_HIGH_KI                        0x20000088   Data           4  gfly.o(.data)
    PID_INNER_HIGH_KD                        0x2000008c   Data           4  gfly.o(.data)
    PID_OUTER_YAW_KP                         0x20000090   Data           4  gfly.o(.data)
    PID_OUTER_YAW_KI                         0x20000094   Data           4  gfly.o(.data)
    PID_OUTER_YAW_KD                         0x20000098   Data           4  gfly.o(.data)
    PID_OUTER_PITCH_KP                       0x2000009c   Data           4  gfly.o(.data)
    PID_OUTER_PITCH_KI                       0x200000a0   Data           4  gfly.o(.data)
    PID_OUTER_PITCH_KD                       0x200000a4   Data           4  gfly.o(.data)
    PID_OUTER_ROLL_KP                        0x200000a8   Data           4  gfly.o(.data)
    PID_OUTER_ROLL_KI                        0x200000ac   Data           4  gfly.o(.data)
    PID_OUTER_ROLL_KD                        0x200000b0   Data           4  gfly.o(.data)
    PID_OUTER_HIGH_KP                        0x200000b4   Data           4  gfly.o(.data)
    PID_OUTER_HIGH_KI                        0x200000b8   Data           4  gfly.o(.data)
    PID_OUTER_HIGH_KD                        0x200000bc   Data           4  gfly.o(.data)
    ZERO_roll                                0x200000c0   Data           4  gfly.o(.data)
    ZERO_pitch                               0x200000c4   Data           4  gfly.o(.data)
    PID_OUTER_Roll_I                         0x200000c8   Data           4  gfly.o(.data)
    PID_INNER_Roll_I                         0x200000cc   Data           4  gfly.o(.data)
    PID_LAST_Gyroy                           0x200000d0   Data           4  gfly.o(.data)
    PID_OUTER_Pitch_I                        0x200000d4   Data           4  gfly.o(.data)
    PID_INNER_Pitch_I                        0x200000d8   Data           4  gfly.o(.data)
    PID_LAST_Gyrox                           0x200000dc   Data           4  gfly.o(.data)
    PID_OUTER_Yaw_I                          0x200000e0   Data           4  gfly.o(.data)
    PID_INNER_Yaw_I                          0x200000e4   Data           4  gfly.o(.data)
    PID_LAST_Gyroz                           0x200000e8   Data           4  gfly.o(.data)
    pitch_I                                  0x200000ec   Data           4  gfly.o(.data)
    last_pitch_pid_v                         0x200000f0   Data           4  gfly.o(.data)
    roll_I                                   0x200000f4   Data           4  gfly.o(.data)
    last_roll_pid_v                          0x200000f8   Data           4  gfly.o(.data)
    yaw_I                                    0x200000fc   Data           4  gfly.o(.data)
    last_yaw_pid_v                           0x20000100   Data           4  gfly.o(.data)
    ErrCount                                 0x20000110   Data           4  gfly.o(.data)
    SendCount                                0x20000114   Data           4  gfly.o(.data)
    RecCount                                 0x20000118   Data           4  gfly.o(.data)
    temperature2                             0x2000011c   Data           4  gfly.o(.data)
    temperature3                             0x20000120   Data           4  gfly.o(.data)
    temperature4                             0x20000124   Data           4  gfly.o(.data)
    m1                                       0x20000128   Data           4  gfly.o(.data)
    m2                                       0x2000012c   Data           4  gfly.o(.data)
    m3                                       0x20000130   Data           4  gfly.o(.data)
    m4                                       0x20000134   Data           4  gfly.o(.data)
    __stdout                                 0x20000148   Data           4  usart.o(.data)
    sensors                                  0x2000014c   Data           2  mpu6050.o(.data)
    q0                                       0x20000150   Data           4  mpu6050.o(.data)
    q1                                       0x20000154   Data           4  mpu6050.o(.data)
    q2                                       0x20000158   Data           4  mpu6050.o(.data)
    q3                                       0x2000015c   Data           4  mpu6050.o(.data)
    gyro                                     0x20000160   Data           6  mpu6050.o(.data)
    accel                                    0x20000166   Data           6  mpu6050.o(.data)
    Pressure                                 0x200001a8   Data           4  ms5611.o(.data)
    Temperature                              0x200001ac   Data           4  ms5611.o(.data)
    D1_Pres                                  0x200001b0   Data           4  ms5611.o(.data)
    D2_Temp                                  0x200001b4   Data           4  ms5611.o(.data)
    dT                                       0x200001b8   Data           4  ms5611.o(.data)
    Temperature2                             0x200001bc   Data           4  ms5611.o(.data)
    Aux                                      0x200001c0   Data           4  ms5611.o(.data)
    OFF2                                     0x200001c4   Data           4  ms5611.o(.data)
    SENS2                                    0x200001c8   Data           4  ms5611.o(.data)
    zero_high                                0x200001cc   Data           4  ms5611.o(.data)
    OFF                                      0x200001d0   Data           8  ms5611.o(.data)
    SENS                                     0x200001d8   Data           8  ms5611.o(.data)
    pxCurrentTCB                             0x200001e0   Data           4  tasks.o(.data)
    uxTopUsedPriority                        0x20000210   Data           4  tasks.o(.data)
    CmdQueue                                 0x20000264   Data           4  mainflytask.o(.data)
    Usart1RxQueue                            0x20000274   Data           4  usarttask.o(.data)
    Usart2RxQueue                            0x20000278   Data           4  usarttask.o(.data)
    Usart6RxQueue                            0x2000027c   Data           4  usarttask.o(.data)
    xMutex                                   0x2000028c   Data           4  seniortask.o(.data)
    Cal_C                                    0x200002a0   Data          16  ms5611.o(.bss)
    xQueueRegistry                           0x200002b0   Data          64  queue.o(.bss)
    __libspace_start                         0x20007be0   Data          96  libspace.o(.bss)
    __temporary_stack_top$libspace           0x20007c40   Data           0  libspace.o(.bss)



==============================================================================

Memory Map of the image

  Image Entry point : 0x08000199

  Load Region LR_IROM1 (Base: 0x08000000, Size: 0x0000a858, Max: 0x00040000, ABSOLUTE, COMPRESSED[0x0000a63c])

    Execution Region ER_IROM1 (Base: 0x08000000, Size: 0x0000a5c8, Max: 0x00040000, ABSOLUTE)

    Base Addr    Size         Type   Attr      Idx    E Section Name        Object

    0x08000000   0x00000198   Data   RO          637    RESET               startup_stm32f411xe.o
    0x08000198   0x00000008   Code   RO         5123  * !!!main             c_w.l(__main.o)
    0x080001a0   0x00000034   Code   RO         5517    !!!scatter          c_w.l(__scatter.o)
    0x080001d4   0x0000005a   Code   RO         5515    !!dczerorl2         c_w.l(__dczerorl2.o)
    0x0800022e   0x00000002   PAD
    0x08000230   0x0000001c   Code   RO         5519    !!handler_zi        c_w.l(__scatter_zi.o)
    0x0800024c   0x00000000   Code   RO         5108    .ARM.Collect$$_printf_percent$$00000000  c_w.l(_printf_percent.o)
    0x0800024c   0x00000006   Code   RO         5107    .ARM.Collect$$_printf_percent$$00000003  c_w.l(_printf_f.o)
    0x08000252   0x00000006   Code   RO         5106    .ARM.Collect$$_printf_percent$$00000009  c_w.l(_printf_d.o)
    0x08000258   0x00000006   Code   RO         5105    .ARM.Collect$$_printf_percent$$0000000C  c_w.l(_printf_x.o)
    0x0800025e   0x00000006   Code   RO         5104    .ARM.Collect$$_printf_percent$$00000013  c_w.l(_printf_c.o)
    0x08000264   0x00000004   Code   RO         5218    .ARM.Collect$$_printf_percent$$00000017  c_w.l(_printf_percent_end.o)
    0x08000268   0x00000002   Code   RO         5384    .ARM.Collect$$libinit$$00000000  c_w.l(libinit.o)
    0x0800026a   0x00000004   Code   RO         5385    .ARM.Collect$$libinit$$00000001  c_w.l(libinit2.o)
    0x0800026e   0x00000000   Code   RO         5388    .ARM.Collect$$libinit$$00000004  c_w.l(libinit2.o)
    0x0800026e   0x00000000   Code   RO         5391    .ARM.Collect$$libinit$$0000000A  c_w.l(libinit2.o)
    0x0800026e   0x00000000   Code   RO         5393    .ARM.Collect$$libinit$$0000000C  c_w.l(libinit2.o)
    0x0800026e   0x00000000   Code   RO         5395    .ARM.Collect$$libinit$$0000000E  c_w.l(libinit2.o)
    0x0800026e   0x00000006   Code   RO         5396    .ARM.Collect$$libinit$$0000000F  c_w.l(libinit2.o)
    0x08000274   0x00000000   Code   RO         5398    .ARM.Collect$$libinit$$00000011  c_w.l(libinit2.o)
    0x08000274   0x00000000   Code   RO         5400    .ARM.Collect$$libinit$$00000013  c_w.l(libinit2.o)
    0x08000274   0x00000000   Code   RO         5402    .ARM.Collect$$libinit$$00000015  c_w.l(libinit2.o)
    0x08000274   0x0000000a   Code   RO         5403    .ARM.Collect$$libinit$$00000016  c_w.l(libinit2.o)
    0x0800027e   0x00000000   Code   RO         5404    .ARM.Collect$$libinit$$00000017  c_w.l(libinit2.o)
    0x0800027e   0x00000000   Code   RO         5406    .ARM.Collect$$libinit$$00000019  c_w.l(libinit2.o)
    0x0800027e   0x00000000   Code   RO         5408    .ARM.Collect$$libinit$$0000001B  c_w.l(libinit2.o)
    0x0800027e   0x00000000   Code   RO         5410    .ARM.Collect$$libinit$$0000001D  c_w.l(libinit2.o)
    0x0800027e   0x00000000   Code   RO         5412    .ARM.Collect$$libinit$$0000001F  c_w.l(libinit2.o)
    0x0800027e   0x00000000   Code   RO         5414    .ARM.Collect$$libinit$$00000021  c_w.l(libinit2.o)
    0x0800027e   0x00000000   Code   RO         5416    .ARM.Collect$$libinit$$00000023  c_w.l(libinit2.o)
    0x0800027e   0x00000000   Code   RO         5418    .ARM.Collect$$libinit$$00000025  c_w.l(libinit2.o)
    0x0800027e   0x00000000   Code   RO         5422    .ARM.Collect$$libinit$$0000002C  c_w.l(libinit2.o)
    0x0800027e   0x00000000   Code   RO         5424    .ARM.Collect$$libinit$$0000002E  c_w.l(libinit2.o)
    0x0800027e   0x00000000   Code   RO         5426    .ARM.Collect$$libinit$$00000030  c_w.l(libinit2.o)
    0x0800027e   0x00000000   Code   RO         5428    .ARM.Collect$$libinit$$00000032  c_w.l(libinit2.o)
    0x0800027e   0x00000002   Code   RO         5429    .ARM.Collect$$libinit$$00000033  c_w.l(libinit2.o)
    0x08000280   0x00000002   Code   RO         5475    .ARM.Collect$$libshutdown$$00000000  c_w.l(libshutdown.o)
    0x08000282   0x00000000   Code   RO         5484    .ARM.Collect$$libshutdown$$00000002  c_w.l(libshutdown2.o)
    0x08000282   0x00000000   Code   RO         5486    .ARM.Collect$$libshutdown$$00000004  c_w.l(libshutdown2.o)
    0x08000282   0x00000000   Code   RO         5489    .ARM.Collect$$libshutdown$$00000007  c_w.l(libshutdown2.o)
    0x08000282   0x00000000   Code   RO         5492    .ARM.Collect$$libshutdown$$0000000A  c_w.l(libshutdown2.o)
    0x08000282   0x00000000   Code   RO         5494    .ARM.Collect$$libshutdown$$0000000C  c_w.l(libshutdown2.o)
    0x08000282   0x00000000   Code   RO         5497    .ARM.Collect$$libshutdown$$0000000F  c_w.l(libshutdown2.o)
    0x08000282   0x00000002   Code   RO         5498    .ARM.Collect$$libshutdown$$00000010  c_w.l(libshutdown2.o)
    0x08000284   0x00000000   Code   RO         5205    .ARM.Collect$$rtentry$$00000000  c_w.l(__rtentry.o)
    0x08000284   0x00000000   Code   RO         5290    .ARM.Collect$$rtentry$$00000002  c_w.l(__rtentry2.o)
    0x08000284   0x00000006   Code   RO         5302    .ARM.Collect$$rtentry$$00000004  c_w.l(__rtentry4.o)
    0x0800028a   0x00000000   Code   RO         5292    .ARM.Collect$$rtentry$$00000009  c_w.l(__rtentry2.o)
    0x0800028a   0x00000004   Code   RO         5293    .ARM.Collect$$rtentry$$0000000A  c_w.l(__rtentry2.o)
    0x0800028e   0x00000000   Code   RO         5295    .ARM.Collect$$rtentry$$0000000C  c_w.l(__rtentry2.o)
    0x0800028e   0x00000008   Code   RO         5296    .ARM.Collect$$rtentry$$0000000D  c_w.l(__rtentry2.o)
    0x08000296   0x00000002   Code   RO         5432    .ARM.Collect$$rtexit$$00000000  c_w.l(rtexit.o)
    0x08000298   0x00000000   Code   RO         5445    .ARM.Collect$$rtexit$$00000002  c_w.l(rtexit2.o)
    0x08000298   0x00000004   Code   RO         5446    .ARM.Collect$$rtexit$$00000003  c_w.l(rtexit2.o)
    0x0800029c   0x00000006   Code   RO         5447    .ARM.Collect$$rtexit$$00000004  c_w.l(rtexit2.o)
    0x080002a2   0x00000002   PAD
    0x080002a4   0x000000be   Code   RO         4770    .emb_text           port.o
    0x08000362   0x00000002   PAD
    0x08000364   0x00000040   Code   RO          638    .text               startup_stm32f411xe.o
    0x080003a4   0x00000002   Code   RO         5045    .text               c_w.l(use_no_semi_2.o)
    0x080003a6   0x00000048   Code   RO         5047    .text               c_w.l(llsdiv.o)
    0x080003ee   0x00000002   PAD
    0x080003f0   0x00000018   Code   RO         5051    .text               c_w.l(noretval__2printf.o)
    0x08000408   0x00000052   Code   RO         5059    .text               c_w.l(_printf_str.o)
    0x0800045a   0x00000002   PAD
    0x0800045c   0x00000078   Code   RO         5061    .text               c_w.l(_printf_dec.o)
    0x080004d4   0x00000058   Code   RO         5066    .text               c_w.l(_printf_hex_int.o)
    0x0800052c   0x00000160   Code   RO         5099    .text               c_w.l(__printf_ss_wp.o)
    0x0800068c   0x00000058   Code   RO         5109    .text               c_w.l(memcmp.o)
    0x080006e4   0x0000008a   Code   RO         5111    .text               c_w.l(rt_memcpy_v6.o)
    0x0800076e   0x00000010   Code   RO         5115    .text               c_w.l(aeabi_memset.o)
    0x0800077e   0x00000044   Code   RO         5117    .text               c_w.l(rt_memclr.o)
    0x080007c2   0x0000004e   Code   RO         5119    .text               c_w.l(rt_memclr_w.o)
    0x08000810   0x00000006   Code   RO         5121    .text               c_w.l(heapauxi.o)
    0x08000816   0x00000002   Code   RO         5203    .text               c_w.l(use_no_semi.o)
    0x08000818   0x000000ee   Code   RO         5206    .text               c_w.l(lludivv7m.o)
    0x08000906   0x00000016   Code   RO         5208    .text               c_w.l(_rserrno.o)
    0x0800091c   0x000000b2   Code   RO         5210    .text               c_w.l(_printf_intcommon.o)
    0x080009ce   0x0000041a   Code   RO         5212    .text               c_w.l(_printf_fp_dec.o)
    0x08000de8   0x0000002c   Code   RO         5214    .text               c_w.l(_printf_char.o)
    0x08000e14   0x00000024   Code   RO         5216    .text               c_w.l(_printf_char_file.o)
    0x08000e38   0x00000064   Code   RO         5219    .text               c_w.l(rt_memcpy_w.o)
    0x08000e9c   0x00000008   Code   RO         5311    .text               c_w.l(rt_locale_intlibspace.o)
    0x08000ea4   0x00000008   Code   RO         5316    .text               c_w.l(rt_errno_addr_intlibspace.o)
    0x08000eac   0x0000008a   Code   RO         5318    .text               c_w.l(lludiv10.o)
    0x08000f36   0x00000002   PAD
    0x08000f38   0x00000030   Code   RO         5320    .text               c_w.l(_printf_char_common.o)
    0x08000f68   0x00000080   Code   RO         5322    .text               c_w.l(_printf_fp_infnan.o)
    0x08000fe8   0x000000dc   Code   RO         5324    .text               c_w.l(bigflt0.o)
    0x080010c4   0x00000008   Code   RO         5349    .text               c_w.l(ferror.o)
    0x080010cc   0x00000008   Code   RO         5366    .text               c_w.l(libspace.o)
    0x080010d4   0x0000004a   Code   RO         5369    .text               c_w.l(sys_stackheap_outer.o)
    0x0800111e   0x00000012   Code   RO         5375    .text               c_w.l(exit.o)
    0x08001130   0x00000080   Code   RO         5377    .text               c_w.l(strcmpv7m.o)
    0x080011b0   0x0000003e   Code   RO         5327    CL$$btod_d2e        c_w.l(btod.o)
    0x080011ee   0x00000046   Code   RO         5329    CL$$btod_d2e_denorm_low  c_w.l(btod.o)
    0x08001234   0x00000060   Code   RO         5328    CL$$btod_d2e_norm_op1  c_w.l(btod.o)
    0x08001294   0x00000338   Code   RO         5337    CL$$btod_div_common  c_w.l(btod.o)
    0x080015cc   0x000000c6   Code   RO         5334    CL$$btod_e2e        c_w.l(btod.o)
    0x08001692   0x00000028   Code   RO         5331    CL$$btod_ediv       c_w.l(btod.o)
    0x080016ba   0x00000028   Code   RO         5330    CL$$btod_emul       c_w.l(btod.o)
    0x080016e2   0x00000244   Code   RO         5336    CL$$btod_mult_common  c_w.l(btod.o)
    0x08001926   0x00000026   Code   RO            4    i.AppTask           main.o
    0x0800194c   0x00000002   Code   RO          205    i.BusFault_Handler  stm32f4xx_it.o
    0x0800194e   0x00000002   PAD
    0x08001950   0x00000254   Code   RO         2827    i.DMP_Init          mpu6050.o
    0x08001ba4   0x00000002   Code   RO          206    i.DebugMon_Handler  stm32f4xx_it.o
    0x08001ba6   0x00000008   Code   RO         4908    i.Fly_PidTask       mainflytask.o
    0x08001bae   0x00000078   Code   RO          760    i.GPIO_Init         stm32f4xx_gpio.o
    0x08001c26   0x00000020   Code   RO          761    i.GPIO_PinAFConfig  stm32f4xx_gpio.o
    0x08001c46   0x00000004   Code   RO          767    i.GPIO_ResetBits    stm32f4xx_gpio.o
    0x08001c4a   0x00000004   Code   RO          768    i.GPIO_SetBits      stm32f4xx_gpio.o
    0x08001c4e   0x00000002   PAD
    0x08001c50   0x00000024   Code   RO         4909    i.GflyTask          mainflytask.o
    0x08001c74   0x00000002   Code   RO          207    i.HardFault_Handler  stm32f4xx_it.o
    0x08001c76   0x0000003e   Code   RO         2957    i.I2C_ReadOneByte   iic.o
    0x08001cb4   0x0000003c   Code   RO         2958    i.IIC_Ack           iic.o
    0x08001cf0   0x00000008   Code   RO         2959    i.IIC_Delay         iic.o
    0x08001cf8   0x00000034   Code   RO         2960    i.IIC_Init          iic.o
    0x08001d2c   0x0000003c   Code   RO         2961    i.IIC_NAck          iic.o
    0x08001d68   0x0000005c   Code   RO         2962    i.IIC_Read_Byte     iic.o
    0x08001dc4   0x0000005c   Code   RO         2963    i.IIC_Send_Byte     iic.o
    0x08001e20   0x00000050   Code   RO         2964    i.IIC_Start         iic.o
    0x08001e70   0x00000040   Code   RO         2965    i.IIC_Stop          iic.o
    0x08001eb0   0x00000050   Code   RO         2966    i.IIC_Wait_Ack      iic.o
    0x08001f00   0x0000000e   Code   RO         2967    i.IICreadByte       iic.o
    0x08001f0e   0x0000005c   Code   RO         2968    i.IICreadBytes      iic.o
    0x08001f6a   0x00000030   Code   RO         2969    i.IICwriteBit       iic.o
    0x08001f9a   0x00000054   Code   RO         2970    i.IICwriteBits      iic.o
    0x08001fee   0x0000000c   Code   RO         2971    i.IICwriteByte      iic.o
    0x08001ffa   0x00000044   Code   RO         2972    i.IICwriteBytes     iic.o
    0x0800203e   0x00000002   PAD
    0x08002040   0x00000028   Code   RO         2797    i.Led_Set           led.o
    0x08002068   0x00000048   Code   RO         2798    i.Led_init          led.o
    0x080020b0   0x0000002a   Code   RO         2830    i.MPU6050_initialize  mpu6050.o
    0x080020da   0x00000012   Code   RO         2832    i.MPU6050_setClockSource  mpu6050.o
    0x080020ec   0x00000012   Code   RO         2833    i.MPU6050_setFullScaleAccelRange  mpu6050.o
    0x080020fe   0x00000012   Code   RO         2834    i.MPU6050_setFullScaleGyroRange  mpu6050.o
    0x08002110   0x0000000c   Code   RO         2835    i.MPU6050_setI2CBypassEnabled  mpu6050.o
    0x0800211c   0x0000000c   Code   RO         2836    i.MPU6050_setI2CMasterModeEnabled  mpu6050.o
    0x08002128   0x0000000c   Code   RO         2837    i.MPU6050_setSleepEnabled  mpu6050.o
    0x08002134   0x00000034   Code   RO         2839    i.MPU_Get_Gyroscope  mpu6050.o
    0x08002168   0x00000078   Code   RO         3635    i.MS561101BA_DO_CONVERSION  ms5611.o
    0x080021e0   0x000001ec   Code   RO         3636    i.MS561101BA_GetPressure  ms5611.o
    0x080023cc   0x00000050   Code   RO         3637    i.MS561101BA_GetTemperature  ms5611.o
    0x0800241c   0x0000001a   Code   RO         3638    i.MS561101BA_Init   ms5611.o
    0x08002436   0x00000008   Code   RO         3639    i.MS561101BA_Reset  ms5611.o
    0x0800243e   0x00000002   PAD
    0x08002440   0x000000d8   Code   RO         3640    i.MS561101BA_readPROM  ms5611.o
    0x08002518   0x00000058   Code   RO         5004    i.MS5611Task        seniortask.o
    0x08002570   0x00000002   Code   RO          208    i.MemManage_Handler  stm32f4xx_it.o
    0x08002572   0x00000002   PAD
    0x08002574   0x000000d0   Code   RO         5005    i.Mpu6050Task       seniortask.o
    0x08002644   0x00000002   Code   RO          209    i.NMI_Handler       stm32f4xx_it.o
    0x08002646   0x00000002   PAD
    0x08002648   0x00000064   Code   RO          645    i.NVIC_Init         misc.o
    0x080026ac   0x00000014   Code   RO          646    i.NVIC_PriorityGroupConfig  misc.o
    0x080026c0   0x00000018   Code   RO         1215    i.RCC_AHB1PeriphClockCmd  stm32f4xx_rcc.o
    0x080026d8   0x00000018   Code   RO         1221    i.RCC_APB1PeriphClockCmd  stm32f4xx_rcc.o
    0x080026f0   0x00000018   Code   RO         1224    i.RCC_APB2PeriphClockCmd  stm32f4xx_rcc.o
    0x08002708   0x00000090   Code   RO         1233    i.RCC_GetClocksFreq  stm32f4xx_rcc.o
    0x08002798   0x00000194   Code   RO         2840    i.Read_DMP          mpu6050.o
    0x0800292c   0x000000b0   Code   RO          271    i.SetSysClock       system_stm32f4xx.o
    0x080029dc   0x00000084   Code   RO         5006    i.Start_Senior_Task  seniortask.o
    0x08002a60   0x000000a8   Code   RO         4943    i.Start_Usart_Task  usarttask.o
    0x08002b08   0x0000002c   Code   RO         4771    i.SysTick_Handler   port.o
    0x08002b34   0x0000005c   Code   RO          273    i.SystemInit        system_stm32f4xx.o
    0x08002b90   0x00000002   Code   RO          210    i.TIM3_IRQHandler   stm32f4xx_it.o
    0x08002b92   0x00000002   PAD
    0x08002b94   0x00000050   Code   RO         4944    i.USART1_IRQHandler  usarttask.o
    0x08002be4   0x000000b4   Code   RO         2690    i.USART1_init       usart.o
    0x08002c98   0x00000050   Code   RO         4945    i.USART2_IRQHandler  usarttask.o
    0x08002ce8   0x000000b8   Code   RO         2691    i.USART2_init       usart.o
    0x08002da0   0x00000054   Code   RO         4946    i.USART6_IRQHandler  usarttask.o
    0x08002df4   0x000000b8   Code   RO         2692    i.USART6_init       usart.o
    0x08002eac   0x00000006   Code   RO         2432    i.USART_ClearFlag   stm32f4xx_usart.o
    0x08002eb2   0x00000014   Code   RO         2436    i.USART_Cmd         stm32f4xx_usart.o
    0x08002ec6   0x0000000e   Code   RO         2439    i.USART_GetFlagStatus  stm32f4xx_usart.o
    0x08002ed4   0x0000003e   Code   RO         2440    i.USART_GetITStatus  stm32f4xx_usart.o
    0x08002f12   0x00000030   Code   RO         2442    i.USART_ITConfig    stm32f4xx_usart.o
    0x08002f42   0x00000002   PAD
    0x08002f44   0x000000ac   Code   RO         2443    i.USART_Init        stm32f4xx_usart.o
    0x08002ff0   0x00000008   Code   RO         2450    i.USART_ReceiveData  stm32f4xx_usart.o
    0x08002ff8   0x00000008   Code   RO         2453    i.USART_SendData    stm32f4xx_usart.o
    0x08003000   0x00000002   Code   RO          211    i.UsageFault_Handler  stm32f4xx_it.o
    0x08003002   0x00000002   PAD
    0x08003004   0x00000094   Code   RO         4947    i.Usart1RecTask     usarttask.o
    0x08003098   0x000000bc   Code   RO         4948    i.Usart2RecTask     usarttask.o
    0x08003154   0x0000002c   Code   RO         4949    i.Usart6RecTask     usarttask.o
    0x08003180   0x00000030   Code   RO         5272    i.__ARM_fpclassify  m_wm.l(fpclassify.o)
    0x080031b0   0x00000360   Code   RO         5149    i.__hardfp_asin     m_wm.l(asin.o)
    0x08003510   0x000002d8   Code   RO         5238    i.__hardfp_atan     m_wm.l(atan.o)
    0x080037e8   0x000001f0   Code   RO         5163    i.__hardfp_atan2    m_wm.l(atan2.o)
    0x080039d8   0x00000c50   Code   RO         5189    i.__hardfp_pow      m_wm.l(pow.o)
    0x08004628   0x000000f8   Code   RO         5274    i.__kernel_poly     m_wm.l(poly.o)
    0x08004720   0x00000030   Code   RO         5252    i.__mathlib_dbl_divzero  m_wm.l(dunder.o)
    0x08004750   0x00000014   Code   RO         5253    i.__mathlib_dbl_infnan  m_wm.l(dunder.o)
    0x08004764   0x00000014   Code   RO         5254    i.__mathlib_dbl_infnan2  m_wm.l(dunder.o)
    0x08004778   0x00000020   Code   RO         5255    i.__mathlib_dbl_invalid  m_wm.l(dunder.o)
    0x08004798   0x00000020   Code   RO         5256    i.__mathlib_dbl_overflow  m_wm.l(dunder.o)
    0x080047b8   0x00000020   Code   RO         5258    i.__mathlib_dbl_underflow  m_wm.l(dunder.o)
    0x080047d8   0x0000000e   Code   RO         5094    i._is_digit         c_w.l(__printf_wp.o)
    0x080047e6   0x00000002   Code   RO         2693    i._sys_exit         usart.o
    0x080047e8   0x00000090   Code   RO         3084    i.accel_self_test   inv_mpu.o
    0x08004878   0x00000010   Code   RO         5240    i.atan              m_wm.l(atan.o)
    0x08004888   0x000000c4   Code   RO          324    i.basicDataPrash    gfly.o
    0x0800494c   0x000000d0   Code   RO         3643    i.caculate_High     ms5611.o
    0x08004a1c   0x00000060   Code   RO         3644    i.calculateAltitude  ms5611.o
    0x08004a7c   0x000000c0   Code   RO          326    i.cmdPrash          gfly.o
    0x08004b3c   0x00000020   Code   RO          328    i.dataEvenParity    gfly.o
    0x08004b5c   0x00000020   Code   RO          329    i.dataEvenParityRec  gfly.o
    0x08004b7c   0x0000003a   Code   RO         3391    i.dmp_enable_6x_lp_quat  inv_mpu_dmp_motion_driver.o
    0x08004bb6   0x00000002   PAD
    0x08004bb8   0x000001dc   Code   RO         3392    i.dmp_enable_feature  inv_mpu_dmp_motion_driver.o
    0x08004d94   0x00000038   Code   RO         3393    i.dmp_enable_gyro_cal  inv_mpu_dmp_motion_driver.o
    0x08004dcc   0x0000003a   Code   RO         3394    i.dmp_enable_lp_quat  inv_mpu_dmp_motion_driver.o
    0x08004e06   0x00000002   PAD
    0x08004e08   0x00000014   Code   RO         3399    i.dmp_load_motion_driver_firmware  inv_mpu_dmp_motion_driver.o
    0x08004e1c   0x0000014c   Code   RO         3400    i.dmp_read_fifo     inv_mpu_dmp_motion_driver.o
    0x08004f68   0x000000d8   Code   RO         3403    i.dmp_set_accel_bias  inv_mpu_dmp_motion_driver.o
    0x08005040   0x00000064   Code   RO         3404    i.dmp_set_fifo_rate  inv_mpu_dmp_motion_driver.o
    0x080050a4   0x000000cc   Code   RO         3405    i.dmp_set_gyro_bias  inv_mpu_dmp_motion_driver.o
    0x08005170   0x0000010c   Code   RO         3407    i.dmp_set_orientation  inv_mpu_dmp_motion_driver.o
    0x0800527c   0x00000030   Code   RO         3410    i.dmp_set_shake_reject_thresh  inv_mpu_dmp_motion_driver.o
    0x080052ac   0x00000020   Code   RO         3411    i.dmp_set_shake_reject_time  inv_mpu_dmp_motion_driver.o
    0x080052cc   0x00000020   Code   RO         3412    i.dmp_set_shake_reject_timeout  inv_mpu_dmp_motion_driver.o
    0x080052ec   0x00000040   Code   RO         3413    i.dmp_set_tap_axes  inv_mpu_dmp_motion_driver.o
    0x0800532c   0x00000022   Code   RO         3414    i.dmp_set_tap_count  inv_mpu_dmp_motion_driver.o
    0x0800534e   0x00000002   PAD
    0x08005350   0x00000160   Code   RO         3415    i.dmp_set_tap_thresh  inv_mpu_dmp_motion_driver.o
    0x080054b0   0x00000020   Code   RO         3416    i.dmp_set_tap_time  inv_mpu_dmp_motion_driver.o
    0x080054d0   0x00000020   Code   RO         3417    i.dmp_set_tap_time_multi  inv_mpu_dmp_motion_driver.o
    0x080054f0   0x0000001a   Code   RO          331    i.evenParity        gfly.o
    0x0800550a   0x00000018   Code   RO         5268    i.fabs              m_wm.l(fabs.o)
    0x08005522   0x00000002   PAD
    0x08005524   0x00000018   Code   RO         2694    i.fputc             usart.o
    0x0800553c   0x00000060   Code   RO         3646    i.get_High          ms5611.o
    0x0800559c   0x000000b4   Code   RO         3085    i.get_accel_prod_shift  inv_mpu.o
    0x08005650   0x00000314   Code   RO         3086    i.get_st_biases     inv_mpu.o
    0x08005964   0x000000d4   Code   RO         3087    i.gyro_self_test    inv_mpu.o
    0x08005a38   0x00000088   Code   RO         2973    i.i2cRead           iic.o
    0x08005ac0   0x00000050   Code   RO         2974    i.i2cWrite          iic.o
    0x08005b10   0x00000030   Code   RO         3648    i.iic_send_cmd      ms5611.o
    0x08005b40   0x00000060   Code   RO         5007    i.initSeniorTask    seniortask.o
    0x08005ba0   0x00000048   Code   RO         2842    i.inv_row_2_scale   mpu6050.o
    0x08005be8   0x00000058   Code   RO            5    i.main              main.o
    0x08005c40   0x00000058   Code   RO         3088    i.mpu_configure_fifo  inv_mpu.o
    0x08005c98   0x0000003c   Code   RO         3089    i.mpu_get_accel_fsr  inv_mpu.o
    0x08005cd4   0x00000044   Code   RO         3091    i.mpu_get_accel_sens  inv_mpu.o
    0x08005d18   0x00000034   Code   RO         3097    i.mpu_get_gyro_fsr  inv_mpu.o
    0x08005d4c   0x0000004c   Code   RO         3099    i.mpu_get_gyro_sens  inv_mpu.o
    0x08005d98   0x00000038   Code   RO         3101    i.mpu_get_lpf       inv_mpu.o
    0x08005dd0   0x0000001c   Code   RO         3103    i.mpu_get_sample_rate  inv_mpu.o
    0x08005dec   0x00000188   Code   RO         3105    i.mpu_init          inv_mpu.o
    0x08005f74   0x000000a4   Code   RO         3106    i.mpu_load_firmware  inv_mpu.o
    0x08006018   0x000000b8   Code   RO         3107    i.mpu_lp_accel_mode  inv_mpu.o
    0x080060d0   0x000000c0   Code   RO         3110    i.mpu_read_fifo_stream  inv_mpu.o
    0x08006190   0x00000054   Code   RO         3111    i.mpu_read_mem      inv_mpu.o
    0x080061e4   0x00000150   Code   RO         3114    i.mpu_reset_fifo    inv_mpu.o
    0x08006334   0x000000f0   Code   RO         3115    i.mpu_run_self_test  inv_mpu.o
    0x08006424   0x00000068   Code   RO         3117    i.mpu_set_accel_fsr  inv_mpu.o
    0x0800648c   0x000000dc   Code   RO         3118    i.mpu_set_bypass    inv_mpu.o
    0x08006568   0x00000078   Code   RO         3120    i.mpu_set_dmp_state  inv_mpu.o
    0x080065e0   0x0000006c   Code   RO         3121    i.mpu_set_gyro_fsr  inv_mpu.o
    0x0800664c   0x00000064   Code   RO         3122    i.mpu_set_int_latched  inv_mpu.o
    0x080066b0   0x0000006c   Code   RO         3124    i.mpu_set_lpf       inv_mpu.o
    0x0800671c   0x00000078   Code   RO         3125    i.mpu_set_sample_rate  inv_mpu.o
    0x08006794   0x000000b8   Code   RO         3126    i.mpu_set_sensors   inv_mpu.o
    0x0800684c   0x00000054   Code   RO         3127    i.mpu_write_mem     inv_mpu.o
    0x080068a0   0x00000002   Code   RO         3128    i.myget_ms          inv_mpu.o
    0x080068a2   0x00000002   PAD
    0x080068a4   0x00000208   Code   RO          336    i.pidSendPrash      gfly.o
    0x08006aac   0x00000002   Code   RO          342    i.pressDataPrash    gfly.o
    0x08006aae   0x00000002   PAD
    0x08006ab0   0x00000088   Code   RO         4266    i.prvAddCurrentTaskToDelayedList  tasks.o
    0x08006b38   0x000000f0   Code   RO         4267    i.prvAddNewTaskToReadyList  tasks.o
    0x08006c28   0x00000050   Code   RO         4614    i.prvCheckForValidListAndQueue  timers.o
    0x08006c78   0x00000026   Code   RO         3912    i.prvCopyDataFromQueue  queue.o
    0x08006c9e   0x0000006c   Code   RO         3913    i.prvCopyDataToQueue  queue.o
    0x08006d0a   0x00000014   Code   RO         4268    i.prvDeleteTCB      tasks.o
    0x08006d1e   0x00000002   PAD
    0x08006d20   0x00000044   Code   RO         4847    i.prvHeapInit       heap_4.o
    0x08006d64   0x0000005c   Code   RO         4269    i.prvIdleTask       tasks.o
    0x08006dc0   0x000000a6   Code   RO         4270    i.prvInitialiseNewTask  tasks.o
    0x08006e66   0x00000002   PAD
    0x08006e68   0x0000004c   Code   RO         4848    i.prvInsertBlockIntoFreeList  heap_4.o
    0x08006eb4   0x00000038   Code   RO         4615    i.prvInsertTimerInActiveList  timers.o
    0x08006eec   0x0000001a   Code   RO         3914    i.prvIsQueueEmpty   queue.o
    0x08006f06   0x00000002   PAD
    0x08006f08   0x00000040   Code   RO         4616    i.prvProcessExpiredTimer  timers.o
    0x08006f48   0x000000e4   Code   RO         4617    i.prvProcessReceivedCommands  timers.o
    0x0800702c   0x0000006c   Code   RO         4618    i.prvProcessTimerOrBlockTask  timers.o
    0x08007098   0x00000028   Code   RO         4619    i.prvReloadTimer    timers.o
    0x080070c0   0x0000001c   Code   RO         4272    i.prvResetNextTaskUnblockTime  tasks.o
    0x080070dc   0x00000048   Code   RO         4620    i.prvSampleTimeNow  timers.o
    0x08007124   0x00000028   Code   RO         4772    i.prvTaskExitError  port.o
    0x0800714c   0x00000028   Code   RO         4621    i.prvTimerTask      timers.o
    0x08007174   0x0000006a   Code   RO         3915    i.prvUnlockQueue    queue.o
    0x080071de   0x00000002   PAD
    0x080071e0   0x000000c0   Code   RO         4850    i.pvPortMalloc      heap_4.o
    0x080072a0   0x00000018   Code   RO         4274    i.pvTaskIncrementMutexHeldCount  tasks.o
    0x080072b8   0x0000002c   Code   RO         4773    i.pxPortInitialiseStack  port.o
    0x080072e4   0x000000ac   Code   RO         2843    i.run_self_test     mpu6050.o
    0x08007390   0x00000030   Code   RO          346    i.sendAck           gfly.o
    0x080073c0   0x00000038   Code   RO          348    i.sendPacket        gfly.o
    0x080073f8   0x00000054   Code   RO         3129    i.set_int_enable    inv_mpu.o
    0x0800744c   0x00000138   Code   RO          351    i.settingDataPrash  gfly.o
    0x08007584   0x0000006e   Code   RO         5279    i.sqrt              m_wm.l(sqrt.o)
    0x080075f2   0x00000002   PAD
    0x080075f4   0x00000060   Code   RO         4910    i.start_Main_Fly_Task  mainflytask.o
    0x08007654   0x00000064   Code   RO          353    i.temperatureDataPrash  gfly.o
    0x080076b8   0x00000026   Code   RO         3872    i.uxListRemove      list.o
    0x080076de   0x00000002   PAD
    0x080076e0   0x0000000c   Code   RO         4277    i.uxTaskGetNumberOfTasks  tasks.o
    0x080076ec   0x00000016   Code   RO         3873    i.vListInitialise   list.o
    0x08007702   0x00000006   Code   RO         3874    i.vListInitialiseItem  list.o
    0x08007708   0x00000030   Code   RO         3875    i.vListInsert       list.o
    0x08007738   0x00000018   Code   RO         3876    i.vListInsertEnd    list.o
    0x08007750   0x00000040   Code   RO         4775    i.vPortEnterCritical  port.o
    0x08007790   0x00000028   Code   RO         4776    i.vPortExitCritical  port.o
    0x080077b8   0x00000064   Code   RO         4851    i.vPortFree         heap_4.o
    0x0800781c   0x00000024   Code   RO         4777    i.vPortSetupTimerInterrupt  port.o
    0x08007840   0x00000054   Code   RO         4778    i.vPortValidateInterruptPriority  port.o
    0x08007894   0x0000004c   Code   RO         3921    i.vQueueAddToRegistry  queue.o
    0x080078e0   0x00000044   Code   RO         3925    i.vQueueWaitForMessageRestricted  queue.o
    0x08007924   0x0000004c   Code   RO         4283    i.vTaskDelay        tasks.o
    0x08007970   0x000000b0   Code   RO         4284    i.vTaskDelete       tasks.o
    0x08007a20   0x00000010   Code   RO         4288    i.vTaskInternalSetTimeOutState  tasks.o
    0x08007a30   0x0000000c   Code   RO         4289    i.vTaskMissedYield  tasks.o
    0x08007a3c   0x00000030   Code   RO         4290    i.vTaskPlaceOnEventList  tasks.o
    0x08007a6c   0x00000050   Code   RO         4291    i.vTaskPlaceOnEventListRestricted  tasks.o
    0x08007abc   0x000000c4   Code   RO         4293    i.vTaskPriorityDisinheritAfterTimeout  tasks.o
    0x08007b80   0x00000070   Code   RO         4299    i.vTaskStartScheduler  tasks.o
    0x08007bf0   0x00000010   Code   RO         4301    i.vTaskSuspendAll   tasks.o
    0x08007c00   0x0000005c   Code   RO         4302    i.vTaskSwitchContext  tasks.o
    0x08007c5c   0x000000f4   Code   RO         4779    i.xPortStartScheduler  port.o
    0x08007d50   0x00000024   Code   RO         3927    i.xQueueCreateMutex  queue.o
    0x08007d74   0x0000005e   Code   RO         3928    i.xQueueGenericCreate  queue.o
    0x08007dd2   0x00000002   PAD
    0x08007dd4   0x000000b0   Code   RO         3929    i.xQueueGenericReset  queue.o
    0x08007e84   0x00000164   Code   RO         3930    i.xQueueGenericSend  queue.o
    0x08007fe8   0x000000da   Code   RO         3931    i.xQueueGenericSendFromISR  queue.o
    0x080080c2   0x00000002   PAD
    0x080080c4   0x00000138   Code   RO         3938    i.xQueueReceive     queue.o
    0x080081fc   0x00000168   Code   RO         3940    i.xQueueSemaphoreTake  queue.o
    0x08008364   0x0000007c   Code   RO         4304    i.xTaskCheckForTimeOut  tasks.o
    0x080083e0   0x0000005c   Code   RO         4305    i.xTaskCreate       tasks.o
    0x0800843c   0x0000001c   Code   RO         4312    i.xTaskGetSchedulerState  tasks.o
    0x08008458   0x0000000c   Code   RO         4313    i.xTaskGetTickCount  tasks.o
    0x08008464   0x00000128   Code   RO         4315    i.xTaskIncrementTick  tasks.o
    0x0800858c   0x000000b8   Code   RO         4316    i.xTaskPriorityDisinherit  tasks.o
    0x08008644   0x000000b4   Code   RO         4317    i.xTaskPriorityInherit  tasks.o
    0x080086f8   0x000000dc   Code   RO         4318    i.xTaskRemoveFromEventList  tasks.o
    0x080087d4   0x00000128   Code   RO         4319    i.xTaskResumeAll    tasks.o
    0x080088fc   0x0000004c   Code   RO         4629    i.xTimerCreateTimerTask  timers.o
    0x08008948   0x0000002c   Code   RO         5354    locale$$code        c_w.l(lc_numeric_c.o)
    0x08008974   0x00000018   Code   RO         5221    x$fpl$basic         fz_wm.l(basic.o)
    0x0800898c   0x00000062   Code   RO         5125    x$fpl$d2f           fz_wm.l(d2f.o)
    0x080089ee   0x00000002   PAD
    0x080089f0   0x00000150   Code   RO         5127    x$fpl$dadd          fz_wm.l(daddsub_clz.o)
    0x08008b40   0x00000010   Code   RO         5356    x$fpl$dcheck1       fz_wm.l(dcheck1.o)
    0x08008b50   0x00000018   Code   RO         5358    x$fpl$dcmpinf       fz_wm.l(dcmpi.o)
    0x08008b68   0x000002b0   Code   RO         5134    x$fpl$ddiv          fz_wm.l(ddiv.o)
    0x08008e18   0x0000002e   Code   RO         5138    x$fpl$dflt          fz_wm.l(dflt_clz.o)
    0x08008e46   0x00000026   Code   RO         5137    x$fpl$dfltu         fz_wm.l(dflt_clz.o)
    0x08008e6c   0x00000078   Code   RO         5360    x$fpl$dleqf         fz_wm.l(dleqf.o)
    0x08008ee4   0x00000154   Code   RO         5143    x$fpl$dmul          fz_wm.l(dmul.o)
    0x08009038   0x0000009c   Code   RO         5225    x$fpl$dnaninf       fz_wm.l(dnaninf.o)
    0x080090d4   0x0000000c   Code   RO         5227    x$fpl$dretinf       fz_wm.l(dretinf.o)
    0x080090e0   0x0000006c   Code   RO         5229    x$fpl$drleqf        fz_wm.l(drleqf.o)
    0x0800914c   0x00000016   Code   RO         5128    x$fpl$drsb          fz_wm.l(daddsub_clz.o)
    0x08009162   0x00000002   PAD
    0x08009164   0x00000198   Code   RO         5362    x$fpl$dsqrt         fz_wm.l(dsqrt_umaal.o)
    0x080092fc   0x000001d4   Code   RO         5129    x$fpl$dsub          fz_wm.l(daddsub_clz.o)
    0x080094d0   0x00000056   Code   RO         5145    x$fpl$f2d           fz_wm.l(f2d.o)
    0x08009526   0x0000008c   Code   RO         5231    x$fpl$fnaninf       fz_wm.l(fnaninf.o)
    0x080095b2   0x0000000a   Code   RO         5440    x$fpl$fpinit        fz_wm.l(fpinit.o)
    0x080095bc   0x0000000a   Code   RO         5233    x$fpl$fretinf       fz_wm.l(fretinf.o)
    0x080095c6   0x00000004   Code   RO         5147    x$fpl$printf1       fz_wm.l(printf1.o)
    0x080095ca   0x00000064   Code   RO         5430    x$fpl$retnan        fz_wm.l(retnan.o)
    0x0800962e   0x0000005c   Code   RO         5235    x$fpl$scalbn        fz_wm.l(scalbn.o)
    0x0800968a   0x00000030   Code   RO         5442    x$fpl$trapveneer    fz_wm.l(trapv.o)
    0x080096ba   0x00000000   Code   RO         5237    x$fpl$usenofp       fz_wm.l(usenofp.o)
    0x080096ba   0x0000000c   Data   RO         3130    .constdata          inv_mpu.o
    0x080096c6   0x0000001b   Data   RO         3131    .constdata          inv_mpu.o
    0x080096e1   0x00000003   PAD
    0x080096e4   0x00000028   Data   RO         3132    .constdata          inv_mpu.o
    0x0800970c   0x00000bf6   Data   RO         3419    .constdata          inv_mpu_dmp_motion_driver.o
    0x0800a302   0x00000028   Data   RO         5067    .constdata          c_w.l(_printf_hex_int.o)
    0x0800a32a   0x00000006   PAD
    0x0800a330   0x00000050   Data   RO         5152    .constdata          m_wm.l(asin.o)
    0x0800a380   0x00000088   Data   RO         5192    .constdata          m_wm.l(pow.o)
    0x0800a408   0x00000098   Data   RO         5241    .constdata          m_wm.l(atan.o)
    0x0800a4a0   0x00000008   Data   RO         5276    .constdata          m_wm.l(qnan.o)
    0x0800a4a8   0x00000094   Data   RO         5325    .constdata          c_w.l(bigflt0.o)
    0x0800a53c   0x0000004e   Data   RO         3133    .conststring        inv_mpu.o
    0x0800a58a   0x00000002   PAD
    0x0800a58c   0x00000020   Data   RO         5513    Region$$Table       anon$$obj.o
    0x0800a5ac   0x0000001c   Data   RO         5353    locale$$data        c_w.l(lc_numeric_c.o)


    Execution Region RW_IRAM1 (Base: 0x20000000, Size: 0x00008240, Max: 0x00010000, ABSOLUTE, COMPRESSED[0x00000074])

    Base Addr    Size         Type   Attr      Idx    E Section Name        Object

    0x20000000   0x00000004   Data   RW            6    .data               main.o
    0x20000004   0x00000014   Data   RW          274    .data               system_stm32f4xx.o
    0x20000018   0x00000120   Data   RW          362    .data               gfly.o
    0x20000138   0x00000010   Data   RW         1263    .data               stm32f4xx_rcc.o
    0x20000148   0x00000004   Data   RW         2698    .data               usart.o
    0x2000014c   0x00000029   Data   RW         2845    .data               mpu6050.o
    0x20000175   0x00000003   PAD
    0x20000178   0x0000002c   Data   RW         3134    .data               inv_mpu.o
    0x200001a4   0x00000004   PAD
    0x200001a8   0x00000038   Data   RW         3651    .data               ms5611.o
    0x200001e0   0x00000040   Data   RW         4322    .data               tasks.o
    0x20000220   0x00000014   Data   RW         4637    .data               timers.o
    0x20000234   0x0000000c   Data   RW         4780    .data               port.o
    0x20000240   0x0000001c   Data   RW         4857    .data               heap_4.o
    0x2000025c   0x0000000c   Data   RW         4911    .data               mainflytask.o
    0x20000268   0x00000018   Data   RW         4950    .data               usarttask.o
    0x20000280   0x00000010   Data   RW         5008    .data               seniortask.o
    0x20000290   0x00000010   Zero   RW         3418    .bss                inv_mpu_dmp_motion_driver.o
    0x200002a0   0x00000010   Zero   RW         3650    .bss                ms5611.o
    0x200002b0   0x00000040   Zero   RW         3942    .bss                queue.o
    0x200002f0   0x000000c8   Zero   RW         4321    .bss                tasks.o
    0x200003b8   0x00000028   Zero   RW         4636    .bss                timers.o
    0x200003e0   0x00007800   Zero   RW         4856    .bss                heap_4.o
    0x20007be0   0x00000060   Zero   RW         5367    .bss                c_w.l(libspace.o)
    0x20007c40   0x00000200   Zero   RW          636    HEAP                startup_stm32f411xe.o
    0x20007e40   0x00000400   Zero   RW          635    STACK               startup_stm32f411xe.o


==============================================================================

Image component sizes


      Code (inc. data)   RO Data    RW Data    ZI Data      Debug   Object Name

         0          0          0          0          0      13148   event_groups.o
      1516        444          0        288          0      16535   gfly.o
       436         22          0         28      30720       5175   heap_4.o
      1184         90          0          0          0      12370   iic.o
      4578        330        157         44          0      28046   inv_mpu.o
      2414        132       3062          0         16      20686   inv_mpu_dmp_motion_driver.o
       112         10          0          0          0       1129   led.o
       138          0          0          0          0       3262   list.o
       126         16          0          4          0     256631   main.o
       140         42          0         12          0       3841   mainflytask.o
       120         14          0          0          0       1719   misc.o
      1428        428          0         41          0      35891   mpu6050.o
      1390        346          0         56         16       7697   ms5611.o
       786         80          0         12          0      11181   port.o
      1974         24          0          0         64      18944   queue.o
       524        184          0         16          0       2498   seniortask.o
        64         26        408          0       1536        812   startup_stm32f411xe.o
       160          0          0          0          0       3135   stm32f4xx_gpio.o
        14          0          0          0          0       3239   stm32f4xx_it.o
       216         30          0         16          0       5043   stm32f4xx_rcc.o
       338          8          0          0          0       6687   stm32f4xx_usart.o
       268         36          0         20          0       1865   system_stm32f4xx.o
      2974        200          0         64        200      31102   tasks.o
       764         84          0         20         40      25190   timers.o
       574         32          0          4          0       5236   usart.o
       792        162          0         24          0       4623   usarttask.o

    ----------------------------------------------------------------------
     23074       2740       3664        656      32592     525685   Object Totals
         0          0         32          0          0          0   (incl. Generated)
        44          0          5          7          0          0   (incl. Padding)

    ----------------------------------------------------------------------

      Code (inc. data)   RO Data    RW Data    ZI Data      Debug   Library Member Name

        90          0          0          0          0          0   __dczerorl2.o
         8          0          0          0          0         68   __main.o
       352          0          0          0          0         88   __printf_ss_wp.o
        14          0          0          0          0         68   __printf_wp.o
         0          0          0          0          0          0   __rtentry.o
        12          0          0          0          0          0   __rtentry2.o
         6          0          0          0          0          0   __rtentry4.o
        52          8          0          0          0          0   __scatter.o
        28          0          0          0          0          0   __scatter_zi.o
         6          0          0          0          0          0   _printf_c.o
        44          0          0          0          0        108   _printf_char.o
        48          6          0          0          0         96   _printf_char_common.o
        36          4          0          0          0         80   _printf_char_file.o
         6          0          0          0          0          0   _printf_d.o
       120         16          0          0          0         92   _printf_dec.o
         6          0          0          0          0          0   _printf_f.o
      1050          0          0          0          0        216   _printf_fp_dec.o
       128         16          0          0          0         84   _printf_fp_infnan.o
        88          4         40          0          0         88   _printf_hex_int.o
       178          0          0          0          0         88   _printf_intcommon.o
         0          0          0          0          0          0   _printf_percent.o
         4          0          0          0          0          0   _printf_percent_end.o
        82          0          0          0          0         80   _printf_str.o
         6          0          0          0          0          0   _printf_x.o
        22          0          0          0          0        100   _rserrno.o
        16          0          0          0          0         68   aeabi_memset.o
       220          4        148          0          0         96   bigflt0.o
      1910        128          0          0          0        672   btod.o
        18          0          0          0          0         80   exit.o
         8          0          0          0          0         68   ferror.o
         6          0          0          0          0        152   heapauxi.o
        44         10         28          0          0         76   lc_numeric_c.o
         2          0          0          0          0          0   libinit.o
        22          0          0          0          0          0   libinit2.o
         2          0          0          0          0          0   libshutdown.o
         2          0          0          0          0          0   libshutdown2.o
         8          4          0          0         96         68   libspace.o
        72          0          0          0          0         76   llsdiv.o
       138          0          0          0          0         80   lludiv10.o
       238          0          0          0          0        100   lludivv7m.o
        88          0          0          0          0         76   memcmp.o
        24          4          0          0          0         84   noretval__2printf.o
         8          4          0          0          0         68   rt_errno_addr_intlibspace.o
         8          4          0          0          0         68   rt_locale_intlibspace.o
        68          0          0          0          0         68   rt_memclr.o
        78          0          0          0          0         80   rt_memclr_w.o
       138          0          0          0          0         68   rt_memcpy_v6.o
       100          0          0          0          0         80   rt_memcpy_w.o
         2          0          0          0          0          0   rtexit.o
        10          0          0          0          0          0   rtexit2.o
       128          0          0          0          0         68   strcmpv7m.o
        74          0          0          0          0         80   sys_stackheap_outer.o
         2          0          0          0          0         68   use_no_semi.o
         2          0          0          0          0         68   use_no_semi_2.o
        24          0          0          0          0        164   basic.o
        98          4          0          0          0        140   d2f.o
       826         16          0          0          0        492   daddsub_clz.o
        16          4          0          0          0        116   dcheck1.o
        24          0          0          0          0        116   dcmpi.o
       688        140          0          0          0        256   ddiv.o
        84          0          0          0          0        232   dflt_clz.o
       120          4          0          0          0        140   dleqf.o
       340         12          0          0          0        152   dmul.o
       156          4          0          0          0        140   dnaninf.o
        12          0          0          0          0        116   dretinf.o
       108          0          0          0          0        128   drleqf.o
       408         56          0          0          0        168   dsqrt_umaal.o
        86          4          0          0          0        132   f2d.o
       140          4          0          0          0        132   fnaninf.o
        10          0          0          0          0        116   fpinit.o
        10          0          0          0          0        116   fretinf.o
         4          0          0          0          0        116   printf1.o
       100          0          0          0          0        116   retnan.o
        92          0          0          0          0        116   scalbn.o
        48          0          0          0          0        116   trapv.o
         0          0          0          0          0          0   usenofp.o
       864         94         80          0          0        280   asin.o
       744        106        152          0          0        352   atan.o
       496         64          0          0          0        192   atan2.o
       184         44          0          0          0        744   dunder.o
        24          0          0          0          0        124   fabs.o
        48          0          0          0          0        124   fpclassify.o
       248          0          0          0          0        152   poly.o
      3152        296        136          0          0        352   pow.o
         0          0          8          0          0          0   qnan.o
       110          0          0          0          0        148   sqrt.o

    ----------------------------------------------------------------------
     15104       1064        598          0         96       9456   Library Totals
        18          0          6          0          0          0   (incl. Padding)

    ----------------------------------------------------------------------

      Code (inc. data)   RO Data    RW Data    ZI Data      Debug   Library Name

      5822        212        216          0         96       3668   c_w.l
      3394        248          0          0          0       3320   fz_wm.l
      5870        604        376          0          0       2468   m_wm.l

    ----------------------------------------------------------------------
     15104       1064        598          0         96       9456   Library Totals

    ----------------------------------------------------------------------

==============================================================================


      Code (inc. data)   RO Data    RW Data    ZI Data      Debug   

     38178       3804       4262        656      32688     508761   Grand Totals
     38178       3804       4262        116      32688     508761   ELF Image Totals (compressed)
     38178       3804       4262        116          0          0   ROM Totals

==============================================================================

    Total RO  Size (Code + RO Data)                42440 (  41.45kB)
    Total RW  Size (RW Data + ZI Data)             33344 (  32.56kB)
    Total ROM Size (Code + RO Data + RW Data)      42556 (  41.56kB)

==============================================================================

