Component: ARM Compiler 5.06 update 3 (build 300) Tool: armlink [4d35c9]

==============================================================================

Section Cross References

    main.o(i.AppTask) refers to led.o(i.Led_init) for Led_init
    main.o(i.AppTask) refers to led.o(i.Led_Set) for Led_Set
    main.o(i.AppTask) refers to tasks.o(i.vTaskDelay) for vTaskDelay
    main.o(i.main) refers to misc.o(i.NVIC_PriorityGroupConfig) for NVIC_PriorityGroupConfig
    main.o(i.main) refers to usart.o(i.USART1_init) for USART1_init
    main.o(i.main) refers to usart.o(i.USART2_init) for USART2_init
    main.o(i.main) refers to usart.o(i.USART6_init) for USART6_init
    main.o(i.main) refers to tasks.o(i.xTaskCreate) for xTaskCreate
    main.o(i.main) refers to usarttask.o(i.Start_Usart_Task) for Start_Usart_Task
    main.o(i.main) refers to seniortask.o(i.Start_Senior_Task) for Start_Senior_Task
    main.o(i.main) refers to mainflytask.o(i.start_Main_Fly_Task) for start_Main_Fly_Task
    main.o(i.main) refers to tasks.o(i.vTaskStartScheduler) for vTaskStartScheduler
    main.o(i.main) refers to main.o(.data) for .data
    main.o(i.main) refers to main.o(i.AppTask) for AppTask
    system_stm32f4xx.o(i.SystemCoreClockUpdate) refers to system_stm32f4xx.o(.data) for .data
    system_stm32f4xx.o(i.SystemInit) refers to system_stm32f4xx.o(i.SetSysClock) for SetSysClock
    gfly.o(i.Gfly_Event_Thread) refers to _printf_percent.o(.ARM.Collect$$_printf_percent$$00000000) for _printf_percent
    gfly.o(i.Gfly_Event_Thread) refers to _printf_d.o(.ARM.Collect$$_printf_percent$$00000009) for _printf_d
    gfly.o(i.Gfly_Event_Thread) refers to _printf_f.o(.ARM.Collect$$_printf_percent$$00000003) for _printf_f
    gfly.o(i.Gfly_Event_Thread) refers to _printf_dec.o(.text) for _printf_int_dec
    gfly.o(i.Gfly_Event_Thread) refers to printf1.o(x$fpl$printf1) for _printf_fp_dec
    gfly.o(i.Gfly_Event_Thread) refers to f2d.o(x$fpl$f2d) for __aeabi_f2d
    gfly.o(i.Gfly_Event_Thread) refers to noretval__2printf.o(.text) for __2printf
    gfly.o(i.Gfly_Event_Thread) refers to gfly.o(i.basicDataSend) for basicDataSend
    gfly.o(i.Gfly_Event_Thread) refers to gfly.o(i.throttleDataSend) for throttleDataSend
    gfly.o(i.Gfly_Event_Thread) refers to gfly.o(i.sendPid) for sendPid
    gfly.o(i.Gfly_Event_Thread) refers to gfly.o(.data) for .data
    gfly.o(i.Gfly_Event_Thread) refers to gfly.o(.conststring) for .conststring
    gfly.o(i.Gfly_HardWare_Init) refers to usart.o(i.USART1_init) for USART1_init
    gfly.o(i.Gfly_HardWare_Init) refers to usart.o(i.USART6_init) for USART6_init
    gfly.o(i.Gfly_HardWare_Init) refers to noretval__2printf.o(.text) for __2printf
    gfly.o(i.Gfly_HardWare_Init) refers to iic.o(i.IIC_Init) for IIC_Init
    gfly.o(i.Gfly_HardWare_Init) refers to motor.o(i.motorInit) for motorInit
    gfly.o(i.Gfly_HardWare_Init) refers to mpu6050.o(i.MPU6050_initialize) for MPU6050_initialize
    gfly.o(i.Gfly_HardWare_Init) refers to mpu6050.o(i.DMP_Init) for DMP_Init
    gfly.o(i.Gfly_HardWare_Init) refers to delay.o(i.delay_ms) for delay_ms
    gfly.o(i.Gfly_Main_Thread) refers to gfly.o(i.double_PID) for double_PID
    gfly.o(i.Gfly_Safety_Check) refers to noretval__2printf.o(.text) for __2printf
    gfly.o(i.Gfly_Safety_Check) refers to gfly.o(.data) for .data
    gfly.o(i.Gfly_Safety_Check) refers to gfly.o(.conststring) for .conststring
    gfly.o(i.Gfly_SoftWare_Init) refers to gfly.o(i.Gfly_show) for Gfly_show
    gfly.o(i.Gfly_SoftWare_Init) refers to gfly.o(i.show_PID) for show_PID
    gfly.o(i.Gfly_Tick) refers to gfly.o(i.double_PID) for double_PID
    gfly.o(i.Gfly_Tick) refers to gfly.o(i.Gfly_Event_Thread) for Gfly_Event_Thread
    gfly.o(i.Gfly_Tick) refers to stm32f4xx_gpio.o(i.GPIO_SetBits) for GPIO_SetBits
    gfly.o(i.Gfly_Tick) refers to stm32f4xx_gpio.o(i.GPIO_ResetBits) for GPIO_ResetBits
    gfly.o(i.Gfly_Tick) refers to gfly.o(.data) for .data
    gfly.o(i.Gfly_show) refers to noretval__2printf.o(.text) for __2printf
    gfly.o(i.RecData) refers to gfly.o(.data) for .data
    gfly.o(i.Signal_PID) refers to gfly.o(i.Gfly_Safety_Check) for Gfly_Safety_Check
    gfly.o(i.Signal_PID) refers to mpu6050.o(i.Read_DMP) for Read_DMP
    gfly.o(i.Signal_PID) refers to mpu6050.o(i.MPU_Get_Gyroscope) for MPU_Get_Gyroscope
    gfly.o(i.Signal_PID) refers to gfly.o(i.pid_signal_pitch) for pid_signal_pitch
    gfly.o(i.Signal_PID) refers to gfly.o(i.pid_signal_roll) for pid_signal_roll
    gfly.o(i.Signal_PID) refers to gfly.o(i.pid_signal_yaw) for pid_signal_yaw
    gfly.o(i.Signal_PID) refers to gfly.o(i.apply_motor_output) for apply_motor_output
    gfly.o(i.Signal_PID) refers to gfly.o(.data) for .data
    gfly.o(i.apply_motor_output) refers to motor.o(i.setMotor_H_def) for setMotor_H_def
    gfly.o(i.apply_motor_output) refers to gfly.o(.data) for .data
    gfly.o(i.basicDataPrash) refers to _printf_percent.o(.ARM.Collect$$_printf_percent$$00000000) for _printf_percent
[...]
    v2                                       0x20000022   Data           1  gfly.o(.data)
    v3                                       0x20000023   Data           1  gfly.o(.data)
    v4                                       0x20000024   Data           1  gfly.o(.data)
    EventThreadTime                          0x20000104   Data           4  gfly.o(.data)
    TimeHandel                               0x20000108   Data           4  gfly.o(.data)
    last_h                                   0x2000010c   Data           4  gfly.o(.data)
    .data                                    0x20000138   Section       16  stm32f4xx_rcc.o(.data)
    APBAHBPrescTable                         0x20000138   Data          16  stm32f4xx_rcc.o(.data)
    .data                                    0x20000148   Section        4  usart.o(.data)
    .data                                    0x20000150   Section       56  ms5611.o(.data)
    .data                                    0x20000188   Section       64  tasks.o(.data)
    uxDeletedTasksWaitingCleanUp             0x2000018c   Data           4  tasks.o(.data)
    uxCurrentNumberOfTasks                   0x20000190   Data           4  tasks.o(.data)
    xTickCount                               0x20000194   Data           4  tasks.o(.data)
    uxTopReadyPriority                       0x20000198   Data           4  tasks.o(.data)
    xSchedulerRunning                        0x2000019c   Data           4  tasks.o(.data)
    xPendedTicks                             0x200001a0   Data           4  tasks.o(.data)
    xYieldPending                            0x200001a4   Data           4  tasks.o(.data)
    xNumOfOverflows                          0x200001a8   Data           4  tasks.o(.data)
    uxTaskNumber                             0x200001ac   Data           4  tasks.o(.data)
    xNextTaskUnblockTime                     0x200001b0   Data           4  tasks.o(.data)
    xIdleTaskHandle                          0x200001b4   Data           4  tasks.o(.data)
    uxSchedulerSuspended                     0x200001bc   Data           4  tasks.o(.data)
    pxDelayedTaskList                        0x200001c0   Data           4  tasks.o(.data)
    pxOverflowDelayedTaskList                0x200001c4   Data           4  tasks.o(.data)
    .data                                    0x200001c8   Section       20  timers.o(.data)
    xTimerQueue                              0x200001c8   Data           4  timers.o(.data)
    xTimerTaskHandle                         0x200001cc   Data           4  timers.o(.data)
    xLastTime                                0x200001d0   Data           4  timers.o(.data)
    pxCurrentTimerList                       0x200001d4   Data           4  timers.o(.data)
    pxOverflowTimerList                      0x200001d8   Data           4  timers.o(.data)
    .data                                    0x200001dc   Section       12  port.o(.data)
    ucMaxSysCallPriority                     0x200001dc   Data           1  port.o(.data)
    uxCriticalNesting                        0x200001e0   Data           4  port.o(.data)
    ulMaxPRIGROUPValue                       0x200001e4   Data           4  port.o(.data)
    .data                                    0x200001e8   Section       28  heap_4.o(.data)
    pxEnd                                    0x200001e8   Data           4  heap_4.o(.data)
    xFreeBytesRemaining                      0x200001ec   Data           4  heap_4.o(.data)
    xMinimumEverFreeBytesRemaining           0x200001f0   Data           4  heap_4.o(.data)
    xNumberOfSuccessfulAllocations           0x200001f4   Data           4  heap_4.o(.data)
    xNumberOfSuccessfulFrees                 0x200001f8   Data           4  heap_4.o(.data)
    xStart                                   0x200001fc   Data           8  heap_4.o(.data)
    .data                                    0x20000204   Section       12  mainflytask.o(.data)
    GflyTask_Handle                          0x20000204   Data           4  mainflytask.o(.data)
    Fly_PidTask_Handle                       0x20000208   Data           4  mainflytask.o(.data)
    .data                                    0x20000210   Section       24  usarttask.o(.data)
    Usart1Task_Handle                        0x20000210   Data           4  usarttask.o(.data)
    Usart2Task_Handle                        0x20000214   Data           4  usarttask.o(.data)
    Usart6Task_Handle                        0x20000218   Data           4  usarttask.o(.data)
    .data                                    0x20000228   Section        8  seniortask.o(.data)
    Mpu6050Task_Handle                       0x20000228   Data           4  seniortask.o(.data)
    MS5611Task_Handle                        0x2000022c   Data           4  seniortask.o(.data)
    .bss                                     0x20000230   Section       16  ms5611.o(.bss)
    .bss                                     0x20000240   Section       64  queue.o(.bss)
    .bss                                     0x20000280   Section      200  tasks.o(.bss)
    pxReadyTasksLists                        0x20000280   Data         100  tasks.o(.bss)
    xDelayedTaskList1                        0x200002e4   Data          20  tasks.o(.bss)
    xDelayedTaskList2                        0x200002f8   Data          20  tasks.o(.bss)
    xPendingReadyList                        0x2000030c   Data          20  tasks.o(.bss)
    xTasksWaitingTermination                 0x20000320   Data          20  tasks.o(.bss)
    xSuspendedTaskList                       0x20000334   Data          20  tasks.o(.bss)
    .bss                                     0x20000348   Section       40  timers.o(.bss)
    xActiveTimerList1                        0x20000348   Data          20  timers.o(.bss)
    xActiveTimerList2                        0x2000035c   Data          20  timers.o(.bss)
    .bss                                     0x20000370   Section    30720  heap_4.o(.bss)
    ucHeap                                   0x20000370   Data       30720  heap_4.o(.bss)
    .bss                                     0x20007b70   Section       96  libspace.o(.bss)
    HEAP                                     0x20007bd0   Section      512  startup_stm32f411xe.o(HEAP)
    Heap_Mem                                 0x20007bd0   Data         512  startup_stm32f411xe.o(HEAP)
    STACK                                    0x20007dd0   Section     1024  startup_stm32f411xe.o(STACK)
    Stack_Mem                                0x20007dd0   Data        1024  startup_stm32f411xe.o(STACK)
    __initial_sp                             0x200081d0   Data           0  startup_stm32f411xe.o(STACK)

    Global Symbols

    Symbol Name                              Value     Ov Type        Size  Object(Section)

    BuildAttributes$$THM_ISAv4$E$P$D$K$B$S$7EM$VFPi3$EXTD16$VFPS$VFMA$PE$A:L22UL41UL21$X:L11$S22US41US21$IEEE1$IW$USESV6$~STKCKD$USESV7$~SHL$OTIME$ROPI$IEEEX$EBA8$UX$STANDARDLIB$REQ8$PRES8$EABIv2 0x00000000   Number         0  anon$$obj.o ABSOLUTE
    __ARM_use_no_argv                        0x00000000   Number         0  main.o ABSOLUTE
    _printf_flags                            0x00000000   Number         0  printf_stubs.o ABSOLUTE
    _printf_return_value                     0x00000000   Number         0  printf_stubs.o ABSOLUTE
    _printf_sizespec                         0x00000000   Number         0  printf_stubs.o ABSOLUTE
    _printf_widthprec                        0x00000000   Number         0  printf_stubs.o ABSOLUTE
    __ARM_exceptions_init                     - Undefined Weak Reference
    __alloca_initialize                       - Undefined Weak Reference
    __arm_preinit_                            - Undefined Weak Reference
    __cpp_initialize__aeabi_                  - Undefined Weak Reference
    __cxa_finalize                            - Undefined Weak Reference
    __sigvec_lookup                           - Undefined Weak Reference
    _atexit_init                              - Undefined Weak Reference
    _call_atexit_fns                          - Undefined Weak Reference
    _clock_init                               - Undefined Weak Reference
    _fp_trap_init                             - Undefined Weak Reference
    _fp_trap_shutdown                         - Undefined Weak Reference
    _get_lc_collate                           - Undefined Weak Reference
    _get_lc_ctype                             - Undefined Weak Reference
    _get_lc_monetary                          - Undefined Weak Reference
    _get_lc_time                              - Undefined Weak Reference
    _getenv_init                              - Undefined Weak Reference
    _handle_redirection                       - Undefined Weak Reference
    _init_alloc                               - Undefined Weak Reference
    _init_user_alloc                          - Undefined Weak Reference
    _initio                                   - Undefined Weak Reference
    _mutex_acquire                            - Undefined Weak Reference
    _mutex_release                            - Undefined Weak Reference
    _printf_mbtowc                            - Undefined Weak Reference
    _rand_init                                - Undefined Weak Reference
    _signal_finish                            - Undefined Weak Reference
    _signal_init                              - Undefined Weak Reference
    _terminate_alloc                          - Undefined Weak Reference
    _terminate_user_alloc                     - Undefined Weak Reference
    _terminateio                              - Undefined Weak Reference
    __Vectors_Size                           0x00000198   Number         0  startup_stm32f411xe.o ABSOLUTE
    __Vectors                                0x08000000   Data           4  startup_stm32f411xe.o(RESET)
    __Vectors_End                            0x08000198   Data           0  startup_stm32f411xe.o(RESET)
    __main                                   0x08000199   Thumb Code     8  __main.o(!!!main)
    __scatterload                            0x080001a1   Thumb Code     0  __scatter.o(!!!scatter)
    __scatterload_rt2                        0x080001a1   Thumb Code    44  __scatter.o(!!!scatter)
    __scatterload_rt2_thumb_only             0x080001a1   Thumb Code     0  __scatter.o(!!!scatter)
    __scatterload_null                       0x080001af   Thumb Code     0  __scatter.o(!!!scatter)
    __decompress                             0x080001d5   Thumb Code    90  __dczerorl2.o(!!dczerorl2)
    __decompress1                            0x080001d5   Thumb Code     0  __dczerorl2.o(!!dczerorl2)
    __scatterload_zeroinit                   0x08000231   Thumb Code    28  __scatter_zi.o(!!handler_zi)
    _printf_f                                0x0800024d   Thumb Code     0  _printf_f.o(.ARM.Collect$$_printf_percent$$00000003)
    _printf_percent                          0x0800024d   Thumb Code     0  _printf_percent.o(.ARM.Collect$$_printf_percent$$00000000)
    _printf_d                                0x08000253   Thumb Code     0  _printf_d.o(.ARM.Collect$$_printf_percent$$00000009)
    _printf_x                                0x08000259   Thumb Code     0  _printf_x.o(.ARM.Collect$$_printf_percent$$0000000C)
    _printf_c                                0x0800025f   Thumb Code     0  _printf_c.o(.ARM.Collect$$_printf_percent$$00000013)
    _printf_percent_end                      0x08000265   Thumb Code     0  _printf_percent_end.o(.ARM.Collect$$_printf_percent$$00000017)
    __rt_lib_init                            0x08000269   Thumb Code     0  libinit.o(.ARM.Collect$$libinit$$00000000)
    __rt_lib_init_fp_1                       0x0800026b   Thumb Code     0  libinit2.o(.ARM.Collect$$libinit$$00000001)
    __rt_lib_init_heap_1                     0x0800026f   Thumb Code     0  libinit2.o(.ARM.Collect$$libinit$$0000000A)
    __rt_lib_init_lc_common                  0x0800026f   Thumb Code     0  libinit2.o(.ARM.Collect$$libinit$$0000000F)
    __rt_lib_init_preinit_1                  0x0800026f   Thumb Code     0  libinit2.o(.ARM.Collect$$libinit$$00000004)
    __rt_lib_init_rand_1                     0x0800026f   Thumb Code     0  libinit2.o(.ARM.Collect$$libinit$$0000000E)
    __rt_lib_init_user_alloc_1               0x0800026f   Thumb Code     0  libinit2.o(.ARM.Collect$$libinit$$0000000C)
    __rt_lib_init_lc_collate_1               0x08000275   Thumb Code     0  libinit2.o(.ARM.Collect$$libinit$$00000011)
    __rt_lib_init_lc_ctype_1                 0x08000275   Thumb Code     0  libinit2.o(.ARM.Collect$$libinit$$00000013)
    __rt_lib_init_lc_monetary_1              0x08000275   Thumb Code     0  libinit2.o(.ARM.Collect$$libinit$$00000015)
    __rt_lib_init_lc_numeric_2               0x08000275   Thumb Code     0  libinit2.o(.ARM.Collect$$libinit$$00000016)
    __rt_lib_init_alloca_1                   0x0800027f   Thumb Code     0  libinit2.o(.ARM.Collect$$libinit$$0000002E)
    __rt_lib_init_argv_1                     0x0800027f   Thumb Code     0  libinit2.o(.ARM.Collect$$libinit$$0000002C)
    __rt_lib_init_atexit_1                   0x0800027f   Thumb Code     0  libinit2.o(.ARM.Collect$$libinit$$0000001B)
    __rt_lib_init_clock_1                    0x0800027f   Thumb Code     0  libinit2.o(.ARM.Collect$$libinit$$00000021)
    __rt_lib_init_cpp_1                      0x0800027f   Thumb Code     0  libinit2.o(.ARM.Collect$$libinit$$00000032)
    __rt_lib_init_exceptions_1               0x0800027f   Thumb Code     0  libinit2.o(.ARM.Collect$$libinit$$00000030)
    __rt_lib_init_fp_trap_1                  0x0800027f   Thumb Code     0  libinit2.o(.ARM.Collect$$libinit$$0000001F)
    __rt_lib_init_getenv_1                   0x0800027f   Thumb Code     0  libinit2.o(.ARM.Collect$$libinit$$00000023)
    __rt_lib_init_lc_numeric_1               0x0800027f   Thumb Code     0  libinit2.o(.ARM.Collect$$libinit$$00000017)
    __rt_lib_init_lc_time_1                  0x0800027f   Thumb Code     0  libinit2.o(.ARM.Collect$$libinit$$00000019)
    __rt_lib_init_return                     0x0800027f   Thumb Code     0  libinit2.o(.ARM.Collect$$libinit$$00000033)
    __rt_lib_init_signal_1                   0x0800027f   Thumb Code     0  libinit2.o(.ARM.Collect$$libinit$$0000001D)
    __rt_lib_init_stdio_1                    0x0800027f   Thumb Code     0  libinit2.o(.ARM.Collect$$libinit$$00000025)
    __rt_lib_shutdown                        0x08000281   Thumb Code     0  libshutdown.o(.ARM.Collect$$libshutdown$$00000000)
    __rt_lib_shutdown_cpp_1                  0x08000283   Thumb Code     0  libshutdown2.o(.ARM.Collect$$libshutdown$$00000002)
    __rt_lib_shutdown_fp_trap_1              0x08000283   Thumb Code     0  libshutdown2.o(.ARM.Collect$$libshutdown$$00000007)
    __rt_lib_shutdown_heap_1                 0x08000283   Thumb Code     0  libshutdown2.o(.ARM.Collect$$libshutdown$$0000000F)
    __rt_lib_shutdown_return                 0x08000283   Thumb Code     0  libshutdown2.o(.ARM.Collect$$libshutdown$$00000010)
    __rt_lib_shutdown_signal_1               0x08000283   Thumb Code     0  libshutdown2.o(.ARM.Collect$$libshutdown$$0000000A)
    __rt_lib_shutdown_stdio_1                0x08000283   Thumb Code     0  libshutdown2.o(.ARM.Collect$$libshutdown$$00000004)
    __rt_lib_shutdown_user_alloc_1           0x08000283   Thumb Code     0  libshutdown2.o(.ARM.Collect$$libshutdown$$0000000C)
    __rt_entry                               0x08000285   Thumb Code     0  __rtentry.o(.ARM.Collect$$rtentry$$00000000)
    __rt_entry_presh_1                       0x08000285   Thumb Code     0  __rtentry2.o(.ARM.Collect$$rtentry$$00000002)
    __rt_entry_sh                            0x08000285   Thumb Code     0  __rtentry4.o(.ARM.Collect$$rtentry$$00000004)
    __rt_entry_li                            0x0800028b   Thumb Code     0  __rtentry2.o(.ARM.Collect$$rtentry$$0000000A)
    __rt_entry_postsh_1                      0x0800028b   Thumb Code     0  __rtentry2.o(.ARM.Collect$$rtentry$$00000009)
    __rt_entry_main                          0x0800028f   Thumb Code     0  __rtentry2.o(.ARM.Collect$$rtentry$$0000000D)
    __rt_entry_postli_1                      0x0800028f   Thumb Code     0  __rtentry2.o(.ARM.Collect$$rtentry$$0000000C)
    __rt_exit                                0x08000297   Thumb Code     0  rtexit.o(.ARM.Collect$$rtexit$$00000000)
    __rt_exit_ls                             0x08000299   Thumb Code     0  rtexit2.o(.ARM.Collect$$rtexit$$00000003)
    __rt_exit_prels_1                        0x08000299   Thumb Code     0  rtexit2.o(.ARM.Collect$$rtexit$$00000002)
    __rt_exit_exit                           0x0800029d   Thumb Code     0  rtexit2.o(.ARM.Collect$$rtexit$$00000004)
    SVC_Handler                              0x080002a5   Thumb Code    28  port.o(.emb_text)
    __asm___6_port_c_39a90d8d__prvStartFirstTask 0x080002c5   Thumb Code    36  port.o(.emb_text)
    __asm___6_port_c_39a90d8d__prvEnableVFP  0x080002ed   Thumb Code    16  port.o(.emb_text)
    PendSV_Handler                           0x08000301   Thumb Code    88  port.o(.emb_text)
    vPortGetIPSR                             0x0800035d   Thumb Code     6  port.o(.emb_text)
    Reset_Handler                            0x08000365   Thumb Code     8  startup_stm32f411xe.o(.text)
    ADC_IRQHandler                           0x0800037f   Thumb Code     0  startup_stm32f411xe.o(.text)
    DMA1_Stream0_IRQHandler                  0x0800037f   Thumb Code     0  startup_stm32f411xe.o(.text)
    DMA1_Stream1_IRQHandler                  0x0800037f   Thumb Code     0  startup_stm32f411xe.o(.text)
    DMA1_Stream2_IRQHandler                  0x0800037f   Thumb Code     0  startup_stm32f411xe.o(.text)
    DMA1_Stream3_IRQHandler                  0x0800037f   Thumb Code     0  startup_stm32f411xe.o(.text)
    DMA1_Stream4_IRQHandler                  0x0800037f   Thumb Code     0  startup_stm32f411xe.o(.text)
    DMA1_Stream5_IRQHandler                  0x0800037f   Thumb Code     0  startup_stm32f411xe.o(.text)
    DMA1_Stream6_IRQHandler                  0x0800037f   Thumb Code     0  startup_stm32f411xe.o(.text)
    DMA1_Stream7_IRQHandler                  0x0800037f   Thumb Code     0  startup_stm32f411xe.o(.text)
    DMA2_Stream0_IRQHandler                  0x0800037f   Thumb Code     0  startup_stm32f411xe.o(.text)
    DMA2_Stream1_IRQHandler                  0x0800037f   Thumb Code     0  startup_stm32f411xe.o(.text)
    DMA2_Stream2_IRQHandler                  0x0800037f   Thumb Code     0  startup_stm32f411xe.o(.text)
    DMA2_Stream3_IRQHandler                  0x0800037f   Thumb Code     0  startup_stm32f411xe.o(.text)
    DMA2_Stream4_IRQHandler                  0x0800037f   Thumb Code     0  startup_stm32f411xe.o(.text)
    DMA2_Stream5_IRQHandler                  0x0800037f   Thumb Code     0  startup_stm32f411xe.o(.text)
    DMA2_Stream6_IRQHandler                  0x0800037f   Thumb Code     0  startup_stm32f411xe.o(.text)
    DMA2_Stream7_IRQHandler                  0x0800037f   Thumb Code     0  startup_stm32f411xe.o(.text)
    EXTI0_IRQHandler                         0x0800037f   Thumb Code     0  startup_stm32f411xe.o(.text)
    EXTI15_10_IRQHandler                     0x0800037f   Thumb Code     0  startup_stm32f411xe.o(.text)
    EXTI1_IRQHandler                         0x0800037f   Thumb Code     0  startup_stm32f411xe.o(.text)
    EXTI2_IRQHandler                         0x0800037f   Thumb Code     0  startup_stm32f411xe.o(.text)
    EXTI3_IRQHandler                         0x0800037f   Thumb Code     0  startup_stm32f411xe.o(.text)
    EXTI4_IRQHandler                         0x0800037f   Thumb Code     0  startup_stm32f411xe.o(.text)
    EXTI9_5_IRQHandler                       0x0800037f   Thumb Code     0  startup_stm32f411xe.o(.text)
    FLASH_IRQHandler                         0x0800037f   Thumb Code     0  startup_stm32f411xe.o(.text)
    FPU_IRQHandler                           0x0800037f   Thumb Code     0  startup_stm32f411xe.o(.text)
    I2C1_ER_IRQHandler                       0x0800037f   Thumb Code     0  startup_stm32f411xe.o(.text)
    I2C1_EV_IRQHandler                       0x0800037f   Thumb Code     0  startup_stm32f411xe.o(.text)
    I2C2_ER_IRQHandler                       0x0800037f   Thumb Code     0  startup_stm32f411xe.o(.text)
    I2C2_EV_IRQHandler                       0x0800037f   Thumb Code     0  startup_stm32f411xe.o(.text)
    I2C3_ER_IRQHandler                       0x0800037f   Thumb Code     0  startup_stm32f411xe.o(.text)
    I2C3_EV_IRQHandler                       0x0800037f   Thumb Code     0  startup_stm32f411xe.o(.text)
    OTG_FS_IRQHandler                        0x0800037f   Thumb Code     0  startup_stm32f411xe.o(.text)
    OTG_FS_WKUP_IRQHandler                   0x0800037f   Thumb Code     0  startup_stm32f411xe.o(.text)
    PVD_IRQHandler                           0x0800037f   Thumb Code     0  startup_stm32f411xe.o(.text)
    RCC_IRQHandler                           0x0800037f   Thumb Code     0  startup_stm32f411xe.o(.text)
    RTC_Alarm_IRQHandler                     0x0800037f   Thumb Code     0  startup_stm32f411xe.o(.text)
    RTC_WKUP_IRQHandler                      0x0800037f   Thumb Code     0  startup_stm32f411xe.o(.text)
    SDIO_IRQHandler                          0x0800037f   Thumb Code     0  startup_stm32f411xe.o(.text)
    SPI1_IRQHandler                          0x0800037f   Thumb Code     0  startup_stm32f411xe.o(.text)
    SPI2_IRQHandler                          0x0800037f   Thumb Code     0  startup_stm32f411xe.o(.text)
    SPI3_IRQHandler                          0x0800037f   Thumb Code     0  startup_stm32f411xe.o(.text)
    SPI4_IRQHandler                          0x0800037f   Thumb Code     0  startup_stm32f411xe.o(.text)
    SPI5_IRQHandler                          0x0800037f   Thumb Code     0  startup_stm32f411xe.o(.text)
    TAMP_STAMP_IRQHandler                    0x0800037f   Thumb Code     0  startup_stm32f411xe.o(.text)
    TIM1_BRK_TIM9_IRQHandler                 0x0800037f   Thumb Code     0  startup_stm32f411xe.o(.text)
    TIM1_CC_IRQHandler                       0x0800037f   Thumb Code     0  startup_stm32f411xe.o(.text)
    TIM1_TRG_COM_TIM11_IRQHandler            0x0800037f   Thumb Code     0  startup_stm32f411xe.o(.text)
    TIM1_UP_TIM10_IRQHandler                 0x0800037f   Thumb Code     0  startup_stm32f411xe.o(.text)
    TIM2_IRQHandler                          0x0800037f   Thumb Code     0  startup_stm32f411xe.o(.text)
    TIM4_IRQHandler                          0x0800037f   Thumb Code     0  startup_stm32f411xe.o(.text)
    TIM5_IRQHandler                          0x0800037f   Thumb Code     0  startup_stm32f411xe.o(.text)
    WWDG_IRQHandler                          0x0800037f   Thumb Code     0  startup_stm32f411xe.o(.text)
    __user_initial_stackheap                 0x08000381   Thumb Code     0  startup_stm32f411xe.o(.text)
    __use_no_semihosting                     0x080003a5   Thumb Code     2  use_no_semi_2.o(.text)
    __2printf                                0x080003a9   Thumb Code    20  noretval__2printf.o(.text)
    _printf_str                              0x080003c1   Thumb Code    82  _printf_str.o(.text)
    _printf_int_dec                          0x08000415   Thumb Code   104  _printf_dec.o(.text)
    _printf_int_hex                          0x0800048d   Thumb Code    84  _printf_hex_int.o(.text)
    _printf_longlong_hex                     0x0800048d   Thumb Code     0  _printf_hex_int.o(.text)
    __printf                                 0x080004e5   Thumb Code   352  __printf_ss_wp.o(.text)
    __aeabi_memcpy                           0x08000645   Thumb Code     0  rt_memcpy_v6.o(.text)
    __rt_memcpy                              0x08000645   Thumb Code   138  rt_memcpy_v6.o(.text)
    _memcpy_lastbytes                        0x080006ab   Thumb Code     0  rt_memcpy_v6.o(.text)
    __aeabi_memset                           0x080006cf   Thumb Code    16  aeabi_memset.o(.text)
    __aeabi_memclr                           0x080006df   Thumb Code     0  rt_memclr.o(.text)
    __rt_memclr                              0x080006df   Thumb Code    68  rt_memclr.o(.text)
    _memset                                  0x080006e3   Thumb Code     0  rt_memclr.o(.text)
    __aeabi_memclr4                          0x08000723   Thumb Code     0  rt_memclr_w.o(.text)
    __aeabi_memclr8                          0x08000723   Thumb Code     0  rt_memclr_w.o(.text)
    __rt_memclr_w                            0x08000723   Thumb Code    78  rt_memclr_w.o(.text)
    _memset_w                                0x08000727   Thumb Code     0  rt_memclr_w.o(.text)
    __use_two_region_memory                  0x08000771   Thumb Code     2  heapauxi.o(.text)
    __rt_heap_escrow$2region                 0x08000773   Thumb Code     2  heapauxi.o(.text)
    __rt_heap_expand$2region                 0x08000775   Thumb Code     2  heapauxi.o(.text)
    __I$use$semihosting                      0x08000777   Thumb Code     0  use_no_semi.o(.text)
    __use_no_semihosting_swi                 0x08000777   Thumb Code     2  use_no_semi.o(.text)
    __read_errno                             0x08000779   Thumb Code    10  _rserrno.o(.text)
    __set_errno                              0x08000783   Thumb Code    12  _rserrno.o(.text)
    _printf_int_common                       0x0800078f   Thumb Code   178  _printf_intcommon.o(.text)
    __lib_sel_fp_printf                      0x08000841   Thumb Code     2  _printf_fp_dec.o(.text)
    _printf_fp_dec_real                      0x080009ef   Thumb Code   620  _printf_fp_dec.o(.text)
    _printf_cs_common                        0x08000c5b   Thumb Code    20  _printf_char.o(.text)
    _printf_char                             0x08000c6f   Thumb Code    16  _printf_char.o(.text)
    _printf_string                           0x08000c7f   Thumb Code     8  _printf_char.o(.text)
    _printf_char_file                        0x08000c89   Thumb Code    32  _printf_char_file.o(.text)
    __aeabi_memcpy4                          0x08000cad   Thumb Code     0  rt_memcpy_w.o(.text)
    __aeabi_memcpy8                          0x08000cad   Thumb Code     0  rt_memcpy_w.o(.text)
    __rt_memcpy_w                            0x08000cad   Thumb Code   100  rt_memcpy_w.o(.text)
    _memcpy_lastbytes_aligned                0x08000cf5   Thumb Code     0  rt_memcpy_w.o(.text)
    __rt_locale                              0x08000d11   Thumb Code     8  rt_locale_intlibspace.o(.text)
    __aeabi_errno_addr                       0x08000d19   Thumb Code     8  rt_errno_addr_intlibspace.o(.text)
    __errno$intlibspace                      0x08000d19   Thumb Code     0  rt_errno_addr_intlibspace.o(.text)
    __rt_errno_addr$intlibspace              0x08000d19   Thumb Code     0  rt_errno_addr_intlibspace.o(.text)
    _ll_udiv10                               0x08000d21   Thumb Code   138  lludiv10.o(.text)
    _printf_char_common                      0x08000db7   Thumb Code    32  _printf_char_common.o(.text)
    _printf_fp_infnan                        0x08000ddd   Thumb Code   112  _printf_fp_infnan.o(.text)
    _btod_etento                             0x08000e5d   Thumb Code   216  bigflt0.o(.text)
    ferror                                   0x08000f39   Thumb Code     8  ferror.o(.text)
    __user_libspace                          0x08000f41   Thumb Code     8  libspace.o(.text)
    __user_perproc_libspace                  0x08000f41   Thumb Code     0  libspace.o(.text)
    __user_perthread_libspace                0x08000f41   Thumb Code     0  libspace.o(.text)
    __user_setup_stackheap                   0x08000f49   Thumb Code    74  sys_stackheap_outer.o(.text)
    exit                                     0x08000f93   Thumb Code    18  exit.o(.text)
    strcmp                                   0x08000fa5   Thumb Code   128  strcmpv7m.o(.text)
    _btod_d2e                                0x08001025   Thumb Code    62  btod.o(CL$$btod_d2e)
    _d2e_denorm_low                          0x08001063   Thumb Code    70  btod.o(CL$$btod_d2e_denorm_low)
    _d2e_norm_op1                            0x080010a9   Thumb Code    96  btod.o(CL$$btod_d2e_norm_op1)
    __btod_div_common                        0x08001109   Thumb Code   696  btod.o(CL$$btod_div_common)
    _e2e                                     0x08001441   Thumb Code   198  btod.o(CL$$btod_e2e)
    _btod_ediv                               0x08001507   Thumb Code    40  btod.o(CL$$btod_ediv)
    _btod_emul                               0x0800152f   Thumb Code    40  btod.o(CL$$btod_emul)
    __btod_mult_common                       0x08001557   Thumb Code   580  btod.o(CL$$btod_mult_common)
    BusFault_Handler                         0x080017c1   Thumb Code     2  stm32f4xx_it.o(i.BusFault_Handler)
    DebugMon_Handler                         0x080017c3   Thumb Code     2  stm32f4xx_it.o(i.DebugMon_Handler)
    GPIO_Init                                0x080017d1   Thumb Code   120  stm32f4xx_gpio.o(i.GPIO_Init)
    GPIO_PinAFConfig                         0x08001849   Thumb Code    32  stm32f4xx_gpio.o(i.GPIO_PinAFConfig)
    GPIO_ResetBits                           0x08001869   Thumb Code     4  stm32f4xx_gpio.o(i.GPIO_ResetBits)
    GPIO_SetBits                             0x0800186d   Thumb Code     4  stm32f4xx_gpio.o(i.GPIO_SetBits)
    HardFault_Handler                        0x08001895   Thumb Code     2  stm32f4xx_it.o(i.HardFault_Handler)
    IIC_Ack                                  0x08001899   Thumb Code    52  iic.o(i.IIC_Ack)
    IIC_Delay                                0x080018d5   Thumb Code     8  iic.o(i.IIC_Delay)
    IIC_Init                                 0x080018dd   Thumb Code    46  iic.o(i.IIC_Init)
    IIC_NAck                                 0x08001911   Thumb Code    52  iic.o(i.IIC_NAck)
    IIC_Read_Byte                            0x0800194d   Thumb Code    82  iic.o(i.IIC_Read_Byte)
    IIC_Send_Byte                            0x080019a9   Thumb Code    82  iic.o(i.IIC_Send_Byte)
    IIC_Start                                0x08001a05   Thumb Code    70  iic.o(i.IIC_Start)
    IIC_Stop                                 0x08001a55   Thumb Code    54  iic.o(i.IIC_Stop)
    IIC_Wait_Ack                             0x08001a95   Thumb Code    72  iic.o(i.IIC_Wait_Ack)
    IICreadBytes                             0x08001ae5   Thumb Code    92  iic.o(i.IICreadBytes)
    Led_Set                                  0x08001b41   Thumb Code    36  led.o(i.Led_Set)
    Led_init                                 0x08001b69   Thumb Code    66  led.o(i.Led_init)
    MS561101BA_DO_CONVERSION                 0x08001bb1   Thumb Code    88  ms5611.o(i.MS561101BA_DO_CONVERSION)
    MS561101BA_GetPressure                   0x08001c29   Thumb Code   420  ms5611.o(i.MS561101BA_GetPressure)
    MS561101BA_GetTemperature                0x08001e15   Thumb Code    62  ms5611.o(i.MS561101BA_GetTemperature)
    MS561101BA_Init                          0x08001e65   Thumb Code    26  ms5611.o(i.MS561101BA_Init)
    MS561101BA_Reset                         0x08001e7f   Thumb Code     8  ms5611.o(i.MS561101BA_Reset)
    MS561101BA_readPROM                      0x08001e89   Thumb Code    86  ms5611.o(i.MS561101BA_readPROM)
    MemManage_Handler                        0x08001fa1   Thumb Code     2  stm32f4xx_it.o(i.MemManage_Handler)
    NMI_Handler                              0x08001faf   Thumb Code     2  stm32f4xx_it.o(i.NMI_Handler)
    NVIC_Init                                0x08001fb1   Thumb Code    96  misc.o(i.NVIC_Init)
    NVIC_PriorityGroupConfig                 0x08002015   Thumb Code    10  misc.o(i.NVIC_PriorityGroupConfig)
    RCC_AHB1PeriphClockCmd                   0x08002029   Thumb Code    18  stm32f4xx_rcc.o(i.RCC_AHB1PeriphClockCmd)
    RCC_APB1PeriphClockCmd                   0x08002041   Thumb Code    18  stm32f4xx_rcc.o(i.RCC_APB1PeriphClockCmd)
    RCC_APB2PeriphClockCmd                   0x08002059   Thumb Code    18  stm32f4xx_rcc.o(i.RCC_APB2PeriphClockCmd)
    RCC_GetClocksFreq                        0x08002071   Thumb Code   132  stm32f4xx_rcc.o(i.RCC_GetClocksFreq)
    Start_Senior_Task                        0x080021b1   Thumb Code    46  seniortask.o(i.Start_Senior_Task)
    Start_Usart_Task                         0x08002205   Thumb Code   104  usarttask.o(i.Start_Usart_Task)
    SysTick_Handler                          0x080022ad   Thumb Code    38  port.o(i.SysTick_Handler)
    SystemInit                               0x080022d9   Thumb Code    74  system_stm32f4xx.o(i.SystemInit)
    TIM3_IRQHandler                          0x08002335   Thumb Code     2  stm32f4xx_it.o(i.TIM3_IRQHandler)
    USART1_IRQHandler                        0x08002339   Thumb Code    68  usarttask.o(i.USART1_IRQHandler)
    USART1_init                              0x08002389   Thumb Code   172  usart.o(i.USART1_init)
    USART2_IRQHandler                        0x0800243d   Thumb Code    68  usarttask.o(i.USART2_IRQHandler)
    USART2_init                              0x0800248d   Thumb Code   176  usart.o(i.USART2_init)
    USART6_IRQHandler                        0x08002545   Thumb Code    70  usarttask.o(i.USART6_IRQHandler)
    USART6_init                              0x08002599   Thumb Code   174  usart.o(i.USART6_init)
    USART_ClearFlag                          0x08002651   Thumb Code     6  stm32f4xx_usart.o(i.USART_ClearFlag)
    USART_Cmd                                0x08002657   Thumb Code    20  stm32f4xx_usart.o(i.USART_Cmd)
    USART_GetFlagStatus                      0x0800266b   Thumb Code    14  stm32f4xx_usart.o(i.USART_GetFlagStatus)
    USART_GetITStatus                        0x08002679   Thumb Code    62  stm32f4xx_usart.o(i.USART_GetITStatus)
    USART_ITConfig                           0x080026b7   Thumb Code    48  stm32f4xx_usart.o(i.USART_ITConfig)
    USART_Init                               0x080026e9   Thumb Code   164  stm32f4xx_usart.o(i.USART_Init)
    USART_ReceiveData                        0x08002795   Thumb Code     8  stm32f4xx_usart.o(i.USART_ReceiveData)
    USART_SendData                           0x0800279d   Thumb Code     8  stm32f4xx_usart.o(i.USART_SendData)
    UsageFault_Handler                       0x080027a5   Thumb Code     2  stm32f4xx_it.o(i.UsageFault_Handler)
    __ARM_fpclassify                         0x08002925   Thumb Code    48  fpclassify.o(i.__ARM_fpclassify)
    __hardfp_pow                             0x08002959   Thumb Code  3072  pow.o(i.__hardfp_pow)
    __kernel_poly                            0x080035a9   Thumb Code   248  poly.o(i.__kernel_poly)
    __mathlib_dbl_divzero                    0x080036a1   Thumb Code    28  dunder.o(i.__mathlib_dbl_divzero)
    __mathlib_dbl_infnan2                    0x080036d1   Thumb Code    20  dunder.o(i.__mathlib_dbl_infnan2)
    __mathlib_dbl_invalid                    0x080036e9   Thumb Code    24  dunder.o(i.__mathlib_dbl_invalid)
    __mathlib_dbl_overflow                   0x08003709   Thumb Code    24  dunder.o(i.__mathlib_dbl_overflow)
    __mathlib_dbl_underflow                  0x08003729   Thumb Code    24  dunder.o(i.__mathlib_dbl_underflow)
    _is_digit                                0x08003749   Thumb Code    14  __printf_wp.o(i._is_digit)
    _sys_exit                                0x08003757   Thumb Code     2  usart.o(i._sys_exit)
    basicDataPrash                           0x08003759   Thumb Code   158  gfly.o(i.basicDataPrash)
    caculate_High                            0x0800381d   Thumb Code   154  ms5611.o(i.caculate_High)
    calculateAltitude                        0x080038ed   Thumb Code    64  ms5611.o(i.calculateAltitude)
    cmdPrash                                 0x0800394d   Thumb Code   138  gfly.o(i.cmdPrash)
    dataEvenParity                           0x08003a0d   Thumb Code    32  gfly.o(i.dataEvenParity)
    dataEvenParityRec                        0x08003a2d   Thumb Code    32  gfly.o(i.dataEvenParityRec)
    evenParity                               0x08003a4d   Thumb Code    26  gfly.o(i.evenParity)
    fabs                                     0x08003a67   Thumb Code    24  fabs.o(i.fabs)
    fputc                                    0x08003a81   Thumb Code    18  usart.o(i.fputc)
    get_High                                 0x08003a99   Thumb Code    88  ms5611.o(i.get_High)
    iic_send_cmd                             0x08003af9   Thumb Code    48  ms5611.o(i.iic_send_cmd)
    main                                     0x08003b29   Thumb Code    72  main.o(i.main)
    pidSendPrash                             0x08003b81   Thumb Code   422  gfly.o(i.pidSendPrash)
    pressDataPrash                           0x08003d89   Thumb Code     2  gfly.o(i.pressDataPrash)
    pvPortMalloc                             0x080044bd   Thumb Code   188  heap_4.o(i.pvPortMalloc)
    pxPortInitialiseStack                    0x0800457d   Thumb Code    40  port.o(i.pxPortInitialiseStack)
    sendAck                                  0x080045a9   Thumb Code    48  gfly.o(i.sendAck)
    sendPacket                               0x080045d9   Thumb Code    48  gfly.o(i.sendPacket)
    settingDataPrash                         0x08004611   Thumb Code    96  gfly.o(i.settingDataPrash)
    sqrt                                     0x08004749   Thumb Code   110  sqrt.o(i.sqrt)
    start_Main_Fly_Task                      0x080047b9   Thumb Code    60  mainflytask.o(i.start_Main_Fly_Task)
    temperatureDataPrash                     0x08004819   Thumb Code    90  gfly.o(i.temperatureDataPrash)
    uxListRemove                             0x0800487d   Thumb Code    38  list.o(i.uxListRemove)
    uxTaskGetNumberOfTasks                   0x080048a5   Thumb Code     6  tasks.o(i.uxTaskGetNumberOfTasks)
    vListInitialise                          0x080048b1   Thumb Code    22  list.o(i.vListInitialise)
    vListInitialiseItem                      0x080048c7   Thumb Code     6  list.o(i.vListInitialiseItem)
    vListInsert                              0x080048cd   Thumb Code    48  list.o(i.vListInsert)
    vPortEnterCritical                       0x080048fd   Thumb Code    54  port.o(i.vPortEnterCritical)
    vPortExitCritical                        0x0800493d   Thumb Code    34  port.o(i.vPortExitCritical)
    vPortFree                                0x08004965   Thumb Code    94  heap_4.o(i.vPortFree)
    vPortSetupTimerInterrupt                 0x080049c9   Thumb Code    32  port.o(i.vPortSetupTimerInterrupt)
    vPortValidateInterruptPriority           0x080049ed   Thumb Code    74  port.o(i.vPortValidateInterruptPriority)
    vQueueAddToRegistry                      0x08004a41   Thumb Code    72  queue.o(i.vQueueAddToRegistry)
    vQueueWaitForMessageRestricted           0x08004a8d   Thumb Code    68  queue.o(i.vQueueWaitForMessageRestricted)
    vTaskDelay                               0x08004ad1   Thumb Code    66  tasks.o(i.vTaskDelay)
    vTaskInternalSetTimeOutState             0x08004b1d   Thumb Code    12  tasks.o(i.vTaskInternalSetTimeOutState)
    vTaskMissedYield                         0x08004b2d   Thumb Code     8  tasks.o(i.vTaskMissedYield)
    vTaskPlaceOnEventList                    0x08004b39   Thumb Code    44  tasks.o(i.vTaskPlaceOnEventList)
    vTaskPlaceOnEventListRestricted          0x08004b69   Thumb Code    76  tasks.o(i.vTaskPlaceOnEventListRestricted)
    vTaskStartScheduler                      0x08004bb9   Thumb Code    94  tasks.o(i.vTaskStartScheduler)
    vTaskSuspendAll                          0x08004c29   Thumb Code    10  tasks.o(i.vTaskSuspendAll)
    vTaskSwitchContext                       0x08004c39   Thumb Code    82  tasks.o(i.vTaskSwitchContext)
    xPortStartScheduler                      0x08004c95   Thumb Code   224  port.o(i.xPortStartScheduler)
    xQueueGenericCreate                      0x08004d89   Thumb Code    94  queue.o(i.xQueueGenericCreate)
    xQueueGenericReset                       0x08004de9   Thumb Code   170  queue.o(i.xQueueGenericReset)
    xQueueGenericSend                        0x08004e99   Thumb Code   350  queue.o(i.xQueueGenericSend)
    xQueueGenericSendFromISR                 0x08004ffd   Thumb Code   218  queue.o(i.xQueueGenericSendFromISR)
    xQueueReceive                            0x080050d9   Thumb Code   308  queue.o(i.xQueueReceive)
    xTaskCheckForTimeOut                     0x08005211   Thumb Code   118  tasks.o(i.xTaskCheckForTimeOut)
    xTaskCreate                              0x0800528d   Thumb Code    92  tasks.o(i.xTaskCreate)
    xTaskGetSchedulerState                   0x080052e9   Thumb Code    22  tasks.o(i.xTaskGetSchedulerState)
    xTaskGetTickCount                        0x08005305   Thumb Code     6  tasks.o(i.xTaskGetTickCount)
    xTaskIncrementTick                       0x08005311   Thumb Code   286  tasks.o(i.xTaskIncrementTick)
    xTaskPriorityDisinherit                  0x08005439   Thumb Code   174  tasks.o(i.xTaskPriorityDisinherit)
    xTaskRemoveFromEventList                 0x080054f1   Thumb Code   210  tasks.o(i.xTaskRemoveFromEventList)
    xTaskResumeAll                           0x080055cd   Thumb Code   284  tasks.o(i.xTaskResumeAll)
    xTimerCreateTimerTask                    0x080056f5   Thumb Code    58  timers.o(i.xTimerCreateTimerTask)
    _get_lc_numeric                          0x08005741   Thumb Code    44  lc_numeric_c.o(locale$$code)
    __aeabi_dneg                             0x0800576d   Thumb Code     0  basic.o(x$fpl$basic)
    _dneg                                    0x0800576d   Thumb Code     6  basic.o(x$fpl$basic)
    __aeabi_fneg                             0x08005773   Thumb Code     0  basic.o(x$fpl$basic)
    _fneg                                    0x08005773   Thumb Code     6  basic.o(x$fpl$basic)
    _dabs                                    0x08005779   Thumb Code     6  basic.o(x$fpl$basic)
    _fabs                                    0x0800577f   Thumb Code     6  basic.o(x$fpl$basic)
    __aeabi_d2f                              0x08005785   Thumb Code     0  d2f.o(x$fpl$d2f)
    _d2f                                     0x08005785   Thumb Code    98  d2f.o(x$fpl$d2f)
    __aeabi_dadd                             0x080057e9   Thumb Code     0  daddsub_clz.o(x$fpl$dadd)
    _dadd                                    0x080057e9   Thumb Code   332  daddsub_clz.o(x$fpl$dadd)
    __fpl_dcheck_NaN1                        0x08005939   Thumb Code    10  dcheck1.o(x$fpl$dcheck1)
    __fpl_dcmp_Inf                           0x08005949   Thumb Code    24  dcmpi.o(x$fpl$dcmpinf)
    __aeabi_ddiv                             0x08005961   Thumb Code     0  ddiv.o(x$fpl$ddiv)
    _ddiv                                    0x08005961   Thumb Code   552  ddiv.o(x$fpl$ddiv)
    __aeabi_i2d                              0x08005c11   Thumb Code     0  dflt_clz.o(x$fpl$dflt)
    _dflt                                    0x08005c11   Thumb Code    46  dflt_clz.o(x$fpl$dflt)
    __aeabi_ui2d                             0x08005c3f   Thumb Code     0  dflt_clz.o(x$fpl$dfltu)
    _dfltu                                   0x08005c3f   Thumb Code    38  dflt_clz.o(x$fpl$dfltu)
    __aeabi_cdcmple                          0x08005c65   Thumb Code     0  dleqf.o(x$fpl$dleqf)
    _dcmple                                  0x08005c65   Thumb Code   120  dleqf.o(x$fpl$dleqf)
    __fpl_dcmple_InfNaN                      0x08005cc7   Thumb Code     0  dleqf.o(x$fpl$dleqf)
    __aeabi_dmul                             0x08005cdd   Thumb Code     0  dmul.o(x$fpl$dmul)
    _dmul                                    0x08005cdd   Thumb Code   332  dmul.o(x$fpl$dmul)
    __fpl_dnaninf                            0x08005e31   Thumb Code   156  dnaninf.o(x$fpl$dnaninf)
    __fpl_dretinf                            0x08005ecd   Thumb Code    12  dretinf.o(x$fpl$dretinf)
    __aeabi_cdrcmple                         0x08005ed9   Thumb Code     0  drleqf.o(x$fpl$drleqf)
    _drcmple                                 0x08005ed9   Thumb Code   108  drleqf.o(x$fpl$drleqf)
    __aeabi_drsub                            0x08005f45   Thumb Code     0  daddsub_clz.o(x$fpl$drsb)
    _drsb                                    0x08005f45   Thumb Code    22  daddsub_clz.o(x$fpl$drsb)
    _dsqrt                                   0x08005f5d   Thumb Code   404  dsqrt_umaal.o(x$fpl$dsqrt)
    __aeabi_dsub                             0x080060f5   Thumb Code     0  daddsub_clz.o(x$fpl$dsub)
    _dsub                                    0x080060f5   Thumb Code   464  daddsub_clz.o(x$fpl$dsub)
    __aeabi_f2d                              0x080062c9   Thumb Code     0  f2d.o(x$fpl$f2d)
    _f2d                                     0x080062c9   Thumb Code    86  f2d.o(x$fpl$f2d)
    __fpl_fnaninf                            0x0800631f   Thumb Code   140  fnaninf.o(x$fpl$fnaninf)
    _fp_init                                 0x080063ab   Thumb Code    10  fpinit.o(x$fpl$fpinit)
    __fplib_config_fpu_vfp                   0x080063b3   Thumb Code     0  fpinit.o(x$fpl$fpinit)
    __fplib_config_pureend_doubles           0x080063b3   Thumb Code     0  fpinit.o(x$fpl$fpinit)
    __fpl_fretinf                            0x080063b5   Thumb Code    10  fretinf.o(x$fpl$fretinf)
    _printf_fp_dec                           0x080063bf   Thumb Code     4  printf1.o(x$fpl$printf1)
    __fpl_return_NaN                         0x080063c3   Thumb Code   100  retnan.o(x$fpl$retnan)
    __ARM_scalbn                             0x08006427   Thumb Code    92  scalbn.o(x$fpl$scalbn)
    __fpl_cmpreturn                          0x08006483   Thumb Code    48  trapv.o(x$fpl$trapveneer)
    __I$use$fp                               0x080064b2   Number         0  usenofp.o(x$fpl$usenofp)
    __mathlib_zero                           0x08006568   Data           8  qnan.o(.constdata)
    Region$$Table$$Base                      0x08006604   Number         0  anon$$obj.o(Region$$Table)
    Region$$Table$$Limit                     0x08006624   Number         0  anon$$obj.o(Region$$Table)
    SystemCoreClock                          0x20000004   Data           4  system_stm32f4xx.o(.data)
    AHBPrescTable                            0x20000008   Data          16  system_stm32f4xx.o(.data)
    Sys_Led                                  0x20000018   Data           1  gfly.o(.data)
    SysLed_State                             0x20000019   Data           1  gfly.o(.data)
    FLY_BEGIN                                0x2000001a   Data           1  gfly.o(.data)
    PID_EN                                   0x2000001b   Data           1  gfly.o(.data)
    gyrox                                    0x20000026   Data           2  gfly.o(.data)
    gyroy                                    0x20000028   Data           2  gfly.o(.data)
    gyroz                                    0x2000002a   Data           2  gfly.o(.data)
    Now_High                                 0x2000002c   Data           4  gfly.o(.data)
    v_speed                                  0x20000030   Data           4  gfly.o(.data)
    SysTime_n100ms                           0x20000034   Data           4  gfly.o(.data)
    PID_SEND                                 0x20000038   Data           4  gfly.o(.data)
    current_yaw                              0x2000003c   Data           4  gfly.o(.data)
    current_pitch                            0x20000040   Data           4  gfly.o(.data)
    current_roll                             0x20000044   Data           4  gfly.o(.data)
    temperature1                             0x20000048   Data           4  gfly.o(.data)
    pressure                                 0x2000004c   Data           4  gfly.o(.data)
    yaw_C                                    0x20000050   Data           4  gfly.o(.data)
    pitch_C                                  0x20000054   Data           4  gfly.o(.data)
    roll_C                                   0x20000058   Data           4  gfly.o(.data)
    throttle_C                               0x2000005c   Data           4  gfly.o(.data)
    PID_INNER_YAW_KP                         0x20000060   Data           4  gfly.o(.data)
    PID_INNER_YAW_KI                         0x20000064   Data           4  gfly.o(.data)
    PID_INNER_YAW_KD                         0x20000068   Data           4  gfly.o(.data)
    PID_INNER_PITCH_KP                       0x2000006c   Data           4  gfly.o(.data)
    PID_INNER_PITCH_KI                       0x20000070   Data           4  gfly.o(.data)
    PID_INNER_PITCH_KD                       0x20000074   Data           4  gfly.o(.data)
    PID_INNER_ROLL_KP                        0x20000078   Data           4  gfly.o(.data)
    PID_INNER_ROLL_KI                        0x2000007c   Data           4  gfly.o(.data)
    PID_INNER_ROLL_KD                        0x20000080   Data           4  gfly.o(.data)
    PID_INNER_HIGH_KP                        0x20000084   Data           4  gfly.o(.data)
    PID_INNER_HIGH_KI                        0x20000088   Data           4  gfly.o(.data)
    PID_INNER_HIGH_KD                        0x2000008c   Data           4  gfly.o(.data)
    PID_OUTER_YAW_KP                         0x20000090   Data           4  gfly.o(.data)
    PID_OUTER_YAW_KI                         0x20000094   Data           4  gfly.o(.data)
    PID_OUTER_YAW_KD                         0x20000098   Data           4  gfly.o(.data)
    PID_OUTER_PITCH_KP                       0x2000009c   Data           4  gfly.o(.data)
    PID_OUTER_PITCH_KI                       0x200000a0   Data           4  gfly.o(.data)
    PID_OUTER_PITCH_KD                       0x200000a4   Data           4  gfly.o(.data)
    PID_OUTER_ROLL_KP                        0x200000a8   Data           4  gfly.o(.data)
    PID_OUTER_ROLL_KI                        0x200000ac   Data           4  gfly.o(.data)
    PID_OUTER_ROLL_KD                        0x200000b0   Data           4  gfly.o(.data)
    PID_OUTER_HIGH_KP                        0x200000b4   Data           4  gfly.o(.data)
    PID_OUTER_HIGH_KI                        0x200000b8   Data           4  gfly.o(.data)
    PID_OUTER_HIGH_KD                        0x200000bc   Data           4  gfly.o(.data)
    ZERO_roll                                0x200000c0   Data           4  gfly.o(.data)
    ZERO_pitch                               0x200000c4   Data           4  gfly.o(.data)
    PID_OUTER_Roll_I                         0x200000c8   Data           4  gfly.o(.data)
    PID_INNER_Roll_I                         0x200000cc   Data           4  gfly.o(.data)
    PID_LAST_Gyroy                           0x200000d0   Data           4  gfly.o(.data)
    PID_OUTER_Pitch_I                        0x200000d4   Data           4  gfly.o(.data)
    PID_INNER_Pitch_I                        0x200000d8   Data           4  gfly.o(.data)
    PID_LAST_Gyrox                           0x200000dc   Data           4  gfly.o(.data)
    PID_OUTER_Yaw_I                          0x200000e0   Data           4  gfly.o(.data)
    PID_INNER_Yaw_I                          0x200000e4   Data           4  gfly.o(.data)
    PID_LAST_Gyroz                           0x200000e8   Data           4  gfly.o(.data)
    pitch_I                                  0x200000ec   Data           4  gfly.o(.data)
    last_pitch_pid_v                         0x200000f0   Data           4  gfly.o(.data)
    roll_I                                   0x200000f4   Data           4  gfly.o(.data)
    last_roll_pid_v                          0x200000f8   Data           4  gfly.o(.data)
    yaw_I                                    0x200000fc   Data           4  gfly.o(.data)
    last_yaw_pid_v                           0x20000100   Data           4  gfly.o(.data)
    ErrCount                                 0x20000110   Data           4  gfly.o(.data)
    SendCount                                0x20000114   Data           4  gfly.o(.data)
    RecCount                                 0x20000118   Data           4  gfly.o(.data)
    temperature2                             0x2000011c   Data           4  gfly.o(.data)
    temperature3                             0x20000120   Data           4  gfly.o(.data)
    temperature4                             0x20000124   Data           4  gfly.o(.data)
    m1                                       0x20000128   Data           4  gfly.o(.data)
    m2                                       0x2000012c   Data           4  gfly.o(.data)
    m3                                       0x20000130   Data           4  gfly.o(.data)
    m4                                       0x20000134   Data           4  gfly.o(.data)
    __stdout                                 0x20000148   Data           4  usart.o(.data)
    Pressure                                 0x20000150   Data           4  ms5611.o(.data)
    Temperature                              0x20000154   Data           4  ms5611.o(.data)
    D1_Pres                                  0x20000158   Data           4  ms5611.o(.data)
    D2_Temp                                  0x2000015c   Data           4  ms5611.o(.data)
    dT                                       0x20000160   Data           4  ms5611.o(.data)
    Temperature2                             0x20000164   Data           4  ms5611.o(.data)
    Aux                                      0x20000168   Data           4  ms5611.o(.data)
    OFF2                                     0x2000016c   Data           4  ms5611.o(.data)
    SENS2                                    0x20000170   Data           4  ms5611.o(.data)
    zero_high                                0x20000174   Data           4  ms5611.o(.data)
    OFF                                      0x20000178   Data           8  ms5611.o(.data)
    SENS                                     0x20000180   Data           8  ms5611.o(.data)
    pxCurrentTCB                             0x20000188   Data           4  tasks.o(.data)
    uxTopUsedPriority                        0x200001b8   Data           4  tasks.o(.data)
    CmdQueue                                 0x2000020c   Data           4  mainflytask.o(.data)
    Usart1RxQueue                            0x2000021c   Data           4  usarttask.o(.data)
    Usart2RxQueue                            0x20000220   Data           4  usarttask.o(.data)
    Usart6RxQueue                            0x20000224   Data           4  usarttask.o(.data)
    Cal_C                                    0x20000230   Data          16  ms5611.o(.bss)
    xQueueRegistry                           0x20000240   Data          64  queue.o(.bss)
    __libspace_start                         0x20007b70   Data          96  libspace.o(.bss)
    __temporary_stack_top$libspace           0x20007bd0   Data           0  libspace.o(.bss)



==============================================================================

Memory Map of the image

  Image Entry point : 0x08000199

  Load Region LR_IROM1 (Base: 0x08000000, Size: 0x00006870, Max: 0x00040000, ABSOLUTE, COMPRESSED[0x0000669c])

    Execution Region ER_IROM1 (Base: 0x08000000, Size: 0x00006640, Max: 0x00040000, ABSOLUTE)

    Base Addr    Size         Type   Attr      Idx    E Section Name        Object

    0x08000000   0x00000198   Data   RO          637    RESET               startup_stm32f411xe.o
    0x08000198   0x00000008   Code   RO         5117  * !!!main             c_w.l(__main.o)
    0x080001a0   0x00000034   Code   RO         5511    !!!scatter          c_w.l(__scatter.o)
    0x080001d4   0x0000005a   Code   RO         5509    !!dczerorl2         c_w.l(__dczerorl2.o)
    0x0800022e   0x00000002   PAD
    0x08000230   0x0000001c   Code   RO         5513    !!handler_zi        c_w.l(__scatter_zi.o)
    0x0800024c   0x00000000   Code   RO         5102    .ARM.Collect$$_printf_percent$$00000000  c_w.l(_printf_percent.o)
    0x0800024c   0x00000006   Code   RO         5101    .ARM.Collect$$_printf_percent$$00000003  c_w.l(_printf_f.o)
    0x08000252   0x00000006   Code   RO         5100    .ARM.Collect$$_printf_percent$$00000009  c_w.l(_printf_d.o)
    0x08000258   0x00000006   Code   RO         5099    .ARM.Collect$$_printf_percent$$0000000C  c_w.l(_printf_x.o)
    0x0800025e   0x00000006   Code   RO         5098    .ARM.Collect$$_printf_percent$$00000013  c_w.l(_printf_c.o)
    0x08000264   0x00000004   Code   RO         5212    .ARM.Collect$$_printf_percent$$00000017  c_w.l(_printf_percent_end.o)
    0x08000268   0x00000002   Code   RO         5378    .ARM.Collect$$libinit$$00000000  c_w.l(libinit.o)
    0x0800026a   0x00000004   Code   RO         5379    .ARM.Collect$$libinit$$00000001  c_w.l(libinit2.o)
    0x0800026e   0x00000000   Code   RO         5382    .ARM.Collect$$libinit$$00000004  c_w.l(libinit2.o)
    0x0800026e   0x00000000   Code   RO         5385    .ARM.Collect$$libinit$$0000000A  c_w.l(libinit2.o)
    0x0800026e   0x00000000   Code   RO         5387    .ARM.Collect$$libinit$$0000000C  c_w.l(libinit2.o)
    0x0800026e   0x00000000   Code   RO         5389    .ARM.Collect$$libinit$$0000000E  c_w.l(libinit2.o)
    0x0800026e   0x00000006   Code   RO         5390    .ARM.Collect$$libinit$$0000000F  c_w.l(libinit2.o)
    0x08000274   0x00000000   Code   RO         5392    .ARM.Collect$$libinit$$00000011  c_w.l(libinit2.o)
    0x08000274   0x00000000   Code   RO         5394    .ARM.Collect$$libinit$$00000013  c_w.l(libinit2.o)
    0x08000274   0x00000000   Code   RO         5396    .ARM.Collect$$libinit$$00000015  c_w.l(libinit2.o)
    0x08000274   0x0000000a   Code   RO         5397    .ARM.Collect$$libinit$$00000016  c_w.l(libinit2.o)
    0x0800027e   0x00000000   Code   RO         5398    .ARM.Collect$$libinit$$00000017  c_w.l(libinit2.o)
    0x0800027e   0x00000000   Code   RO         5400    .ARM.Collect$$libinit$$00000019  c_w.l(libinit2.o)
    0x0800027e   0x00000000   Code   RO         5402    .ARM.Collect$$libinit$$0000001B  c_w.l(libinit2.o)
    0x0800027e   0x00000000   Code   RO         5404    .ARM.Collect$$libinit$$0000001D  c_w.l(libinit2.o)
    0x0800027e   0x00000000   Code   RO         5406    .ARM.Collect$$libinit$$0000001F  c_w.l(libinit2.o)
    0x0800027e   0x00000000   Code   RO         5408    .ARM.Collect$$libinit$$00000021  c_w.l(libinit2.o)
    0x0800027e   0x00000000   Code   RO         5410    .ARM.Collect$$libinit$$00000023  c_w.l(libinit2.o)
    0x0800027e   0x00000000   Code   RO         5412    .ARM.Collect$$libinit$$00000025  c_w.l(libinit2.o)
    0x0800027e   0x00000000   Code   RO         5416    .ARM.Collect$$libinit$$0000002C  c_w.l(libinit2.o)
    0x0800027e   0x00000000   Code   RO         5418    .ARM.Collect$$libinit$$0000002E  c_w.l(libinit2.o)
    0x0800027e   0x00000000   Code   RO         5420    .ARM.Collect$$libinit$$00000030  c_w.l(libinit2.o)
    0x0800027e   0x00000000   Code   RO         5422    .ARM.Collect$$libinit$$00000032  c_w.l(libinit2.o)
    0x0800027e   0x00000002   Code   RO         5423    .ARM.Collect$$libinit$$00000033  c_w.l(libinit2.o)
    0x08000280   0x00000002   Code   RO         5469    .ARM.Collect$$libshutdown$$00000000  c_w.l(libshutdown.o)
    0x08000282   0x00000000   Code   RO         5478    .ARM.Collect$$libshutdown$$00000002  c_w.l(libshutdown2.o)
    0x08000282   0x00000000   Code   RO         5480    .ARM.Collect$$libshutdown$$00000004  c_w.l(libshutdown2.o)
    0x08000282   0x00000000   Code   RO         5483    .ARM.Collect$$libshutdown$$00000007  c_w.l(libshutdown2.o)
    0x08000282   0x00000000   Code   RO         5486    .ARM.Collect$$libshutdown$$0000000A  c_w.l(libshutdown2.o)
    0x08000282   0x00000000   Code   RO         5488    .ARM.Collect$$libshutdown$$0000000C  c_w.l(libshutdown2.o)
    0x08000282   0x00000000   Code   RO         5491    .ARM.Collect$$libshutdown$$0000000F  c_w.l(libshutdown2.o)
    0x08000282   0x00000002   Code   RO         5492    .ARM.Collect$$libshutdown$$00000010  c_w.l(libshutdown2.o)
    0x08000284   0x00000000   Code   RO         5199    .ARM.Collect$$rtentry$$00000000  c_w.l(__rtentry.o)
    0x08000284   0x00000000   Code   RO         5284    .ARM.Collect$$rtentry$$00000002  c_w.l(__rtentry2.o)
    0x08000284   0x00000006   Code   RO         5296    .ARM.Collect$$rtentry$$00000004  c_w.l(__rtentry4.o)
    0x0800028a   0x00000000   Code   RO         5286    .ARM.Collect$$rtentry$$00000009  c_w.l(__rtentry2.o)
    0x0800028a   0x00000004   Code   RO         5287    .ARM.Collect$$rtentry$$0000000A  c_w.l(__rtentry2.o)
    0x0800028e   0x00000000   Code   RO         5289    .ARM.Collect$$rtentry$$0000000C  c_w.l(__rtentry2.o)
    0x0800028e   0x00000008   Code   RO         5290    .ARM.Collect$$rtentry$$0000000D  c_w.l(__rtentry2.o)
    0x08000296   0x00000002   Code   RO         5426    .ARM.Collect$$rtexit$$00000000  c_w.l(rtexit.o)
    0x08000298   0x00000000   Code   RO         5439    .ARM.Collect$$rtexit$$00000002  c_w.l(rtexit2.o)
    0x08000298   0x00000004   Code   RO         5440    .ARM.Collect$$rtexit$$00000003  c_w.l(rtexit2.o)
    0x0800029c   0x00000006   Code   RO         5441    .ARM.Collect$$rtexit$$00000004  c_w.l(rtexit2.o)
    0x080002a2   0x00000002   PAD
    0x080002a4   0x000000be   Code   RO         4770    .emb_text           port.o
    0x08000362   0x00000002   PAD
    0x08000364   0x00000040   Code   RO          638    .text               startup_stm32f411xe.o
    0x080003a4   0x00000002   Code   RO         5039    .text               c_w.l(use_no_semi_2.o)
    0x080003a6   0x00000002   PAD
    0x080003a8   0x00000018   Code   RO         5045    .text               c_w.l(noretval__2printf.o)
    0x080003c0   0x00000052   Code   RO         5053    .text               c_w.l(_printf_str.o)
    0x08000412   0x00000002   PAD
    0x08000414   0x00000078   Code   RO         5055    .text               c_w.l(_printf_dec.o)
    0x0800048c   0x00000058   Code   RO         5060    .text               c_w.l(_printf_hex_int.o)
    0x080004e4   0x00000160   Code   RO         5093    .text               c_w.l(__printf_ss_wp.o)
    0x08000644   0x0000008a   Code   RO         5105    .text               c_w.l(rt_memcpy_v6.o)
    0x080006ce   0x00000010   Code   RO         5109    .text               c_w.l(aeabi_memset.o)
    0x080006de   0x00000044   Code   RO         5111    .text               c_w.l(rt_memclr.o)
    0x08000722   0x0000004e   Code   RO         5113    .text               c_w.l(rt_memclr_w.o)
    0x08000770   0x00000006   Code   RO         5115    .text               c_w.l(heapauxi.o)
    0x08000776   0x00000002   Code   RO         5197    .text               c_w.l(use_no_semi.o)
    0x08000778   0x00000016   Code   RO         5202    .text               c_w.l(_rserrno.o)
    0x0800078e   0x000000b2   Code   RO         5204    .text               c_w.l(_printf_intcommon.o)
    0x08000840   0x0000041a   Code   RO         5206    .text               c_w.l(_printf_fp_dec.o)
    0x08000c5a   0x0000002c   Code   RO         5208    .text               c_w.l(_printf_char.o)
    0x08000c86   0x00000002   PAD
    0x08000c88   0x00000024   Code   RO         5210    .text               c_w.l(_printf_char_file.o)
    0x08000cac   0x00000064   Code   RO         5213    .text               c_w.l(rt_memcpy_w.o)
    0x08000d10   0x00000008   Code   RO         5305    .text               c_w.l(rt_locale_intlibspace.o)
    0x08000d18   0x00000008   Code   RO         5310    .text               c_w.l(rt_errno_addr_intlibspace.o)
    0x08000d20   0x0000008a   Code   RO         5312    .text               c_w.l(lludiv10.o)
    0x08000daa   0x00000002   PAD
    0x08000dac   0x00000030   Code   RO         5314    .text               c_w.l(_printf_char_common.o)
    0x08000ddc   0x00000080   Code   RO         5316    .text               c_w.l(_printf_fp_infnan.o)
    0x08000e5c   0x000000dc   Code   RO         5318    .text               c_w.l(bigflt0.o)
    0x08000f38   0x00000008   Code   RO         5343    .text               c_w.l(ferror.o)
    0x08000f40   0x00000008   Code   RO         5360    .text               c_w.l(libspace.o)
    0x08000f48   0x0000004a   Code   RO         5363    .text               c_w.l(sys_stackheap_outer.o)
    0x08000f92   0x00000012   Code   RO         5369    .text               c_w.l(exit.o)
    0x08000fa4   0x00000080   Code   RO         5371    .text               c_w.l(strcmpv7m.o)
    0x08001024   0x0000003e   Code   RO         5321    CL$$btod_d2e        c_w.l(btod.o)
    0x08001062   0x00000046   Code   RO         5323    CL$$btod_d2e_denorm_low  c_w.l(btod.o)
    0x080010a8   0x00000060   Code   RO         5322    CL$$btod_d2e_norm_op1  c_w.l(btod.o)
    0x08001108   0x00000338   Code   RO         5331    CL$$btod_div_common  c_w.l(btod.o)
    0x08001440   0x000000c6   Code   RO         5328    CL$$btod_e2e        c_w.l(btod.o)
    0x08001506   0x00000028   Code   RO         5325    CL$$btod_ediv       c_w.l(btod.o)
    0x0800152e   0x00000028   Code   RO         5324    CL$$btod_emul       c_w.l(btod.o)
    0x08001556   0x00000244   Code   RO         5330    CL$$btod_mult_common  c_w.l(btod.o)
    0x0800179a   0x00000026   Code   RO            4    i.AppTask           main.o
    0x080017c0   0x00000002   Code   RO          205    i.BusFault_Handler  stm32f4xx_it.o
    0x080017c2   0x00000002   Code   RO          206    i.DebugMon_Handler  stm32f4xx_it.o
    0x080017c4   0x0000000c   Code   RO         4908    i.Fly_PidTask       mainflytask.o
    0x080017d0   0x00000078   Code   RO          760    i.GPIO_Init         stm32f4xx_gpio.o
    0x08001848   0x00000020   Code   RO          761    i.GPIO_PinAFConfig  stm32f4xx_gpio.o
    0x08001868   0x00000004   Code   RO          767    i.GPIO_ResetBits    stm32f4xx_gpio.o
    0x0800186c   0x00000004   Code   RO          768    i.GPIO_SetBits      stm32f4xx_gpio.o
    0x08001870   0x00000024   Code   RO         4909    i.GflyTask          mainflytask.o
    0x08001894   0x00000002   Code   RO          207    i.HardFault_Handler  stm32f4xx_it.o
    0x08001896   0x00000002   PAD
    0x08001898   0x0000003c   Code   RO         2958    i.IIC_Ack           iic.o
    0x080018d4   0x00000008   Code   RO         2959    i.IIC_Delay         iic.o
    0x080018dc   0x00000034   Code   RO         2960    i.IIC_Init          iic.o
    0x08001910   0x0000003c   Code   RO         2961    i.IIC_NAck          iic.o
    0x0800194c   0x0000005c   Code   RO         2962    i.IIC_Read_Byte     iic.o
    0x080019a8   0x0000005c   Code   RO         2963    i.IIC_Send_Byte     iic.o
    0x08001a04   0x00000050   Code   RO         2964    i.IIC_Start         iic.o
    0x08001a54   0x00000040   Code   RO         2965    i.IIC_Stop          iic.o
    0x08001a94   0x00000050   Code   RO         2966    i.IIC_Wait_Ack      iic.o
    0x08001ae4   0x0000005c   Code   RO         2968    i.IICreadBytes      iic.o
    0x08001b40   0x00000028   Code   RO         2797    i.Led_Set           led.o
    0x08001b68   0x00000048   Code   RO         2798    i.Led_init          led.o
    0x08001bb0   0x00000078   Code   RO         3635    i.MS561101BA_DO_CONVERSION  ms5611.o
    0x08001c28   0x000001ec   Code   RO         3636    i.MS561101BA_GetPressure  ms5611.o
    0x08001e14   0x00000050   Code   RO         3637    i.MS561101BA_GetTemperature  ms5611.o
    0x08001e64   0x0000001a   Code   RO         3638    i.MS561101BA_Init   ms5611.o
    0x08001e7e   0x00000008   Code   RO         3639    i.MS561101BA_Reset  ms5611.o
    0x08001e86   0x00000002   PAD
    0x08001e88   0x000000d8   Code   RO         3640    i.MS561101BA_readPROM  ms5611.o
    0x08001f60   0x00000040   Code   RO         5004    i.MS5611Task        seniortask.o
    0x08001fa0   0x00000002   Code   RO          208    i.MemManage_Handler  stm32f4xx_it.o
    0x08001fa2   0x0000000c   Code   RO         5005    i.Mpu6050Task       seniortask.o
    0x08001fae   0x00000002   Code   RO          209    i.NMI_Handler       stm32f4xx_it.o
    0x08001fb0   0x00000064   Code   RO          645    i.NVIC_Init         misc.o
    0x08002014   0x00000014   Code   RO          646    i.NVIC_PriorityGroupConfig  misc.o
    0x08002028   0x00000018   Code   RO         1215    i.RCC_AHB1PeriphClockCmd  stm32f4xx_rcc.o
    0x08002040   0x00000018   Code   RO         1221    i.RCC_APB1PeriphClockCmd  stm32f4xx_rcc.o
    0x08002058   0x00000018   Code   RO         1224    i.RCC_APB2PeriphClockCmd  stm32f4xx_rcc.o
    0x08002070   0x00000090   Code   RO         1233    i.RCC_GetClocksFreq  stm32f4xx_rcc.o
    0x08002100   0x000000b0   Code   RO          271    i.SetSysClock       system_stm32f4xx.o
    0x080021b0   0x00000054   Code   RO         5006    i.Start_Senior_Task  seniortask.o
    0x08002204   0x000000a8   Code   RO         4943    i.Start_Usart_Task  usarttask.o
    0x080022ac   0x0000002c   Code   RO         4771    i.SysTick_Handler   port.o
    0x080022d8   0x0000005c   Code   RO          273    i.SystemInit        system_stm32f4xx.o
    0x08002334   0x00000002   Code   RO          210    i.TIM3_IRQHandler   stm32f4xx_it.o
    0x08002336   0x00000002   PAD
    0x08002338   0x00000050   Code   RO         4944    i.USART1_IRQHandler  usarttask.o
    0x08002388   0x000000b4   Code   RO         2690    i.USART1_init       usart.o
    0x0800243c   0x00000050   Code   RO         4945    i.USART2_IRQHandler  usarttask.o
    0x0800248c   0x000000b8   Code   RO         2691    i.USART2_init       usart.o
    0x08002544   0x00000054   Code   RO         4946    i.USART6_IRQHandler  usarttask.o
    0x08002598   0x000000b8   Code   RO         2692    i.USART6_init       usart.o
    0x08002650   0x00000006   Code   RO         2432    i.USART_ClearFlag   stm32f4xx_usart.o
    0x08002656   0x00000014   Code   RO         2436    i.USART_Cmd         stm32f4xx_usart.o
    0x0800266a   0x0000000e   Code   RO         2439    i.USART_GetFlagStatus  stm32f4xx_usart.o
    0x08002678   0x0000003e   Code   RO         2440    i.USART_GetITStatus  stm32f4xx_usart.o
    0x080026b6   0x00000030   Code   RO         2442    i.USART_ITConfig    stm32f4xx_usart.o
    0x080026e6   0x00000002   PAD
    0x080026e8   0x000000ac   Code   RO         2443    i.USART_Init        stm32f4xx_usart.o
    0x08002794   0x00000008   Code   RO         2450    i.USART_ReceiveData  stm32f4xx_usart.o
    0x0800279c   0x00000008   Code   RO         2453    i.USART_SendData    stm32f4xx_usart.o
    0x080027a4   0x00000002   Code   RO          211    i.UsageFault_Handler  stm32f4xx_it.o
    0x080027a6   0x00000002   PAD
    0x080027a8   0x00000094   Code   RO         4947    i.Usart1RecTask     usarttask.o
    0x0800283c   0x000000bc   Code   RO         4948    i.Usart2RecTask     usarttask.o
    0x080028f8   0x0000002c   Code   RO         4949    i.Usart6RecTask     usarttask.o
    0x08002924   0x00000030   Code   RO         5266    i.__ARM_fpclassify  m_wm.l(fpclassify.o)
    0x08002954   0x00000004   PAD
    0x08002958   0x00000c50   Code   RO         5183    i.__hardfp_pow      m_wm.l(pow.o)
    0x080035a8   0x000000f8   Code   RO         5268    i.__kernel_poly     m_wm.l(poly.o)
    0x080036a0   0x00000030   Code   RO         5246    i.__mathlib_dbl_divzero  m_wm.l(dunder.o)
    0x080036d0   0x00000014   Code   RO         5248    i.__mathlib_dbl_infnan2  m_wm.l(dunder.o)
    0x080036e4   0x00000004   PAD
    0x080036e8   0x00000020   Code   RO         5249    i.__mathlib_dbl_invalid  m_wm.l(dunder.o)
    0x08003708   0x00000020   Code   RO         5250    i.__mathlib_dbl_overflow  m_wm.l(dunder.o)
    0x08003728   0x00000020   Code   RO         5252    i.__mathlib_dbl_underflow  m_wm.l(dunder.o)
    0x08003748   0x0000000e   Code   RO         5088    i._is_digit         c_w.l(__printf_wp.o)
    0x08003756   0x00000002   Code   RO         2693    i._sys_exit         usart.o
    0x08003758   0x000000c4   Code   RO          324    i.basicDataPrash    gfly.o
    0x0800381c   0x000000d0   Code   RO         3643    i.caculate_High     ms5611.o
    0x080038ec   0x00000060   Code   RO         3644    i.calculateAltitude  ms5611.o
    0x0800394c   0x000000c0   Code   RO          326    i.cmdPrash          gfly.o
    0x08003a0c   0x00000020   Code   RO          328    i.dataEvenParity    gfly.o
    0x08003a2c   0x00000020   Code   RO          329    i.dataEvenParityRec  gfly.o
    0x08003a4c   0x0000001a   Code   RO          331    i.evenParity        gfly.o
    0x08003a66   0x00000018   Code   RO         5262    i.fabs              m_wm.l(fabs.o)
    0x08003a7e   0x00000002   PAD
    0x08003a80   0x00000018   Code   RO         2694    i.fputc             usart.o
    0x08003a98   0x00000060   Code   RO         3646    i.get_High          ms5611.o
    0x08003af8   0x00000030   Code   RO         3648    i.iic_send_cmd      ms5611.o
    0x08003b28   0x00000058   Code   RO            5    i.main              main.o
    0x08003b80   0x00000208   Code   RO          336    i.pidSendPrash      gfly.o
    0x08003d88   0x00000002   Code   RO          342    i.pressDataPrash    gfly.o
    0x08003d8a   0x00000002   PAD
    0x08003d8c   0x00000088   Code   RO         4266    i.prvAddCurrentTaskToDelayedList  tasks.o
    0x08003e14   0x000000f0   Code   RO         4267    i.prvAddNewTaskToReadyList  tasks.o
    0x08003f04   0x00000050   Code   RO         4614    i.prvCheckForValidListAndQueue  timers.o
    0x08003f54   0x00000026   Code   RO         3912    i.prvCopyDataFromQueue  queue.o
    0x08003f7a   0x0000006c   Code   RO         3913    i.prvCopyDataToQueue  queue.o
    0x08003fe6   0x00000014   Code   RO         4268    i.prvDeleteTCB      tasks.o
    0x08003ffa   0x00000002   PAD
    0x08003ffc   0x00000044   Code   RO         4847    i.prvHeapInit       heap_4.o
    0x08004040   0x0000005c   Code   RO         4269    i.prvIdleTask       tasks.o
    0x0800409c   0x000000a6   Code   RO         4270    i.prvInitialiseNewTask  tasks.o
    0x08004142   0x00000002   PAD
    0x08004144   0x0000004c   Code   RO         4848    i.prvInsertBlockIntoFreeList  heap_4.o
    0x08004190   0x00000038   Code   RO         4615    i.prvInsertTimerInActiveList  timers.o
    0x080041c8   0x0000001a   Code   RO         3914    i.prvIsQueueEmpty   queue.o
    0x080041e2   0x00000002   PAD
    0x080041e4   0x00000040   Code   RO         4616    i.prvProcessExpiredTimer  timers.o
    0x08004224   0x000000e4   Code   RO         4617    i.prvProcessReceivedCommands  timers.o
    0x08004308   0x0000006c   Code   RO         4618    i.prvProcessTimerOrBlockTask  timers.o
    0x08004374   0x00000028   Code   RO         4619    i.prvReloadTimer    timers.o
    0x0800439c   0x0000001c   Code   RO         4272    i.prvResetNextTaskUnblockTime  tasks.o
    0x080043b8   0x00000048   Code   RO         4620    i.prvSampleTimeNow  timers.o
    0x08004400   0x00000028   Code   RO         4772    i.prvTaskExitError  port.o
    0x08004428   0x00000028   Code   RO         4621    i.prvTimerTask      timers.o
    0x08004450   0x0000006a   Code   RO         3915    i.prvUnlockQueue    queue.o
    0x080044ba   0x00000002   PAD
    0x080044bc   0x000000c0   Code   RO         4850    i.pvPortMalloc      heap_4.o
    0x0800457c   0x0000002c   Code   RO         4773    i.pxPortInitialiseStack  port.o
    0x080045a8   0x00000030   Code   RO          346    i.sendAck           gfly.o
    0x080045d8   0x00000038   Code   RO          348    i.sendPacket        gfly.o
    0x08004610   0x00000138   Code   RO          351    i.settingDataPrash  gfly.o
    0x08004748   0x0000006e   Code   RO         5273    i.sqrt              m_wm.l(sqrt.o)
    0x080047b6   0x00000002   PAD
    0x080047b8   0x00000060   Code   RO         4910    i.start_Main_Fly_Task  mainflytask.o
    0x08004818   0x00000064   Code   RO          353    i.temperatureDataPrash  gfly.o
    0x0800487c   0x00000026   Code   RO         3872    i.uxListRemove      list.o
    0x080048a2   0x00000002   PAD
    0x080048a4   0x0000000c   Code   RO         4277    i.uxTaskGetNumberOfTasks  tasks.o
    0x080048b0   0x00000016   Code   RO         3873    i.vListInitialise   list.o
    0x080048c6   0x00000006   Code   RO         3874    i.vListInitialiseItem  list.o
    0x080048cc   0x00000030   Code   RO         3875    i.vListInsert       list.o
    0x080048fc   0x00000040   Code   RO         4775    i.vPortEnterCritical  port.o
    0x0800493c   0x00000028   Code   RO         4776    i.vPortExitCritical  port.o
    0x08004964   0x00000064   Code   RO         4851    i.vPortFree         heap_4.o
    0x080049c8   0x00000024   Code   RO         4777    i.vPortSetupTimerInterrupt  port.o
    0x080049ec   0x00000054   Code   RO         4778    i.vPortValidateInterruptPriority  port.o
    0x08004a40   0x0000004c   Code   RO         3921    i.vQueueAddToRegistry  queue.o
    0x08004a8c   0x00000044   Code   RO         3925    i.vQueueWaitForMessageRestricted  queue.o
    0x08004ad0   0x0000004c   Code   RO         4283    i.vTaskDelay        tasks.o
    0x08004b1c   0x00000010   Code   RO         4288    i.vTaskInternalSetTimeOutState  tasks.o
    0x08004b2c   0x0000000c   Code   RO         4289    i.vTaskMissedYield  tasks.o
    0x08004b38   0x00000030   Code   RO         4290    i.vTaskPlaceOnEventList  tasks.o
    0x08004b68   0x00000050   Code   RO         4291    i.vTaskPlaceOnEventListRestricted  tasks.o
    0x08004bb8   0x00000070   Code   RO         4299    i.vTaskStartScheduler  tasks.o
    0x08004c28   0x00000010   Code   RO         4301    i.vTaskSuspendAll   tasks.o
    0x08004c38   0x0000005c   Code   RO         4302    i.vTaskSwitchContext  tasks.o
    0x08004c94   0x000000f4   Code   RO         4779    i.xPortStartScheduler  port.o
    0x08004d88   0x0000005e   Code   RO         3928    i.xQueueGenericCreate  queue.o
    0x08004de6   0x00000002   PAD
    0x08004de8   0x000000b0   Code   RO         3929    i.xQueueGenericReset  queue.o
    0x08004e98   0x00000164   Code   RO         3930    i.xQueueGenericSend  queue.o
    0x08004ffc   0x000000da   Code   RO         3931    i.xQueueGenericSendFromISR  queue.o
    0x080050d6   0x00000002   PAD
    0x080050d8   0x00000138   Code   RO         3938    i.xQueueReceive     queue.o
    0x08005210   0x0000007c   Code   RO         4304    i.xTaskCheckForTimeOut  tasks.o
    0x0800528c   0x0000005c   Code   RO         4305    i.xTaskCreate       tasks.o
    0x080052e8   0x0000001c   Code   RO         4312    i.xTaskGetSchedulerState  tasks.o
    0x08005304   0x0000000c   Code   RO         4313    i.xTaskGetTickCount  tasks.o
    0x08005310   0x00000128   Code   RO         4315    i.xTaskIncrementTick  tasks.o
    0x08005438   0x000000b8   Code   RO         4316    i.xTaskPriorityDisinherit  tasks.o
    0x080054f0   0x000000dc   Code   RO         4318    i.xTaskRemoveFromEventList  tasks.o
    0x080055cc   0x00000128   Code   RO         4319    i.xTaskResumeAll    tasks.o
    0x080056f4   0x0000004c   Code   RO         4629    i.xTimerCreateTimerTask  timers.o
    0x08005740   0x0000002c   Code   RO         5348    locale$$code        c_w.l(lc_numeric_c.o)
    0x0800576c   0x00000018   Code   RO         5215    x$fpl$basic         fz_wm.l(basic.o)
    0x08005784   0x00000062   Code   RO         5119    x$fpl$d2f           fz_wm.l(d2f.o)
    0x080057e6   0x00000002   PAD
    0x080057e8   0x00000150   Code   RO         5121    x$fpl$dadd          fz_wm.l(daddsub_clz.o)
    0x08005938   0x00000010   Code   RO         5350    x$fpl$dcheck1       fz_wm.l(dcheck1.o)
    0x08005948   0x00000018   Code   RO         5352    x$fpl$dcmpinf       fz_wm.l(dcmpi.o)
    0x08005960   0x000002b0   Code   RO         5128    x$fpl$ddiv          fz_wm.l(ddiv.o)
    0x08005c10   0x0000002e   Code   RO         5132    x$fpl$dflt          fz_wm.l(dflt_clz.o)
    0x08005c3e   0x00000026   Code   RO         5131    x$fpl$dfltu         fz_wm.l(dflt_clz.o)
    0x08005c64   0x00000078   Code   RO         5354    x$fpl$dleqf         fz_wm.l(dleqf.o)
    0x08005cdc   0x00000154   Code   RO         5137    x$fpl$dmul          fz_wm.l(dmul.o)
    0x08005e30   0x0000009c   Code   RO         5219    x$fpl$dnaninf       fz_wm.l(dnaninf.o)
    0x08005ecc   0x0000000c   Code   RO         5221    x$fpl$dretinf       fz_wm.l(dretinf.o)
    0x08005ed8   0x0000006c   Code   RO         5223    x$fpl$drleqf        fz_wm.l(drleqf.o)
    0x08005f44   0x00000016   Code   RO         5122    x$fpl$drsb          fz_wm.l(daddsub_clz.o)
    0x08005f5a   0x00000002   PAD
    0x08005f5c   0x00000198   Code   RO         5356    x$fpl$dsqrt         fz_wm.l(dsqrt_umaal.o)
    0x080060f4   0x000001d4   Code   RO         5123    x$fpl$dsub          fz_wm.l(daddsub_clz.o)
    0x080062c8   0x00000056   Code   RO         5139    x$fpl$f2d           fz_wm.l(f2d.o)
    0x0800631e   0x0000008c   Code   RO         5225    x$fpl$fnaninf       fz_wm.l(fnaninf.o)
    0x080063aa   0x0000000a   Code   RO         5434    x$fpl$fpinit        fz_wm.l(fpinit.o)
    0x080063b4   0x0000000a   Code   RO         5227    x$fpl$fretinf       fz_wm.l(fretinf.o)
    0x080063be   0x00000004   Code   RO         5141    x$fpl$printf1       fz_wm.l(printf1.o)
    0x080063c2   0x00000064   Code   RO         5424    x$fpl$retnan        fz_wm.l(retnan.o)
    0x08006426   0x0000005c   Code   RO         5229    x$fpl$scalbn        fz_wm.l(scalbn.o)
    0x08006482   0x00000030   Code   RO         5436    x$fpl$trapveneer    fz_wm.l(trapv.o)
    0x080064b2   0x00000000   Code   RO         5231    x$fpl$usenofp       fz_wm.l(usenofp.o)
    0x080064b2   0x00000028   Data   RO         5061    .constdata          c_w.l(_printf_hex_int.o)
    0x080064da   0x00000006   PAD
    0x080064e0   0x00000088   Data   RO         5186    .constdata          m_wm.l(pow.o)
    0x08006568   0x00000008   Data   RO         5270    .constdata          m_wm.l(qnan.o)
    0x08006570   0x00000094   Data   RO         5319    .constdata          c_w.l(bigflt0.o)
    0x08006604   0x00000020   Data   RO         5507    Region$$Table       anon$$obj.o
    0x08006624   0x0000001c   Data   RO         5347    locale$$data        c_w.l(lc_numeric_c.o)


    Execution Region RW_IRAM1 (Base: 0x20000000, Size: 0x000081d0, Max: 0x00010000, ABSOLUTE, COMPRESSED[0x0000005c])

    Base Addr    Size         Type   Attr      Idx    E Section Name        Object

    0x20000000   0x00000004   Data   RW            6    .data               main.o
    0x20000004   0x00000014   Data   RW          274    .data               system_stm32f4xx.o
    0x20000018   0x00000120   Data   RW          362    .data               gfly.o
    0x20000138   0x00000010   Data   RW         1263    .data               stm32f4xx_rcc.o
    0x20000148   0x00000004   Data   RW         2698    .data               usart.o
    0x2000014c   0x00000004   PAD
    0x20000150   0x00000038   Data   RW         3651    .data               ms5611.o
    0x20000188   0x00000040   Data   RW         4322    .data               tasks.o
    0x200001c8   0x00000014   Data   RW         4637    .data               timers.o
    0x200001dc   0x0000000c   Data   RW         4780    .data               port.o
    0x200001e8   0x0000001c   Data   RW         4857    .data               heap_4.o
    0x20000204   0x0000000c   Data   RW         4911    .data               mainflytask.o
    0x20000210   0x00000018   Data   RW         4950    .data               usarttask.o
    0x20000228   0x00000008   Data   RW         5007    .data               seniortask.o
    0x20000230   0x00000010   Zero   RW         3650    .bss                ms5611.o
    0x20000240   0x00000040   Zero   RW         3942    .bss                queue.o
    0x20000280   0x000000c8   Zero   RW         4321    .bss                tasks.o
    0x20000348   0x00000028   Zero   RW         4636    .bss                timers.o
    0x20000370   0x00007800   Zero   RW         4856    .bss                heap_4.o
    0x20007b70   0x00000060   Zero   RW         5361    .bss                c_w.l(libspace.o)
    0x20007bd0   0x00000200   Zero   RW          636    HEAP                startup_stm32f411xe.o
    0x20007dd0   0x00000400   Zero   RW          635    STACK               startup_stm32f411xe.o


==============================================================================

Image component sizes


      Code (inc. data)   RO Data    RW Data    ZI Data      Debug   Object Name

         0          0          0          0          0      13148   event_groups.o
      1516        444          0        288          0      16487   gfly.o
       436         22          0         28      30720       5175   heap_4.o
       680         70          0          0          0       6642   iic.o
       112         10          0          0          0       1129   led.o
       114          0          0          0          0       2697   list.o
       126         16          0          4          0     256631   main.o
       144         42          0         12          0       1753   mainflytask.o
       120         14          0          0          0       1719   misc.o
      1390        346          0         56         16       7697   ms5611.o
       786         80          0         12          0      11181   port.o
      1578         20          0          0         64      16650   queue.o
       160         58          0          8          0       1760   seniortask.o
        64         26        408          0       1536        812   startup_stm32f411xe.o
       160          0          0          0          0       3135   stm32f4xx_gpio.o
        14          0          0          0          0       3239   stm32f4xx_it.o
       216         30          0         16          0       5043   stm32f4xx_rcc.o
       338          8          0          0          0       6687   stm32f4xx_usart.o
       268         36          0         20          0       1865   system_stm32f4xx.o
      2398        162          0         64        200      27819   tasks.o
       764         84          0         20         40      25190   timers.o
       574         32          0          4          0       5236   usart.o
       792        162          0         24          0       4623   usarttask.o

    ----------------------------------------------------------------------
     12778       1662        440        560      32576     426318   Object Totals
         0          0         32          0          0          0   (incl. Generated)
        28          0          0          4          0          0   (incl. Padding)

    ----------------------------------------------------------------------

      Code (inc. data)   RO Data    RW Data    ZI Data      Debug   Library Member Name

        90          0          0          0          0          0   __dczerorl2.o
         8          0          0          0          0         68   __main.o
       352          0          0          0          0         88   __printf_ss_wp.o
        14          0          0          0          0         68   __printf_wp.o
         0          0          0          0          0          0   __rtentry.o
        12          0          0          0          0          0   __rtentry2.o
         6          0          0          0          0          0   __rtentry4.o
        52          8          0          0          0          0   __scatter.o
        28          0          0          0          0          0   __scatter_zi.o
         6          0          0          0          0          0   _printf_c.o
        44          0          0          0          0        108   _printf_char.o
        48          6          0          0          0         96   _printf_char_common.o
        36          4          0          0          0         80   _printf_char_file.o
         6          0          0          0          0          0   _printf_d.o
       120         16          0          0          0         92   _printf_dec.o
         6          0          0          0          0          0   _printf_f.o
      1050          0          0          0          0        216   _printf_fp_dec.o
       128         16          0          0          0         84   _printf_fp_infnan.o
        88          4         40          0          0         88   _printf_hex_int.o
       178          0          0          0          0         88   _printf_intcommon.o
         0          0          0          0          0          0   _printf_percent.o
         4          0          0          0          0          0   _printf_percent_end.o
        82          0          0          0          0         80   _printf_str.o
         6          0          0          0          0          0   _printf_x.o
        22          0          0          0          0        100   _rserrno.o
        16          0          0          0          0         68   aeabi_memset.o
       220          4        148          0          0         96   bigflt0.o
      1910        128          0          0          0        672   btod.o
        18          0          0          0          0         80   exit.o
         8          0          0          0          0         68   ferror.o
         6          0          0          0          0        152   heapauxi.o
        44         10         28          0          0         76   lc_numeric_c.o
         2          0          0          0          0          0   libinit.o
        22          0          0          0          0          0   libinit2.o
         2          0          0          0          0          0   libshutdown.o
         2          0          0          0          0          0   libshutdown2.o
         8          4          0          0         96         68   libspace.o
       138          0          0          0          0         80   lludiv10.o
        24          4          0          0          0         84   noretval__2printf.o
         8          4          0          0          0         68   rt_errno_addr_intlibspace.o
         8          4          0          0          0         68   rt_locale_intlibspace.o
        68          0          0          0          0         68   rt_memclr.o
        78          0          0          0          0         80   rt_memclr_w.o
       138          0          0          0          0         68   rt_memcpy_v6.o
       100          0          0          0          0         80   rt_memcpy_w.o
         2          0          0          0          0          0   rtexit.o
        10          0          0          0          0          0   rtexit2.o
       128          0          0          0          0         68   strcmpv7m.o
        74          0          0          0          0         80   sys_stackheap_outer.o
         2          0          0          0          0         68   use_no_semi.o
         2          0          0          0          0         68   use_no_semi_2.o
        24          0          0          0          0        164   basic.o
        98          4          0          0          0        140   d2f.o
       826         16          0          0          0        492   daddsub_clz.o
        16          4          0          0          0        116   dcheck1.o
        24          0          0          0          0        116   dcmpi.o
       688        140          0          0          0        256   ddiv.o
        84          0          0          0          0        232   dflt_clz.o
       120          4          0          0          0        140   dleqf.o
       340         12          0          0          0        152   dmul.o
       156          4          0          0          0        140   dnaninf.o
        12          0          0          0          0        116   dretinf.o
       108          0          0          0          0        128   drleqf.o
       408         56          0          0          0        168   dsqrt_umaal.o
        86          4          0          0          0        132   f2d.o
       140          4          0          0          0        132   fnaninf.o
        10          0          0          0          0        116   fpinit.o
        10          0          0          0          0        116   fretinf.o
         4          0          0          0          0        116   printf1.o
       100          0          0          0          0        116   retnan.o
        92          0          0          0          0        116   scalbn.o
        48          0          0          0          0        116   trapv.o
         0          0          0          0          0          0   usenofp.o
       164         44          0          0          0        620   dunder.o
        24          0          0          0          0        124   fabs.o
        48          0          0          0          0        124   fpclassify.o
       248          0          0          0          0        152   poly.o
      3152        296        136          0          0        352   pow.o
         0          0          8          0          0          0   qnan.o
       110          0          0          0          0        148   sqrt.o

    ----------------------------------------------------------------------
     12592        800        366          0         96       8256   Library Totals
        28          0          6          0          0          0   (incl. Padding)

    ----------------------------------------------------------------------

      Code (inc. data)   RO Data    RW Data    ZI Data      Debug   Library Name

      5424        212        216          0         96       3416   c_w.l
      3394        248          0          0          0       3320   fz_wm.l
      3746        340        144          0          0       1520   m_wm.l

    ----------------------------------------------------------------------
     12592        800        366          0         96       8256   Library Totals

    ----------------------------------------------------------------------

==============================================================================


      Code (inc. data)   RO Data    RW Data    ZI Data      Debug   

     25370       2462        806        560      32672     416250   Grand Totals
     25370       2462        806         92      32672     416250   ELF Image Totals (compressed)
     25370       2462        806         92          0          0   ROM Totals

==============================================================================

    Total RO  Size (Code + RO Data)                26176 (  25.56kB)
    Total RW  Size (RW Data + ZI Data)             33232 (  32.45kB)
    Total ROM Size (Code + RO Data + RW Data)      26268 (  25.65kB)

==============================================================================

